Component: ARM Compiler 5.06 update 6 (build 750) Tool: armlink [4d35ed]

==============================================================================

Section Cross References

    main.o(i.DFT) refers to dflt_clz.o(x$fpl$dflt) for __aeabi_i2d
    main.o(i.DFT) refers to ddiv.o(x$fpl$ddiv) for __aeabi_ddiv
    main.o(i.DFT) refers to f2d.o(x$fpl$f2d) for __aeabi_f2d
    main.o(i.DFT) refers to dmul.o(x$fpl$dmul) for __aeabi_dmul
    main.o(i.DFT) refers to cos.o(i.__hardfp_cos) for __hardfp_cos
    main.o(i.DFT) refers to daddsub_clz.o(x$fpl$drsb) for __aeabi_drsub
    main.o(i.DFT) refers to daddsub_clz.o(x$fpl$dadd) for __aeabi_dadd
    main.o(i.DFT) refers to sin.o(i.__hardfp_sin) for __hardfp_sin
    main.o(i.DFT) refers to pow.o(i.__hardfp_pow) for __hardfp_pow
    main.o(i.DFT) refers to sqrt.o(i.__hardfp_sqrt) for __hardfp_sqrt
    main.o(i.DFT) refers to dfix.o(x$fpl$dfix) for __aeabi_d2iz
    main.o(i.SysTickInit) refers to system_stm32l4xx.o(.data) for SystemCoreClock
    main.o(i.SysTick_Handler) refers to fifo.o(i.FifoPut) for FifoPut
    main.o(i.SysTick_Handler) refers to main.o(.bss) for data
    main.o(i.SysTick_Handler) refers to main.o(.data) for dIndex
    main.o(i.main) refers to _printf_percent.o(.ARM.Collect$$_printf_percent$$00000000) for _printf_percent
    main.o(i.main) refers to _printf_d.o(.ARM.Collect$$_printf_percent$$00000009) for _printf_d
    main.o(i.main) refers to _printf_dec.o(.text) for _printf_int_dec
    main.o(i.main) refers to fifo.o(i.FifoInit) for FifoInit
    main.o(i.main) refers to main.o(i.clock32MHz) for clock32MHz
    main.o(i.main) refers to system_stm32l4xx.o(i.SystemCoreClockUpdate) for SystemCoreClockUpdate
    main.o(i.main) refers to i2c1.o(i.I2C1Init) for I2C1Init
    main.o(i.main) refers to fifo.o(i.FifoGet) for FifoGet
    main.o(i.main) refers to uart2.o(i.UartTransmit) for UartTransmit
    main.o(i.main) refers to main.o(i.DFT) for DFT
    main.o(i.main) refers to noretval__2sprintf.o(.text) for __2sprintf
    main.o(i.main) refers to strlen.o(.text) for strlen
    main.o(i.main) refers to main.o(.data) for dIndex
    main.o(i.main) refers to main.o(.bss) for data
    main.o(i.main) refers to main.o(.constdata) for freTestp
    uart2.o(i.USART2_IRQHandler) refers to fifo.o(i.FifoGet) for FifoGet
    uart2.o(i.USART2_IRQHandler) refers to uart2.o(.bss) for TX
    uart2.o(i.Uart2Init) refers to fifo.o(i.FifoInit) for FifoInit
    uart2.o(i.Uart2Init) refers to uart2.o(.bss) for TX
    uart2.o(i.Uart2Init) refers to system_stm32l4xx.o(.data) for SystemCoreClock
    uart2.o(i.UartTransmit) refers to fifo.o(i.FifoPut) for FifoPut
    uart2.o(i.UartTransmit) refers to uart2.o(.bss) for TX
    startup_stm32l432xx.o(STACK) refers (Special) to heapauxi.o(.text) for __use_two_region_memory
    startup_stm32l432xx.o(HEAP) refers (Special) to heapauxi.o(.text) for __use_two_region_memory
    startup_stm32l432xx.o(RESET) refers (Special) to heapauxi.o(.text) for __use_two_region_memory
    startup_stm32l432xx.o(RESET) refers to startup_stm32l432xx.o(STACK) for __initial_sp
    startup_stm32l432xx.o(RESET) refers to startup_stm32l432xx.o(.text) for Reset_Handler
    startup_stm32l432xx.o(RESET) refers to main.o(i.SysTick_Handler) for SysTick_Handler
    startup_stm32l432xx.o(RESET) refers to uart2.o(i.USART2_IRQHandler) for USART2_IRQHandler
    startup_stm32l432xx.o(.text) refers (Special) to heapauxi.o(.text) for __use_two_region_memory
    startup_stm32l432xx.o(.text) refers to system_stm32l4xx.o(i.SystemInit) for SystemInit
    startup_stm32l432xx.o(.text) refers to __main.o(!!!main) for __main
    startup_stm32l432xx.o(.text) refers to startup_stm32l432xx.o(HEAP) for Heap_Mem
    startup_stm32l432xx.o(.text) refers to startup_stm32l432xx.o(STACK) for Stack_Mem
    system_stm32l4xx.o(i.SystemCoreClockUpdate) refers to system_stm32l4xx.o(.constdata) for MSIRangeTable
    system_stm32l4xx.o(i.SystemCoreClockUpdate) refers to system_stm32l4xx.o(.data) for SystemCoreClock
    __2sprintf.o(.text) refers to _printf_char_common.o(.text) for _printf_char_common
    __2sprintf.o(.text) refers to _sputc.o(.text) for _sputc
    noretval__2sprintf.o(.text) refers to _printf_char_common.o(.text) for _printf_char_common
    noretval__2sprintf.o(.text) refers to _sputc.o(.text) for _sputc
    __printf.o(.text) refers to _printf_percent.o(.ARM.Collect$$_printf_percent$$00000000) for _printf_percent
    _printf_dec.o(.text) refers to _printf_intcommon.o(.text) for _printf_int_common
    __printf_flags.o(.text) refers to _printf_percent.o(.ARM.Collect$$_printf_percent$$00000000) for _printf_percent
    __printf_flags.o(.text) refers to __printf_flags.o(.constdata) for .constdata
    __printf_ss.o(.text) refers to _printf_percent.o(.ARM.Collect$$_printf_percent$$00000000) for _printf_percent
    __printf_flags_ss.o(.text) refers to _printf_percent.o(.ARM.Collect$$_printf_percent$$00000000) for _printf_percent
[...]
    rred.o(i.__ieee754_rem_pio2) refers to dflt_clz.o(x$fpl$dfltu) for __aeabi_ui2d
    rred.o(i.__ieee754_rem_pio2) refers to rred.o(.constdata) for .constdata
    rred.o(i.__use_accurate_range_reduction) refers (Special) to usenofp.o(x$fpl$usenofp) for __I$use$fp
    rred.o(.constdata) refers (Special) to usenofp.o(x$fpl$usenofp) for __I$use$fp
    sin_i.o(i.__kernel_sin) refers (Special) to usenofp.o(x$fpl$usenofp) for __I$use$fp
    sin_i.o(i.__kernel_sin) refers to fpclassify.o(i.__ARM_fpclassify) for __ARM_fpclassify
    sin_i.o(i.__kernel_sin) refers to dunder.o(i.__mathlib_dbl_underflow) for __mathlib_dbl_underflow
    sin_i.o(i.__kernel_sin) refers to dmul.o(x$fpl$dmul) for __aeabi_dmul
    sin_i.o(i.__kernel_sin) refers to poly.o(i.__kernel_poly) for __kernel_poly
    sin_i.o(i.__kernel_sin) refers to daddsub_clz.o(x$fpl$dsub) for __aeabi_dsub
    sin_i.o(i.__kernel_sin) refers to daddsub_clz.o(x$fpl$drsb) for __aeabi_drsub
    sin_i.o(i.__kernel_sin) refers to daddsub_clz.o(x$fpl$dadd) for __aeabi_dadd
    sin_i.o(i.__kernel_sin) refers to sin_i.o(.constdata) for .constdata
    sin_i.o(.constdata) refers (Special) to usenofp.o(x$fpl$usenofp) for __I$use$fp
    sin_i_x.o(i.____kernel_sin$lsc) refers (Special) to usenofp.o(x$fpl$usenofp) for __I$use$fp
    sin_i_x.o(i.____kernel_sin$lsc) refers to dmul.o(x$fpl$dmul) for __aeabi_dmul
    sin_i_x.o(i.____kernel_sin$lsc) refers to poly.o(i.__kernel_poly) for __kernel_poly
    sin_i_x.o(i.____kernel_sin$lsc) refers to daddsub_clz.o(x$fpl$dsub) for __aeabi_dsub
    sin_i_x.o(i.____kernel_sin$lsc) refers to daddsub_clz.o(x$fpl$drsb) for __aeabi_drsub
    sin_i_x.o(i.____kernel_sin$lsc) refers to daddsub_clz.o(x$fpl$dadd) for __aeabi_dadd
    sin_i_x.o(i.____kernel_sin$lsc) refers to sin_i_x.o(.constdata) for .constdata
    sin_i_x.o(.constdata) refers (Special) to usenofp.o(x$fpl$usenofp) for __I$use$fp
    __rtentry2.o(.ARM.Collect$$rtentry$$00000008) refers to boardinit2.o(.text) for _platform_post_stackheap_init
    __rtentry2.o(.ARM.Collect$$rtentry$$0000000A) refers to libinit.o(.ARM.Collect$$libinit$$00000000) for __rt_lib_init
    __rtentry2.o(.ARM.Collect$$rtentry$$0000000B) refers to boardinit3.o(.text) for _platform_post_lib_init
    __rtentry2.o(.ARM.Collect$$rtentry$$0000000D) refers to main.o(i.main) for main
    __rtentry2.o(.ARM.Collect$$rtentry$$0000000D) refers to exit.o(.text) for exit
    __rtentry2.o(.ARM.exidx) refers to __rtentry2.o(.ARM.Collect$$rtentry$$00000001) for .ARM.Collect$$rtentry$$00000001
    __rtentry2.o(.ARM.exidx) refers to __rtentry2.o(.ARM.Collect$$rtentry$$00000008) for .ARM.Collect$$rtentry$$00000008
    __rtentry2.o(.ARM.exidx) refers to __rtentry2.o(.ARM.Collect$$rtentry$$0000000A) for .ARM.Collect$$rtentry$$0000000A
    __rtentry2.o(.ARM.exidx) refers to __rtentry2.o(.ARM.Collect$$rtentry$$0000000B) for .ARM.Collect$$rtentry$$0000000B
    __rtentry2.o(.ARM.exidx) refers to __rtentry2.o(.ARM.Collect$$rtentry$$0000000D) for .ARM.Collect$$rtentry$$0000000D
    __rtentry4.o(.ARM.Collect$$rtentry$$00000004) refers to sys_stackheap_outer.o(.text) for __user_setup_stackheap
    __rtentry4.o(.ARM.exidx) refers to __rtentry4.o(.ARM.Collect$$rtentry$$00000004) for .ARM.Collect$$rtentry$$00000004
    rt_errno_addr.o(.text) refers to rt_errno_addr.o(.bss) for __aeabi_errno_addr_data
    rt_errno_addr_intlibspace.o(.text) refers to libspace.o(.bss) for __libspace_start
    dcheck1.o(x$fpl$dcheck1) refers (Special) to usenofp.o(x$fpl$usenofp) for __I$use$fp
    dcheck1.o(x$fpl$dcheck1) refers to retnan.o(x$fpl$retnan) for __fpl_return_NaN
    dcmpi.o(x$fpl$dcmpinf) refers (Special) to usenofp.o(x$fpl$usenofp) for __I$use$fp
    libspace.o(.text) refers to libspace.o(.bss) for __libspace_start
    sys_stackheap_outer.o(.text) refers to libspace.o(.text) for __user_perproc_libspace
    sys_stackheap_outer.o(.text) refers to startup_stm32l432xx.o(.text) for __user_initial_stackheap
    exit.o(.text) refers to rtexit.o(.ARM.Collect$$rtexit$$00000000) for __rt_exit
    libinit.o(.ARM.Collect$$libinit$$00000000) refers (Special) to libinit2.o(.ARM.Collect$$libinit$$0000002E) for __rt_lib_init_alloca_1
    libinit.o(.ARM.Collect$$libinit$$00000000) refers (Special) to libinit2.o(.ARM.Collect$$libinit$$0000002C) for __rt_lib_init_argv_1
    libinit.o(.ARM.Collect$$libinit$$00000000) refers (Special) to libinit2.o(.ARM.Collect$$libinit$$0000001B) for __rt_lib_init_atexit_1
    libinit.o(.ARM.Collect$$libinit$$00000000) refers (Special) to libinit2.o(.ARM.Collect$$libinit$$00000021) for __rt_lib_init_clock_1
    libinit.o(.ARM.Collect$$libinit$$00000000) refers (Special) to libinit2.o(.ARM.Collect$$libinit$$00000032) for __rt_lib_init_cpp_1
    libinit.o(.ARM.Collect$$libinit$$00000000) refers (Special) to libinit2.o(.ARM.Collect$$libinit$$00000030) for __rt_lib_init_exceptions_1
    libinit.o(.ARM.Collect$$libinit$$00000000) refers (Special) to libinit2.o(.ARM.Collect$$libinit$$00000001) for __rt_lib_init_fp_1
    libinit.o(.ARM.Collect$$libinit$$00000000) refers (Special) to libinit2.o(.ARM.Collect$$libinit$$0000001F) for __rt_lib_init_fp_trap_1
    libinit.o(.ARM.Collect$$libinit$$00000000) refers (Special) to libinit2.o(.ARM.Collect$$libinit$$00000023) for __rt_lib_init_getenv_1
    libinit.o(.ARM.Collect$$libinit$$00000000) refers (Special) to libinit2.o(.ARM.Collect$$libinit$$0000000A) for __rt_lib_init_heap_1
    libinit.o(.ARM.Collect$$libinit$$00000000) refers (Special) to libinit2.o(.ARM.Collect$$libinit$$00000011) for __rt_lib_init_lc_collate_1
    libinit.o(.ARM.Collect$$libinit$$00000000) refers (Special) to libinit2.o(.ARM.Collect$$libinit$$00000013) for __rt_lib_init_lc_ctype_1
    libinit.o(.ARM.Collect$$libinit$$00000000) refers (Special) to libinit2.o(.ARM.Collect$$libinit$$00000015) for __rt_lib_init_lc_monetary_1
    libinit.o(.ARM.Collect$$libinit$$00000000) refers (Special) to libinit2.o(.ARM.Collect$$libinit$$00000017) for __rt_lib_init_lc_numeric_1
    libinit.o(.ARM.Collect$$libinit$$00000000) refers (Special) to libinit2.o(.ARM.Collect$$libinit$$00000019) for __rt_lib_init_lc_time_1
    libinit.o(.ARM.Collect$$libinit$$00000000) refers (Special) to libinit2.o(.ARM.Collect$$libinit$$00000004) for __rt_lib_init_preinit_1
    libinit.o(.ARM.Collect$$libinit$$00000000) refers (Special) to libinit2.o(.ARM.Collect$$libinit$$0000000E) for __rt_lib_init_rand_1
    libinit.o(.ARM.Collect$$libinit$$00000000) refers (Special) to libinit2.o(.ARM.Collect$$libinit$$00000033) for __rt_lib_init_return
    libinit.o(.ARM.Collect$$libinit$$00000000) refers (Special) to libinit2.o(.ARM.Collect$$libinit$$0000001D) for __rt_lib_init_signal_1
    libinit.o(.ARM.Collect$$libinit$$00000000) refers (Special) to libinit2.o(.ARM.Collect$$libinit$$00000025) for __rt_lib_init_stdio_1
    libinit.o(.ARM.Collect$$libinit$$00000000) refers (Special) to libinit2.o(.ARM.Collect$$libinit$$0000000C) for __rt_lib_init_user_alloc_1
    retnan.o(x$fpl$retnan) refers (Special) to usenofp.o(x$fpl$usenofp) for __I$use$fp
    retnan.o(x$fpl$retnan) refers to trapv.o(x$fpl$trapveneer) for __fpl_cmpreturn
    rtexit.o(.ARM.Collect$$rtexit$$00000000) refers (Special) to rtexit2.o(.ARM.Collect$$rtexit$$00000004) for __rt_exit_exit
    rtexit.o(.ARM.Collect$$rtexit$$00000000) refers (Special) to rtexit2.o(.ARM.Collect$$rtexit$$00000003) for __rt_exit_ls
    rtexit.o(.ARM.Collect$$rtexit$$00000000) refers (Special) to rtexit2.o(.ARM.Collect$$rtexit$$00000002) for __rt_exit_prels_1
    rtexit.o(.ARM.exidx) refers (Special) to rtexit2.o(.ARM.Collect$$rtexit$$00000004) for __rt_exit_exit
    rtexit.o(.ARM.exidx) refers (Special) to rtexit2.o(.ARM.Collect$$rtexit$$00000003) for __rt_exit_ls
    rtexit.o(.ARM.exidx) refers (Special) to rtexit2.o(.ARM.Collect$$rtexit$$00000002) for __rt_exit_prels_1
    rtexit.o(.ARM.exidx) refers to rtexit.o(.ARM.Collect$$rtexit$$00000000) for .ARM.Collect$$rtexit$$00000000
    libinit2.o(.ARM.Collect$$libinit$$00000001) refers to fpinit.o(x$fpl$fpinit) for _fp_init
    libinit2.o(.ARM.Collect$$libinit$$00000010) refers to libinit2.o(.ARM.Collect$$libinit$$0000000F) for .ARM.Collect$$libinit$$0000000F
    libinit2.o(.ARM.Collect$$libinit$$00000012) refers to libinit2.o(.ARM.Collect$$libinit$$0000000F) for .ARM.Collect$$libinit$$0000000F
    libinit2.o(.ARM.Collect$$libinit$$00000014) refers to libinit2.o(.ARM.Collect$$libinit$$0000000F) for .ARM.Collect$$libinit$$0000000F
    libinit2.o(.ARM.Collect$$libinit$$00000016) refers to libinit2.o(.ARM.Collect$$libinit$$0000000F) for .ARM.Collect$$libinit$$0000000F
    libinit2.o(.ARM.Collect$$libinit$$00000018) refers to libinit2.o(.ARM.Collect$$libinit$$0000000F) for .ARM.Collect$$libinit$$0000000F
    libinit2.o(.ARM.Collect$$libinit$$00000026) refers to argv_veneer.o(.emb_text) for __ARM_argv_veneer
    libinit2.o(.ARM.Collect$$libinit$$00000027) refers to argv_veneer.o(.emb_text) for __ARM_argv_veneer
    trapv.o(x$fpl$trapveneer) refers (Special) to usenofp.o(x$fpl$usenofp) for __I$use$fp
    rtexit2.o(.ARM.Collect$$rtexit$$00000003) refers to libshutdown.o(.ARM.Collect$$libshutdown$$00000000) for __rt_lib_shutdown
    rtexit2.o(.ARM.Collect$$rtexit$$00000004) refers to sys_exit.o(.text) for _sys_exit
    rtexit2.o(.ARM.exidx) refers to rtexit2.o(.ARM.Collect$$rtexit$$00000001) for .ARM.Collect$$rtexit$$00000001
    rtexit2.o(.ARM.exidx) refers to rtexit2.o(.ARM.Collect$$rtexit$$00000003) for .ARM.Collect$$rtexit$$00000003
    rtexit2.o(.ARM.exidx) refers to rtexit2.o(.ARM.Collect$$rtexit$$00000004) for .ARM.Collect$$rtexit$$00000004
    argv_veneer.o(.emb_text) refers to no_argv.o(.text) for __ARM_get_argv
    sys_exit.o(.text) refers (Special) to use_no_semi.o(.text) for __I$use$semihosting
    sys_exit.o(.text) refers (Special) to indicate_semi.o(.text) for __semihosting_library_function
    _get_argv_nomalloc.o(.text) refers (Special) to hrguard.o(.text) for __heap_region$guard
    _get_argv_nomalloc.o(.text) refers to defsig_rtmem_outer.o(.text) for __rt_SIGRTMEM
    _get_argv_nomalloc.o(.text) refers to sys_command.o(.text) for _sys_command_string
    libshutdown.o(.ARM.Collect$$libshutdown$$00000000) refers (Special) to libshutdown2.o(.ARM.Collect$$libshutdown$$00000002) for __rt_lib_shutdown_cpp_1
    libshutdown.o(.ARM.Collect$$libshutdown$$00000000) refers (Special) to libshutdown2.o(.ARM.Collect$$libshutdown$$00000007) for __rt_lib_shutdown_fp_trap_1
    libshutdown.o(.ARM.Collect$$libshutdown$$00000000) refers (Special) to libshutdown2.o(.ARM.Collect$$libshutdown$$0000000F) for __rt_lib_shutdown_heap_1
    libshutdown.o(.ARM.Collect$$libshutdown$$00000000) refers (Special) to libshutdown2.o(.ARM.Collect$$libshutdown$$00000010) for __rt_lib_shutdown_return
    libshutdown.o(.ARM.Collect$$libshutdown$$00000000) refers (Special) to libshutdown2.o(.ARM.Collect$$libshutdown$$0000000A) for __rt_lib_shutdown_signal_1
    libshutdown.o(.ARM.Collect$$libshutdown$$00000000) refers (Special) to libshutdown2.o(.ARM.Collect$$libshutdown$$00000004) for __rt_lib_shutdown_stdio_1
    libshutdown.o(.ARM.Collect$$libshutdown$$00000000) refers (Special) to libshutdown2.o(.ARM.Collect$$libshutdown$$0000000C) for __rt_lib_shutdown_user_alloc_1
    sys_command.o(.text) refers (Special) to use_no_semi.o(.text) for __I$use$semihosting
    sys_command.o(.text) refers (Special) to indicate_semi.o(.text) for __semihosting_library_function
    defsig_rtmem_outer.o(.text) refers to defsig_rtmem_inner.o(.text) for __rt_SIGRTMEM_inner
    defsig_rtmem_outer.o(.text) refers to defsig_exit.o(.text) for __sig_exit
    defsig_rtmem_formal.o(.text) refers to rt_raise.o(.text) for __rt_raise
    rt_raise.o(.text) refers to __raise.o(.text) for __raise
    rt_raise.o(.text) refers to sys_exit.o(.text) for _sys_exit
    defsig_exit.o(.text) refers to sys_exit.o(.text) for _sys_exit
    defsig_rtmem_inner.o(.text) refers to defsig_general.o(.text) for __default_signal_display
    __raise.o(.text) refers to defsig.o(CL$$defsig) for __default_signal_handler
    defsig_general.o(.text) refers to sys_wrch.o(.text) for _ttywrch
    sys_wrch.o(.text) refers (Special) to use_no_semi.o(.text) for __I$use$semihosting
    sys_wrch.o(.text) refers (Special) to indicate_semi.o(.text) for __semihosting_library_function
    defsig.o(CL$$defsig) refers to defsig_rtmem_inner.o(.text) for __rt_SIGRTMEM_inner
    defsig_abrt_inner.o(.text) refers to defsig_general.o(.text) for __default_signal_display
    defsig_fpe_inner.o(.text) refers to defsig_general.o(.text) for __default_signal_display
    defsig_rtred_inner.o(.text) refers to defsig_general.o(.text) for __default_signal_display
    defsig_stak_inner.o(.text) refers to defsig_general.o(.text) for __default_signal_display
    defsig_pvfn_inner.o(.text) refers to defsig_general.o(.text) for __default_signal_display
    defsig_cppl_inner.o(.text) refers to defsig_general.o(.text) for __default_signal_display
    defsig_segv_inner.o(.text) refers to defsig_general.o(.text) for __default_signal_display
    defsig_other.o(.text) refers to defsig_general.o(.text) for __default_signal_display


==============================================================================

Removing Unused input sections from the image.

    Removing main.o(.rev16_text), (4 bytes).
    Removing main.o(.revsh_text), (4 bytes).
    Removing main.o(.rrx_text), (6 bytes).
    Removing main.o(i.ADCInit), (224 bytes).
    Removing main.o(i.SysTickInit), (116 bytes).
    Removing uart2.o(.rev16_text), (4 bytes).
    Removing uart2.o(.revsh_text), (4 bytes).
    Removing uart2.o(.rrx_text), (6 bytes).
    Removing uart2.o(i.Uart2Init), (212 bytes).
    Removing i2c1.o(.rev16_text), (4 bytes).
    Removing i2c1.o(.revsh_text), (4 bytes).
    Removing i2c1.o(.rrx_text), (6 bytes).
    Removing system_stm32l4xx.o(.rev16_text), (4 bytes).
    Removing system_stm32l4xx.o(.revsh_text), (4 bytes).
    Removing system_stm32l4xx.o(.rrx_text), (6 bytes).

15 unused section(s) (total 608 bytes) removed from the image.

==============================================================================

Image Symbol Table

    Local Symbols

    Symbol Name                              Value     Ov Type        Size  Object(Section)

    ../clib/angel/boardlib.s                 0x00000000   Number         0  boardinit3.o ABSOLUTE
    ../clib/angel/boardlib.s                 0x00000000   Number         0  boardshut.o ABSOLUTE
    ../clib/angel/boardlib.s                 0x00000000   Number         0  boardinit1.o ABSOLUTE
    ../clib/angel/boardlib.s                 0x00000000   Number         0  boardinit2.o ABSOLUTE
    ../clib/angel/handlers.s                 0x00000000   Number         0  __scatter_zi.o ABSOLUTE
    ../clib/angel/handlers.s                 0x00000000   Number         0  __scatter_copy.o ABSOLUTE
    ../clib/angel/kernel.s                   0x00000000   Number         0  __rtentry.o ABSOLUTE
    ../clib/angel/kernel.s                   0x00000000   Number         0  rtexit.o ABSOLUTE
    ../clib/angel/kernel.s                   0x00000000   Number         0  __rtentry2.o ABSOLUTE
    ../clib/angel/kernel.s                   0x00000000   Number         0  rtexit2.o ABSOLUTE
    ../clib/angel/kernel.s                   0x00000000   Number         0  __rtentry4.o ABSOLUTE
    ../clib/angel/rt.s                       0x00000000   Number         0  rt_errno_addr_intlibspace.o ABSOLUTE
    ../clib/angel/rt.s                       0x00000000   Number         0  rt_raise.o ABSOLUTE
    ../clib/angel/rt.s                       0x00000000   Number         0  rt_errno_addr.o ABSOLUTE
    ../clib/angel/scatter.s                  0x00000000   Number         0  __scatter.o ABSOLUTE
    ../clib/angel/startup.s                  0x00000000   Number         0  __main.o ABSOLUTE
    ../clib/angel/sys.s                      0x00000000   Number         0  use_no_semi.o ABSOLUTE
    ../clib/angel/sys.s                      0x00000000   Number         0  indicate_semi.o ABSOLUTE
    ../clib/angel/sys.s                      0x00000000   Number         0  libspace.o ABSOLUTE
    ../clib/angel/sys.s                      0x00000000   Number         0  sys_stackheap_outer.o ABSOLUTE
    ../clib/angel/sysapp.c                   0x00000000   Number         0  sys_command.o ABSOLUTE
    ../clib/angel/sysapp.c                   0x00000000   Number         0  sys_exit.o ABSOLUTE
    ../clib/angel/sysapp.c                   0x00000000   Number         0  sys_wrch.o ABSOLUTE
    ../clib/armsys.c                         0x00000000   Number         0  argv_veneer.o ABSOLUTE
    ../clib/armsys.c                         0x00000000   Number         0  argv_veneer.o ABSOLUTE
    ../clib/armsys.c                         0x00000000   Number         0  _get_argv_nomalloc.o ABSOLUTE
    ../clib/armsys.c                         0x00000000   Number         0  no_argv.o ABSOLUTE
    ../clib/fenv.c                           0x00000000   Number         0  _rserrno.o ABSOLUTE
    ../clib/heapalloc.c                      0x00000000   Number         0  hrguard.o ABSOLUTE
    ../clib/heapaux.c                        0x00000000   Number         0  heapauxi.o ABSOLUTE
    ../clib/libinit.s                        0x00000000   Number         0  libinit2.o ABSOLUTE
    ../clib/libinit.s                        0x00000000   Number         0  libshutdown.o ABSOLUTE
    ../clib/libinit.s                        0x00000000   Number         0  libinit.o ABSOLUTE
    ../clib/libinit.s                        0x00000000   Number         0  libshutdown2.o ABSOLUTE
    ../clib/printf.c                         0x00000000   Number         0  __printf_nopercent.o ABSOLUTE
    ../clib/printf.c                         0x00000000   Number         0  __printf_flags.o ABSOLUTE
    ../clib/printf.c                         0x00000000   Number         0  __printf_ss.o ABSOLUTE
    ../clib/printf.c                         0x00000000   Number         0  __printf_flags_ss.o ABSOLUTE
    ../clib/printf.c                         0x00000000   Number         0  __printf_flags_wp.o ABSOLUTE
    ../clib/printf.c                         0x00000000   Number         0  __printf_ss_wp.o ABSOLUTE
    ../clib/printf.c                         0x00000000   Number         0  __printf_flags_ss_wp.o ABSOLUTE
    ../clib/printf.c                         0x00000000   Number         0  __2sprintf.o ABSOLUTE
    ../clib/printf.c                         0x00000000   Number         0  _printf_char_common.o ABSOLUTE
    ../clib/printf.c                         0x00000000   Number         0  noretval__2sprintf.o ABSOLUTE
    ../clib/printf.c                         0x00000000   Number         0  __printf_wp.o ABSOLUTE
    ../clib/printf.c                         0x00000000   Number         0  _printf_intcommon.o ABSOLUTE
    ../clib/printf.c                         0x00000000   Number         0  __printf.o ABSOLUTE
    ../clib/printf.c                         0x00000000   Number         0  _sputc.o ABSOLUTE
    ../clib/printf.c                         0x00000000   Number         0  _printf_dec.o ABSOLUTE
    ../clib/printf_percent.s                 0x00000000   Number         0  _printf_percent.o ABSOLUTE
    ../clib/printf_percent.s                 0x00000000   Number         0  _printf_d.o ABSOLUTE
    ../clib/printf_percent.s                 0x00000000   Number         0  _printf_percent_end.o ABSOLUTE
    ../clib/signal.c                         0x00000000   Number         0  defsig_rtmem_outer.o ABSOLUTE
    ../clib/signal.c                         0x00000000   Number         0  defsig_rtmem_formal.o ABSOLUTE
    ../clib/signal.c                         0x00000000   Number         0  defsig_segv_inner.o ABSOLUTE
    ../clib/signal.c                         0x00000000   Number         0  defsig_exit.o ABSOLUTE
    ../clib/signal.c                         0x00000000   Number         0  defsig_rtmem_inner.o ABSOLUTE
    ../clib/signal.c                         0x00000000   Number         0  defsig_pvfn_inner.o ABSOLUTE
    ../clib/signal.c                         0x00000000   Number         0  __raise.o ABSOLUTE
    ../clib/signal.c                         0x00000000   Number         0  defsig_stak_inner.o ABSOLUTE
    ../clib/signal.c                         0x00000000   Number         0  defsig_cppl_inner.o ABSOLUTE
    ../clib/signal.c                         0x00000000   Number         0  defsig_general.o ABSOLUTE
    ../clib/signal.c                         0x00000000   Number         0  defsig_rtred_inner.o ABSOLUTE
    ../clib/signal.c                         0x00000000   Number         0  defsig_abrt_inner.o ABSOLUTE
    ../clib/signal.c                         0x00000000   Number         0  defsig_fpe_inner.o ABSOLUTE
    ../clib/signal.c                         0x00000000   Number         0  defsig_other.o ABSOLUTE
    ../clib/signal.s                         0x00000000   Number         0  defsig.o ABSOLUTE
    ../clib/stdlib.c                         0x00000000   Number         0  exit.o ABSOLUTE
    ../clib/string.c                         0x00000000   Number         0  strlen.o ABSOLUTE
    ../fplib/basic.s                         0x00000000   Number         0  basic.o ABSOLUTE
    ../fplib/daddsub.s                       0x00000000   Number         0  daddsub_clz.o ABSOLUTE
    ../fplib/dcheck1.s                       0x00000000   Number         0  dcheck1.o ABSOLUTE
    ../fplib/dcmpi.s                         0x00000000   Number         0  dcmpi.o ABSOLUTE
    ../fplib/ddiv.s                          0x00000000   Number         0  ddiv.o ABSOLUTE
    ../fplib/dfix.s                          0x00000000   Number         0  dfix.o ABSOLUTE
    ../fplib/dflt.s                          0x00000000   Number         0  dflt_clz.o ABSOLUTE
    ../fplib/dleqf.s                         0x00000000   Number         0  dleqf.o ABSOLUTE
    ../fplib/dmul.s                          0x00000000   Number         0  dmul.o ABSOLUTE
    ../fplib/dnaninf.s                       0x00000000   Number         0  dnaninf.o ABSOLUTE
    ../fplib/dretinf.s                       0x00000000   Number         0  dretinf.o ABSOLUTE
    ../fplib/drleqf.s                        0x00000000   Number         0  drleqf.o ABSOLUTE
    ../fplib/dsqrt.s                         0x00000000   Number         0  dsqrt_umaal.o ABSOLUTE
    ../fplib/f2d.s                           0x00000000   Number         0  f2d.o ABSOLUTE
    ../fplib/fnaninf.s                       0x00000000   Number         0  fnaninf.o ABSOLUTE
    ../fplib/fpinit.s                        0x00000000   Number         0  fpinit.o ABSOLUTE
    ../fplib/retnan.s                        0x00000000   Number         0  retnan.o ABSOLUTE
    ../fplib/scalbn.s                        0x00000000   Number         0  scalbn.o ABSOLUTE
    ../fplib/trapv.s                         0x00000000   Number         0  trapv.o ABSOLUTE
    ../fplib/usenofp.s                       0x00000000   Number         0  usenofp.o ABSOLUTE
    ../mathlib/cos.c                         0x00000000   Number         0  cos.o ABSOLUTE
    ../mathlib/cos.c                         0x00000000   Number         0  cos_x.o ABSOLUTE
    ../mathlib/cos_i.c                       0x00000000   Number         0  cos_i.o ABSOLUTE
    ../mathlib/dunder.c                      0x00000000   Number         0  dunder.o ABSOLUTE
    ../mathlib/fabs.c                        0x00000000   Number         0  fabs.o ABSOLUTE
    ../mathlib/fpclassify.c                  0x00000000   Number         0  fpclassify.o ABSOLUTE
    ../mathlib/poly.c                        0x00000000   Number         0  poly.o ABSOLUTE
    ../mathlib/pow.c                         0x00000000   Number         0  pow.o ABSOLUTE
    ../mathlib/pow.c                         0x00000000   Number         0  pow_x.o ABSOLUTE
    ../mathlib/qnan.c                        0x00000000   Number         0  qnan.o ABSOLUTE
    ../mathlib/rred.c                        0x00000000   Number         0  rred.o ABSOLUTE
    ../mathlib/sin.c                         0x00000000   Number         0  sin_x.o ABSOLUTE
    ../mathlib/sin.c                         0x00000000   Number         0  sin.o ABSOLUTE
    ../mathlib/sin_i.c                       0x00000000   Number         0  sin_i.o ABSOLUTE
    ../mathlib/sin_i.c                       0x00000000   Number         0  sin_i_x.o ABSOLUTE
    ../mathlib/sqrt.c                        0x00000000   Number         0  sqrt_x.o ABSOLUTE
    ../mathlib/sqrt.c                        0x00000000   Number         0  sqrt.o ABSOLUTE
    FIFO.c                                   0x00000000   Number         0  fifo.o ABSOLUTE
    I2C1.c                                   0x00000000   Number         0  i2c1.o ABSOLUTE
    I2C1.c                                   0x00000000   Number         0  i2c1.o ABSOLUTE
    RTE\Device\STM32L432KCUx\startup_stm32l432xx.s 0x00000000   Number         0  startup_stm32l432xx.o ABSOLUTE
    RTE\Device\STM32L432KCUx\system_stm32l4xx.c 0x00000000   Number         0  system_stm32l4xx.o ABSOLUTE
    RTE\\Device\\STM32L432KCUx\\system_stm32l4xx.c 0x00000000   Number         0  system_stm32l4xx.o ABSOLUTE
    UART2.c                                  0x00000000   Number         0  uart2.o ABSOLUTE
    UART2.c                                  0x00000000   Number         0  uart2.o ABSOLUTE
    dc.s                                     0x00000000   Number         0  dc.o ABSOLUTE
    main.c                                   0x00000000   Number         0  main.o ABSOLUTE
    main.c                                   0x00000000   Number         0  main.o ABSOLUTE
    RESET                                    0x08000000   Section      396  startup_stm32l432xx.o(RESET)
    !!!main                                  0x0800018c   Section        8  __main.o(!!!main)
    !!!scatter                               0x08000194   Section       52  __scatter.o(!!!scatter)
    !!handler_copy                           0x080001c8   Section       26  __scatter_copy.o(!!handler_copy)
    !!handler_zi                             0x080001e4   Section       28  __scatter_zi.o(!!handler_zi)
    .ARM.Collect$$_printf_percent$$00000000  0x08000200   Section        0  _printf_percent.o(.ARM.Collect$$_printf_percent$$00000000)
    .ARM.Collect$$_printf_percent$$00000009  0x08000200   Section        6  _printf_d.o(.ARM.Collect$$_printf_percent$$00000009)
    .ARM.Collect$$_printf_percent$$00000017  0x08000206   Section        4  _printf_percent_end.o(.ARM.Collect$$_printf_percent$$00000017)
    .ARM.Collect$$libinit$$00000000          0x0800020a   Section        2  libinit.o(.ARM.Collect$$libinit$$00000000)
    .ARM.Collect$$libinit$$00000001          0x0800020c   Section        4  libinit2.o(.ARM.Collect$$libinit$$00000001)
    .ARM.Collect$$libinit$$00000004          0x08000210   Section        0  libinit2.o(.ARM.Collect$$libinit$$00000004)
    .ARM.Collect$$libinit$$0000000A          0x08000210   Section        0  libinit2.o(.ARM.Collect$$libinit$$0000000A)
    .ARM.Collect$$libinit$$0000000C          0x08000210   Section        0  libinit2.o(.ARM.Collect$$libinit$$0000000C)
    .ARM.Collect$$libinit$$0000000E          0x08000210   Section        0  libinit2.o(.ARM.Collect$$libinit$$0000000E)
    .ARM.Collect$$libinit$$00000011          0x08000210   Section        0  libinit2.o(.ARM.Collect$$libinit$$00000011)
    .ARM.Collect$$libinit$$00000013          0x08000210   Section        0  libinit2.o(.ARM.Collect$$libinit$$00000013)
    .ARM.Collect$$libinit$$00000015          0x08000210   Section        0  libinit2.o(.ARM.Collect$$libinit$$00000015)
    .ARM.Collect$$libinit$$00000017          0x08000210   Section        0  libinit2.o(.ARM.Collect$$libinit$$00000017)
    .ARM.Collect$$libinit$$00000019          0x08000210   Section        0  libinit2.o(.ARM.Collect$$libinit$$00000019)
    .ARM.Collect$$libinit$$0000001B          0x08000210   Section        0  libinit2.o(.ARM.Collect$$libinit$$0000001B)
    .ARM.Collect$$libinit$$0000001D          0x08000210   Section        0  libinit2.o(.ARM.Collect$$libinit$$0000001D)
    .ARM.Collect$$libinit$$0000001F          0x08000210   Section        0  libinit2.o(.ARM.Collect$$libinit$$0000001F)
    .ARM.Collect$$libinit$$00000021          0x08000210   Section        0  libinit2.o(.ARM.Collect$$libinit$$00000021)
    .ARM.Collect$$libinit$$00000023          0x08000210   Section        0  libinit2.o(.ARM.Collect$$libinit$$00000023)
    .ARM.Collect$$libinit$$00000025          0x08000210   Section        0  libinit2.o(.ARM.Collect$$libinit$$00000025)
    .ARM.Collect$$libinit$$0000002C          0x08000210   Section        0  libinit2.o(.ARM.Collect$$libinit$$0000002C)
    .ARM.Collect$$libinit$$0000002E          0x08000210   Section        0  libinit2.o(.ARM.Collect$$libinit$$0000002E)
    .ARM.Collect$$libinit$$00000030          0x08000210   Section        0  libinit2.o(.ARM.Collect$$libinit$$00000030)
    .ARM.Collect$$libinit$$00000032          0x08000210   Section        0  libinit2.o(.ARM.Collect$$libinit$$00000032)
    .ARM.Collect$$libinit$$00000033          0x08000210   Section        2  libinit2.o(.ARM.Collect$$libinit$$00000033)
    .ARM.Collect$$libshutdown$$00000000      0x08000212   Section        2  libshutdown.o(.ARM.Collect$$libshutdown$$00000000)
    .ARM.Collect$$libshutdown$$00000002      0x08000214   Section        0  libshutdown2.o(.ARM.Collect$$libshutdown$$00000002)
    .ARM.Collect$$libshutdown$$00000004      0x08000214   Section        0  libshutdown2.o(.ARM.Collect$$libshutdown$$00000004)
    .ARM.Collect$$libshutdown$$00000007      0x08000214   Section        0  libshutdown2.o(.ARM.Collect$$libshutdown$$00000007)
    .ARM.Collect$$libshutdown$$0000000A      0x08000214   Section        0  libshutdown2.o(.ARM.Collect$$libshutdown$$0000000A)
    .ARM.Collect$$libshutdown$$0000000C      0x08000214   Section        0  libshutdown2.o(.ARM.Collect$$libshutdown$$0000000C)
    .ARM.Collect$$libshutdown$$0000000F      0x08000214   Section        0  libshutdown2.o(.ARM.Collect$$libshutdown$$0000000F)
    .ARM.Collect$$libshutdown$$00000010      0x08000214   Section        2  libshutdown2.o(.ARM.Collect$$libshutdown$$00000010)
    .ARM.Collect$$rtentry$$00000000          0x08000216   Section        0  __rtentry.o(.ARM.Collect$$rtentry$$00000000)
    .ARM.Collect$$rtentry$$00000002          0x08000216   Section        0  __rtentry2.o(.ARM.Collect$$rtentry$$00000002)
    .ARM.Collect$$rtentry$$00000004          0x08000216   Section        6  __rtentry4.o(.ARM.Collect$$rtentry$$00000004)
    .ARM.Collect$$rtentry$$00000009          0x0800021c   Section        0  __rtentry2.o(.ARM.Collect$$rtentry$$00000009)
    .ARM.Collect$$rtentry$$0000000A          0x0800021c   Section        4  __rtentry2.o(.ARM.Collect$$rtentry$$0000000A)
    .ARM.Collect$$rtentry$$0000000C          0x08000220   Section        0  __rtentry2.o(.ARM.Collect$$rtentry$$0000000C)
    .ARM.Collect$$rtentry$$0000000D          0x08000220   Section        8  __rtentry2.o(.ARM.Collect$$rtentry$$0000000D)
    .ARM.Collect$$rtexit$$00000000           0x08000228   Section        2  rtexit.o(.ARM.Collect$$rtexit$$00000000)
    .ARM.Collect$$rtexit$$00000002           0x0800022a   Section        0  rtexit2.o(.ARM.Collect$$rtexit$$00000002)
    .ARM.Collect$$rtexit$$00000003           0x0800022a   Section        4  rtexit2.o(.ARM.Collect$$rtexit$$00000003)
    .ARM.Collect$$rtexit$$00000004           0x0800022e   Section        6  rtexit2.o(.ARM.Collect$$rtexit$$00000004)
    .text                                    0x08000234   Section       64  startup_stm32l432xx.o(.text)
    $v0                                      0x08000234   Number         0  startup_stm32l432xx.o(.text)
    .text                                    0x08000274   Section        0  noretval__2sprintf.o(.text)
    .text                                    0x0800029c   Section        0  __printf.o(.text)
    .text                                    0x08000304   Section        0  _printf_dec.o(.text)
    .text                                    0x0800037c   Section        0  strlen.o(.text)
    .text                                    0x080003ba   Section        0  heapauxi.o(.text)
    .text                                    0x080003c0   Section        0  _rserrno.o(.text)
    .text                                    0x080003d6   Section        0  _printf_intcommon.o(.text)
    .text                                    0x08000488   Section        0  _printf_char_common.o(.text)
    _printf_input_char                       0x08000489   Thumb Code    10  _printf_char_common.o(.text)
    .text                                    0x080004b8   Section        0  _sputc.o(.text)
    .text                                    0x080004c4   Section        8  rt_errno_addr_intlibspace.o(.text)
    .text                                    0x080004cc   Section        8  libspace.o(.text)
    .text                                    0x080004d4   Section       74  sys_stackheap_outer.o(.text)
    .text                                    0x0800051e   Section        0  exit.o(.text)
    .text                                    0x08000530   Section        0  sys_exit.o(.text)
    .text                                    0x0800053c   Section        2  use_no_semi.o(.text)
    .text                                    0x0800053e   Section        0  indicate_semi.o(.text)
    i.DFT                                    0x08000540   Section        0  main.o(i.DFT)
    i.FifoGet                                0x0800076c   Section        0  fifo.o(i.FifoGet)
    i.FifoInit                               0x080007ae   Section        0  fifo.o(i.FifoInit)
    i.FifoPut                                0x080007bc   Section        0  fifo.o(i.FifoPut)
    i.I2C1Init                               0x0800080c   Section        0  i2c1.o(i.I2C1Init)
    i.SysTick_Handler                        0x080008b4   Section        0  main.o(i.SysTick_Handler)
    i.SystemCoreClockUpdate                  0x08000920   Section        0  system_stm32l4xx.o(i.SystemCoreClockUpdate)
    i.SystemInit                             0x08000a0c   Section        0  system_stm32l4xx.o(i.SystemInit)
    i.USART2_IRQHandler                      0x08000a5c   Section        0  uart2.o(i.USART2_IRQHandler)
    i.UartTransmit                           0x08000a88   Section        0  uart2.o(i.UartTransmit)
    i.__ARM_fpclassify                       0x08000ac8   Section        0  fpclassify.o(i.__ARM_fpclassify)
    i.__hardfp_cos                           0x08000af8   Section        0  cos.o(i.__hardfp_cos)
    i.__hardfp_pow                           0x08000bc0   Section        0  pow.o(i.__hardfp_pow)
    i.__hardfp_sin                           0x08001840   Section        0  sin.o(i.__hardfp_sin)
    i.__hardfp_sqrt                          0x08001908   Section        0  sqrt.o(i.__hardfp_sqrt)
    i.__ieee754_rem_pio2                     0x08001988   Section        0  rred.o(i.__ieee754_rem_pio2)
    i.__kernel_cos                           0x08001dc8   Section        0  cos_i.o(i.__kernel_cos)
    i.__kernel_poly                          0x08001f38   Section        0  poly.o(i.__kernel_poly)
    i.__kernel_sin                           0x08002030   Section        0  sin_i.o(i.__kernel_sin)
    i.__mathlib_dbl_divzero                  0x08002178   Section        0  dunder.o(i.__mathlib_dbl_divzero)
    i.__mathlib_dbl_infnan                   0x080021a8   Section        0  dunder.o(i.__mathlib_dbl_infnan)
    i.__mathlib_dbl_infnan2                  0x080021bc   Section        0  dunder.o(i.__mathlib_dbl_infnan2)
    i.__mathlib_dbl_invalid                  0x080021d0   Section        0  dunder.o(i.__mathlib_dbl_invalid)
    i.__mathlib_dbl_overflow                 0x080021f0   Section        0  dunder.o(i.__mathlib_dbl_overflow)
    i.__mathlib_dbl_underflow                0x08002210   Section        0  dunder.o(i.__mathlib_dbl_underflow)
    i.clock32MHz                             0x08002230   Section        0  main.o(i.clock32MHz)
    i.fabs                                   0x08002260   Section        0  fabs.o(i.fabs)
    i.main                                   0x08002278   Section        0  main.o(i.main)
    i.sqrt                                   0x0800235c   Section        0  sqrt.o(i.sqrt)
    x$fpl$basic                              0x080023ca   Section       24  basic.o(x$fpl$basic)
    $v0                                      0x080023ca   Number         0  basic.o(x$fpl$basic)
    x$fpl$dadd                               0x080023e4   Section      336  daddsub_clz.o(x$fpl$dadd)
    $v0                                      0x080023e4   Number         0  daddsub_clz.o(x$fpl$dadd)
    _dadd1                                   0x080023f5   Thumb Code     0  daddsub_clz.o(x$fpl$dadd)
    x$fpl$dcheck1                            0x08002534   Section       16  dcheck1.o(x$fpl$dcheck1)
    $v0                                      0x08002534   Number         0  dcheck1.o(x$fpl$dcheck1)
    x$fpl$dcmpinf                            0x08002544   Section       24  dcmpi.o(x$fpl$dcmpinf)
    $v0                                      0x08002544   Number         0  dcmpi.o(x$fpl$dcmpinf)
    x$fpl$ddiv                               0x0800255c   Section      688  ddiv.o(x$fpl$ddiv)
    $v0                                      0x0800255c   Number         0  ddiv.o(x$fpl$ddiv)
    ddiv_entry                               0x08002563   Thumb Code     0  ddiv.o(x$fpl$ddiv)
    x$fpl$dfix                               0x0800280c   Section       94  dfix.o(x$fpl$dfix)
    $v0                                      0x0800280c   Number         0  dfix.o(x$fpl$dfix)
    x$fpl$dflt                               0x0800286a   Section       46  dflt_clz.o(x$fpl$dflt)
    $v0                                      0x0800286a   Number         0  dflt_clz.o(x$fpl$dflt)
    x$fpl$dfltu                              0x08002898   Section       38  dflt_clz.o(x$fpl$dfltu)
    $v0                                      0x08002898   Number         0  dflt_clz.o(x$fpl$dfltu)
    x$fpl$dleqf                              0x080028c0   Section      120  dleqf.o(x$fpl$dleqf)
    $v0                                      0x080028c0   Number         0  dleqf.o(x$fpl$dleqf)
    x$fpl$dmul                               0x08002938   Section      340  dmul.o(x$fpl$dmul)
    $v0                                      0x08002938   Number         0  dmul.o(x$fpl$dmul)
    x$fpl$dnaninf                            0x08002a8c   Section      156  dnaninf.o(x$fpl$dnaninf)
    $v0                                      0x08002a8c   Number         0  dnaninf.o(x$fpl$dnaninf)
    x$fpl$dretinf                            0x08002b28   Section       12  dretinf.o(x$fpl$dretinf)
    $v0                                      0x08002b28   Number         0  dretinf.o(x$fpl$dretinf)
    x$fpl$drleqf                             0x08002b34   Section      108  drleqf.o(x$fpl$drleqf)
    $v0                                      0x08002b34   Number         0  drleqf.o(x$fpl$drleqf)
    x$fpl$drsb                               0x08002ba0   Section       22  daddsub_clz.o(x$fpl$drsb)
    $v0                                      0x08002ba0   Number         0  daddsub_clz.o(x$fpl$drsb)
    x$fpl$dsqrt                              0x08002bb8   Section      408  dsqrt_umaal.o(x$fpl$dsqrt)
    $v0                                      0x08002bb8   Number         0  dsqrt_umaal.o(x$fpl$dsqrt)
    x$fpl$dsub                               0x08002d50   Section      468  daddsub_clz.o(x$fpl$dsub)
    $v0                                      0x08002d50   Number         0  daddsub_clz.o(x$fpl$dsub)
    _dsub1                                   0x08002d61   Thumb Code     0  daddsub_clz.o(x$fpl$dsub)
    x$fpl$f2d                                0x08002f24   Section       86  f2d.o(x$fpl$f2d)
    $v0                                      0x08002f24   Number         0  f2d.o(x$fpl$f2d)
    x$fpl$fnaninf                            0x08002f7a   Section      140  fnaninf.o(x$fpl$fnaninf)
    $v0                                      0x08002f7a   Number         0  fnaninf.o(x$fpl$fnaninf)
    x$fpl$fpinit                             0x08003006   Section       10  fpinit.o(x$fpl$fpinit)
    $v0                                      0x08003006   Number         0  fpinit.o(x$fpl$fpinit)
    x$fpl$retnan                             0x08003010   Section      100  retnan.o(x$fpl$retnan)
    $v0                                      0x08003010   Number         0  retnan.o(x$fpl$retnan)
    x$fpl$scalbn                             0x08003074   Section       92  scalbn.o(x$fpl$scalbn)
    $v0                                      0x08003074   Number         0  scalbn.o(x$fpl$scalbn)
    x$fpl$trapveneer                         0x080030d0   Section       48  trapv.o(x$fpl$trapveneer)
    $v0                                      0x080030d0   Number         0  trapv.o(x$fpl$trapveneer)
    .constdata                               0x08003100   Section       20  main.o(.constdata)
    x$fpl$usenofp                            0x08003100   Section        0  usenofp.o(x$fpl$usenofp)
    .constdata                               0x08003114   Section       72  system_stm32l4xx.o(.constdata)
    .constdata                               0x08003160   Section      136  pow.o(.constdata)
    bp                                       0x08003160   Data          16  pow.o(.constdata)
    dp_h                                     0x08003170   Data          16  pow.o(.constdata)
    dp_l                                     0x08003180   Data          16  pow.o(.constdata)
    L                                        0x08003190   Data          48  pow.o(.constdata)
    P                                        0x080031c0   Data          40  pow.o(.constdata)
    .constdata                               0x080031e8   Section       48  cos_i.o(.constdata)
    C                                        0x080031e8   Data          48  cos_i.o(.constdata)
    .constdata                               0x08003218   Section        8  qnan.o(.constdata)
    .constdata                               0x08003220   Section      200  rred.o(.constdata)
    pio2s                                    0x08003220   Data          48  rred.o(.constdata)
    twooverpi                                0x08003250   Data         152  rred.o(.constdata)
    .constdata                               0x080032e8   Section       40  sin_i.o(.constdata)
    S                                        0x080032e8   Data          40  sin_i.o(.constdata)
    .data                                    0x20000000   Section        2  main.o(.data)
    .data                                    0x20000004   Section        4  system_stm32l4xx.o(.data)
    .bss                                     0x20000008   Section     6148  main.o(.bss)
    .bss                                     0x2000180c   Section     4100  uart2.o(.bss)
    .bss                                     0x20002810   Section       96  libspace.o(.bss)
    HEAP                                     0x20002870   Section      512  startup_stm32l432xx.o(HEAP)
    Heap_Mem                                 0x20002870   Data         512  startup_stm32l432xx.o(HEAP)
    STACK                                    0x20002a70   Section     1024  startup_stm32l432xx.o(STACK)
    Stack_Mem                                0x20002a70   Data        1024  startup_stm32l432xx.o(STACK)
    __initial_sp                             0x20002e70   Data           0  startup_stm32l432xx.o(STACK)

    Global Symbols

    Symbol Name                              Value     Ov Type        Size  Object(Section)

    BuildAttributes$$THM_ISAv4$E$P$D$K$B$S$7EM$VFPi3$EXTD16$VFPS$VFMA$PE$A:L22UL41UL21$X:L11$S22US41US21$IEEE1$IW$USESV6$~STKCKD$USESV7$~SHL$OTIME$ROPI$IEEEX$EBA8$UX$STANDARDLIB$REQ8$PRES8$EABIv2 0x00000000   Number         0  anon$$obj.o ABSOLUTE
    __ARM_use_no_argv                        0x00000000   Number         0  main.o ABSOLUTE
    __ARM_exceptions_init                     - Undefined Weak Reference
    __alloca_initialize                       - Undefined Weak Reference
    __arm_preinit_                            - Undefined Weak Reference
    __cpp_initialize__aeabi_                  - Undefined Weak Reference
    __cxa_finalize                            - Undefined Weak Reference
    __rt_locale                               - Undefined Weak Reference
    __sigvec_lookup                           - Undefined Weak Reference
    _atexit_init                              - Undefined Weak Reference
    _call_atexit_fns                          - Undefined Weak Reference
    _clock_init                               - Undefined Weak Reference
    _fp_trap_init                             - Undefined Weak Reference
    _fp_trap_shutdown                         - Undefined Weak Reference
    _get_lc_collate                           - Undefined Weak Reference
    _get_lc_ctype                             - Undefined Weak Reference
    _get_lc_monetary                          - Undefined Weak Reference
    _get_lc_numeric                           - Undefined Weak Reference
    _get_lc_time                              - Undefined Weak Reference
    _getenv_init                              - Undefined Weak Reference
    _handle_redirection                       - Undefined Weak Reference
    _init_alloc                               - Undefined Weak Reference
    _init_user_alloc                          - Undefined Weak Reference
    _initio                                   - Undefined Weak Reference
    _printf_post_padding                      - Undefined Weak Reference
    _printf_pre_padding                       - Undefined Weak Reference
    _printf_truncate_signed                   - Undefined Weak Reference
    _printf_truncate_unsigned                 - Undefined Weak Reference
    _rand_init                                - Undefined Weak Reference
    _signal_finish                            - Undefined Weak Reference
    _signal_init                              - Undefined Weak Reference
    _terminate_alloc                          - Undefined Weak Reference
    _terminate_user_alloc                     - Undefined Weak Reference
    _terminateio                              - Undefined Weak Reference
    __Vectors_Size                           0x0000018c   Number         0  startup_stm32l432xx.o ABSOLUTE
    __Vectors                                0x08000000   Data           4  startup_stm32l432xx.o(RESET)
    __Vectors_End                            0x0800018c   Data           0  startup_stm32l432xx.o(RESET)
    __main                                   0x0800018d   Thumb Code     8  __main.o(!!!main)
    __scatterload                            0x08000195   Thumb Code     0  __scatter.o(!!!scatter)
    __scatterload_rt2                        0x08000195   Thumb Code    44  __scatter.o(!!!scatter)
    __scatterload_rt2_thumb_only             0x08000195   Thumb Code     0  __scatter.o(!!!scatter)
    __scatterload_null                       0x080001a3   Thumb Code     0  __scatter.o(!!!scatter)
    __scatterload_copy                       0x080001c9   Thumb Code    26  __scatter_copy.o(!!handler_copy)
    __scatterload_zeroinit                   0x080001e5   Thumb Code    28  __scatter_zi.o(!!handler_zi)
    _printf_d                                0x08000201   Thumb Code     0  _printf_d.o(.ARM.Collect$$_printf_percent$$00000009)
    _printf_percent                          0x08000201   Thumb Code     0  _printf_percent.o(.ARM.Collect$$_printf_percent$$00000000)
    _printf_percent_end                      0x08000207   Thumb Code     0  _printf_percent_end.o(.ARM.Collect$$_printf_percent$$00000017)
    __rt_lib_init                            0x0800020b   Thumb Code     0  libinit.o(.ARM.Collect$$libinit$$00000000)
    __rt_lib_init_fp_1                       0x0800020d   Thumb Code     0  libinit2.o(.ARM.Collect$$libinit$$00000001)
    __rt_lib_init_alloca_1                   0x08000211   Thumb Code     0  libinit2.o(.ARM.Collect$$libinit$$0000002E)
    __rt_lib_init_argv_1                     0x08000211   Thumb Code     0  libinit2.o(.ARM.Collect$$libinit$$0000002C)
    __rt_lib_init_atexit_1                   0x08000211   Thumb Code     0  libinit2.o(.ARM.Collect$$libinit$$0000001B)
    __rt_lib_init_clock_1                    0x08000211   Thumb Code     0  libinit2.o(.ARM.Collect$$libinit$$00000021)
    __rt_lib_init_cpp_1                      0x08000211   Thumb Code     0  libinit2.o(.ARM.Collect$$libinit$$00000032)
    __rt_lib_init_exceptions_1               0x08000211   Thumb Code     0  libinit2.o(.ARM.Collect$$libinit$$00000030)
    __rt_lib_init_fp_trap_1                  0x08000211   Thumb Code     0  libinit2.o(.ARM.Collect$$libinit$$0000001F)
    __rt_lib_init_getenv_1                   0x08000211   Thumb Code     0  libinit2.o(.ARM.Collect$$libinit$$00000023)
    __rt_lib_init_heap_1                     0x08000211   Thumb Code     0  libinit2.o(.ARM.Collect$$libinit$$0000000A)
    __rt_lib_init_lc_collate_1               0x08000211   Thumb Code     0  libinit2.o(.ARM.Collect$$libinit$$00000011)
    __rt_lib_init_lc_ctype_1                 0x08000211   Thumb Code     0  libinit2.o(.ARM.Collect$$libinit$$00000013)
    __rt_lib_init_lc_monetary_1              0x08000211   Thumb Code     0  libinit2.o(.ARM.Collect$$libinit$$00000015)
    __rt_lib_init_lc_numeric_1               0x08000211   Thumb Code     0  libinit2.o(.ARM.Collect$$libinit$$00000017)
    __rt_lib_init_lc_time_1                  0x08000211   Thumb Code     0  libinit2.o(.ARM.Collect$$libinit$$00000019)
    __rt_lib_init_preinit_1                  0x08000211   Thumb Code     0  libinit2.o(.ARM.Collect$$libinit$$00000004)
    __rt_lib_init_rand_1                     0x08000211   Thumb Code     0  libinit2.o(.ARM.Collect$$libinit$$0000000E)
    __rt_lib_init_return                     0x08000211   Thumb Code     0  libinit2.o(.ARM.Collect$$libinit$$00000033)
    __rt_lib_init_signal_1                   0x08000211   Thumb Code     0  libinit2.o(.ARM.Collect$$libinit$$0000001D)
    __rt_lib_init_stdio_1                    0x08000211   Thumb Code     0  libinit2.o(.ARM.Collect$$libinit$$00000025)
    __rt_lib_init_user_alloc_1               0x08000211   Thumb Code     0  libinit2.o(.ARM.Collect$$libinit$$0000000C)
    __rt_lib_shutdown                        0x08000213   Thumb Code     0  libshutdown.o(.ARM.Collect$$libshutdown$$00000000)
    __rt_lib_shutdown_cpp_1                  0x08000215   Thumb Code     0  libshutdown2.o(.ARM.Collect$$libshutdown$$00000002)
    __rt_lib_shutdown_fp_trap_1              0x08000215   Thumb Code     0  libshutdown2.o(.ARM.Collect$$libshutdown$$00000007)
    __rt_lib_shutdown_heap_1                 0x08000215   Thumb Code     0  libshutdown2.o(.ARM.Collect$$libshutdown$$0000000F)
    __rt_lib_shutdown_return                 0x08000215   Thumb Code     0  libshutdown2.o(.ARM.Collect$$libshutdown$$00000010)
    __rt_lib_shutdown_signal_1               0x08000215   Thumb Code     0  libshutdown2.o(.ARM.Collect$$libshutdown$$0000000A)
    __rt_lib_shutdown_stdio_1                0x08000215   Thumb Code     0  libshutdown2.o(.ARM.Collect$$libshutdown$$00000004)
    __rt_lib_shutdown_user_alloc_1           0x08000215   Thumb Code     0  libshutdown2.o(.ARM.Collect$$libshutdown$$0000000C)
    __rt_entry                               0x08000217   Thumb Code     0  __rtentry.o(.ARM.Collect$$rtentry$$00000000)
    __rt_entry_presh_1                       0x08000217   Thumb Code     0  __rtentry2.o(.ARM.Collect$$rtentry$$00000002)
    __rt_entry_sh                            0x08000217   Thumb Code     0  __rtentry4.o(.ARM.Collect$$rtentry$$00000004)
    __rt_entry_li                            0x0800021d   Thumb Code     0  __rtentry2.o(.ARM.Collect$$rtentry$$0000000A)
    __rt_entry_postsh_1                      0x0800021d   Thumb Code     0  __rtentry2.o(.ARM.Collect$$rtentry$$00000009)
    __rt_entry_main                          0x08000221   Thumb Code     0  __rtentry2.o(.ARM.Collect$$rtentry$$0000000D)
    __rt_entry_postli_1                      0x08000221   Thumb Code     0  __rtentry2.o(.ARM.Collect$$rtentry$$0000000C)
    __rt_exit                                0x08000229   Thumb Code     0  rtexit.o(.ARM.Collect$$rtexit$$00000000)
    __rt_exit_ls                             0x0800022b   Thumb Code     0  rtexit2.o(.ARM.Collect$$rtexit$$00000003)
    __rt_exit_prels_1                        0x0800022b   Thumb Code     0  rtexit2.o(.ARM.Collect$$rtexit$$00000002)
    __rt_exit_exit                           0x0800022f   Thumb Code     0  rtexit2.o(.ARM.Collect$$rtexit$$00000004)
    Reset_Handler                            0x08000235   Thumb Code     8  startup_stm32l432xx.o(.text)
    NMI_Handler                              0x0800023d   Thumb Code     2  startup_stm32l432xx.o(.text)
    HardFault_Handler                        0x0800023f   Thumb Code     2  startup_stm32l432xx.o(.text)
    MemManage_Handler                        0x08000241   Thumb Code     2  startup_stm32l432xx.o(.text)
    BusFault_Handler                         0x08000243   Thumb Code     2  startup_stm32l432xx.o(.text)
    UsageFault_Handler                       0x08000245   Thumb Code     2  startup_stm32l432xx.o(.text)
    SVC_Handler                              0x08000247   Thumb Code     2  startup_stm32l432xx.o(.text)
    DebugMon_Handler                         0x08000249   Thumb Code     2  startup_stm32l432xx.o(.text)
    PendSV_Handler                           0x0800024b   Thumb Code     2  startup_stm32l432xx.o(.text)
    ADC1_IRQHandler                          0x0800024f   Thumb Code     0  startup_stm32l432xx.o(.text)
    CAN1_RX0_IRQHandler                      0x0800024f   Thumb Code     0  startup_stm32l432xx.o(.text)
    CAN1_RX1_IRQHandler                      0x0800024f   Thumb Code     0  startup_stm32l432xx.o(.text)
    CAN1_SCE_IRQHandler                      0x0800024f   Thumb Code     0  startup_stm32l432xx.o(.text)
    CAN1_TX_IRQHandler                       0x0800024f   Thumb Code     0  startup_stm32l432xx.o(.text)
    COMP_IRQHandler                          0x0800024f   Thumb Code     0  startup_stm32l432xx.o(.text)
    CRS_IRQHandler                           0x0800024f   Thumb Code     0  startup_stm32l432xx.o(.text)
    DMA1_Channel1_IRQHandler                 0x0800024f   Thumb Code     0  startup_stm32l432xx.o(.text)
    DMA1_Channel2_IRQHandler                 0x0800024f   Thumb Code     0  startup_stm32l432xx.o(.text)
    DMA1_Channel3_IRQHandler                 0x0800024f   Thumb Code     0  startup_stm32l432xx.o(.text)
    DMA1_Channel4_IRQHandler                 0x0800024f   Thumb Code     0  startup_stm32l432xx.o(.text)
    DMA1_Channel5_IRQHandler                 0x0800024f   Thumb Code     0  startup_stm32l432xx.o(.text)
    DMA1_Channel6_IRQHandler                 0x0800024f   Thumb Code     0  startup_stm32l432xx.o(.text)
    DMA1_Channel7_IRQHandler                 0x0800024f   Thumb Code     0  startup_stm32l432xx.o(.text)
    DMA2_Channel1_IRQHandler                 0x0800024f   Thumb Code     0  startup_stm32l432xx.o(.text)
    DMA2_Channel2_IRQHandler                 0x0800024f   Thumb Code     0  startup_stm32l432xx.o(.text)
    DMA2_Channel3_IRQHandler                 0x0800024f   Thumb Code     0  startup_stm32l432xx.o(.text)
    DMA2_Channel4_IRQHandler                 0x0800024f   Thumb Code     0  startup_stm32l432xx.o(.text)
    DMA2_Channel5_IRQHandler                 0x0800024f   Thumb Code     0  startup_stm32l432xx.o(.text)
    DMA2_Channel6_IRQHandler                 0x0800024f   Thumb Code     0  startup_stm32l432xx.o(.text)
    DMA2_Channel7_IRQHandler                 0x0800024f   Thumb Code     0  startup_stm32l432xx.o(.text)
    EXTI0_IRQHandler                         0x0800024f   Thumb Code     0  startup_stm32l432xx.o(.text)
    EXTI15_10_IRQHandler                     0x0800024f   Thumb Code     0  startup_stm32l432xx.o(.text)
    EXTI1_IRQHandler                         0x0800024f   Thumb Code     0  startup_stm32l432xx.o(.text)
    EXTI2_IRQHandler                         0x0800024f   Thumb Code     0  startup_stm32l432xx.o(.text)
    EXTI3_IRQHandler                         0x0800024f   Thumb Code     0  startup_stm32l432xx.o(.text)
    EXTI4_IRQHandler                         0x0800024f   Thumb Code     0  startup_stm32l432xx.o(.text)
    EXTI9_5_IRQHandler                       0x0800024f   Thumb Code     0  startup_stm32l432xx.o(.text)
    FLASH_IRQHandler                         0x0800024f   Thumb Code     0  startup_stm32l432xx.o(.text)
    FPU_IRQHandler                           0x0800024f   Thumb Code     0  startup_stm32l432xx.o(.text)
    I2C1_ER_IRQHandler                       0x0800024f   Thumb Code     0  startup_stm32l432xx.o(.text)
    I2C1_EV_IRQHandler                       0x0800024f   Thumb Code     0  startup_stm32l432xx.o(.text)
    I2C3_ER_IRQHandler                       0x0800024f   Thumb Code     0  startup_stm32l432xx.o(.text)
    I2C3_EV_IRQHandler                       0x0800024f   Thumb Code     0  startup_stm32l432xx.o(.text)
    LPTIM1_IRQHandler                        0x0800024f   Thumb Code     0  startup_stm32l432xx.o(.text)
    LPTIM2_IRQHandler                        0x0800024f   Thumb Code     0  startup_stm32l432xx.o(.text)
    LPUART1_IRQHandler                       0x0800024f   Thumb Code     0  startup_stm32l432xx.o(.text)
    PVD_PVM_IRQHandler                       0x0800024f   Thumb Code     0  startup_stm32l432xx.o(.text)
    QUADSPI_IRQHandler                       0x0800024f   Thumb Code     0  startup_stm32l432xx.o(.text)
    RCC_IRQHandler                           0x0800024f   Thumb Code     0  startup_stm32l432xx.o(.text)
    RNG_IRQHandler                           0x0800024f   Thumb Code     0  startup_stm32l432xx.o(.text)
    RTC_Alarm_IRQHandler                     0x0800024f   Thumb Code     0  startup_stm32l432xx.o(.text)
    RTC_WKUP_IRQHandler                      0x0800024f   Thumb Code     0  startup_stm32l432xx.o(.text)
    SAI1_IRQHandler                          0x0800024f   Thumb Code     0  startup_stm32l432xx.o(.text)
    SPI1_IRQHandler                          0x0800024f   Thumb Code     0  startup_stm32l432xx.o(.text)
    SPI3_IRQHandler                          0x0800024f   Thumb Code     0  startup_stm32l432xx.o(.text)
    SWPMI1_IRQHandler                        0x0800024f   Thumb Code     0  startup_stm32l432xx.o(.text)
    TAMP_STAMP_IRQHandler                    0x0800024f   Thumb Code     0  startup_stm32l432xx.o(.text)
    TIM1_BRK_TIM15_IRQHandler                0x0800024f   Thumb Code     0  startup_stm32l432xx.o(.text)
    TIM1_CC_IRQHandler                       0x0800024f   Thumb Code     0  startup_stm32l432xx.o(.text)
    TIM1_TRG_COM_IRQHandler                  0x0800024f   Thumb Code     0  startup_stm32l432xx.o(.text)
    TIM1_UP_TIM16_IRQHandler                 0x0800024f   Thumb Code     0  startup_stm32l432xx.o(.text)
    TIM2_IRQHandler                          0x0800024f   Thumb Code     0  startup_stm32l432xx.o(.text)
    TIM6_DAC_IRQHandler                      0x0800024f   Thumb Code     0  startup_stm32l432xx.o(.text)
    TIM7_IRQHandler                          0x0800024f   Thumb Code     0  startup_stm32l432xx.o(.text)
    TSC_IRQHandler                           0x0800024f   Thumb Code     0  startup_stm32l432xx.o(.text)
    USART1_IRQHandler                        0x0800024f   Thumb Code     0  startup_stm32l432xx.o(.text)
    USB_IRQHandler                           0x0800024f   Thumb Code     0  startup_stm32l432xx.o(.text)
    WWDG_IRQHandler                          0x0800024f   Thumb Code     0  startup_stm32l432xx.o(.text)
    __user_initial_stackheap                 0x08000251   Thumb Code     0  startup_stm32l432xx.o(.text)
    __2sprintf                               0x08000275   Thumb Code    34  noretval__2sprintf.o(.text)
    __printf                                 0x0800029d   Thumb Code   104  __printf.o(.text)
    _printf_int_dec                          0x08000305   Thumb Code   104  _printf_dec.o(.text)
    strlen                                   0x0800037d   Thumb Code    62  strlen.o(.text)
    __use_two_region_memory                  0x080003bb   Thumb Code     2  heapauxi.o(.text)
    __rt_heap_escrow$2region                 0x080003bd   Thumb Code     2  heapauxi.o(.text)
    __rt_heap_expand$2region                 0x080003bf   Thumb Code     2  heapauxi.o(.text)
    __read_errno                             0x080003c1   Thumb Code    10  _rserrno.o(.text)
    __set_errno                              0x080003cb   Thumb Code    12  _rserrno.o(.text)
    _printf_int_common                       0x080003d7   Thumb Code   178  _printf_intcommon.o(.text)
    _printf_char_common                      0x08000493   Thumb Code    32  _printf_char_common.o(.text)
    _sputc                                   0x080004b9   Thumb Code    10  _sputc.o(.text)
    __aeabi_errno_addr                       0x080004c5   Thumb Code     8  rt_errno_addr_intlibspace.o(.text)
    __errno$intlibspace                      0x080004c5   Thumb Code     0  rt_errno_addr_intlibspace.o(.text)
    __rt_errno_addr$intlibspace              0x080004c5   Thumb Code     0  rt_errno_addr_intlibspace.o(.text)
    __user_libspace                          0x080004cd   Thumb Code     8  libspace.o(.text)
    __user_perproc_libspace                  0x080004cd   Thumb Code     0  libspace.o(.text)
    __user_perthread_libspace                0x080004cd   Thumb Code     0  libspace.o(.text)
    __user_setup_stackheap                   0x080004d5   Thumb Code    74  sys_stackheap_outer.o(.text)
    exit                                     0x0800051f   Thumb Code    18  exit.o(.text)
    _sys_exit                                0x08000531   Thumb Code     8  sys_exit.o(.text)
    __I$use$semihosting                      0x0800053d   Thumb Code     0  use_no_semi.o(.text)
    __use_no_semihosting_swi                 0x0800053d   Thumb Code     2  use_no_semi.o(.text)
    __semihosting_library_function           0x0800053f   Thumb Code     0  indicate_semi.o(.text)
    DFT                                      0x08000541   Thumb Code   510  main.o(i.DFT)
    FifoGet                                  0x0800076d   Thumb Code    66  fifo.o(i.FifoGet)
    FifoInit                                 0x080007af   Thumb Code    14  fifo.o(i.FifoInit)
    FifoPut                                  0x080007bd   Thumb Code    80  fifo.o(i.FifoPut)
    I2C1Init                                 0x0800080d   Thumb Code   150  i2c1.o(i.I2C1Init)
    SysTick_Handler                          0x080008b5   Thumb Code    86  main.o(i.SysTick_Handler)
    SystemCoreClockUpdate                    0x08000921   Thumb Code   212  system_stm32l4xx.o(i.SystemCoreClockUpdate)
    SystemInit                               0x08000a0d   Thumb Code    68  system_stm32l4xx.o(i.SystemInit)
    USART2_IRQHandler                        0x08000a5d   Thumb Code    36  uart2.o(i.USART2_IRQHandler)
    UartTransmit                             0x08000a89   Thumb Code    56  uart2.o(i.UartTransmit)
    __ARM_fpclassify                         0x08000ac9   Thumb Code    48  fpclassify.o(i.__ARM_fpclassify)
    __hardfp_cos                             0x08000af9   Thumb Code   180  cos.o(i.__hardfp_cos)
    __hardfp_pow                             0x08000bc1   Thumb Code  3072  pow.o(i.__hardfp_pow)
    __hardfp_sin                             0x08001841   Thumb Code   180  sin.o(i.__hardfp_sin)
    __hardfp_sqrt                            0x08001909   Thumb Code   122  sqrt.o(i.__hardfp_sqrt)
    __ieee754_rem_pio2                       0x08001989   Thumb Code   938  rred.o(i.__ieee754_rem_pio2)
    __kernel_cos                             0x08001dc9   Thumb Code   322  cos_i.o(i.__kernel_cos)
    __kernel_poly                            0x08001f39   Thumb Code   248  poly.o(i.__kernel_poly)
    __kernel_sin                             0x08002031   Thumb Code   280  sin_i.o(i.__kernel_sin)
    __mathlib_dbl_divzero                    0x08002179   Thumb Code    28  dunder.o(i.__mathlib_dbl_divzero)
    __mathlib_dbl_infnan                     0x080021a9   Thumb Code    20  dunder.o(i.__mathlib_dbl_infnan)
    __mathlib_dbl_infnan2                    0x080021bd   Thumb Code    20  dunder.o(i.__mathlib_dbl_infnan2)
    __mathlib_dbl_invalid                    0x080021d1   Thumb Code    24  dunder.o(i.__mathlib_dbl_invalid)
    __mathlib_dbl_overflow                   0x080021f1   Thumb Code    24  dunder.o(i.__mathlib_dbl_overflow)
    __mathlib_dbl_underflow                  0x08002211   Thumb Code    24  dunder.o(i.__mathlib_dbl_underflow)
    clock32MHz                               0x08002231   Thumb Code    40  main.o(i.clock32MHz)
    fabs                                     0x08002261   Thumb Code    24  fabs.o(i.fabs)
    main                                     0x08002279   Thumb Code   192  main.o(i.main)
    sqrt                                     0x0800235d   Thumb Code   110  sqrt.o(i.sqrt)
    __aeabi_dneg                             0x080023cb   Thumb Code     0  basic.o(x$fpl$basic)
    _dneg                                    0x080023cb   Thumb Code     6  basic.o(x$fpl$basic)
    __aeabi_fneg                             0x080023d1   Thumb Code     0  basic.o(x$fpl$basic)
    _fneg                                    0x080023d1   Thumb Code     6  basic.o(x$fpl$basic)
    _dabs                                    0x080023d7   Thumb Code     6  basic.o(x$fpl$basic)
    _fabs                                    0x080023dd   Thumb Code     6  basic.o(x$fpl$basic)
    __aeabi_dadd                             0x080023e5   Thumb Code     0  daddsub_clz.o(x$fpl$dadd)
    _dadd                                    0x080023e5   Thumb Code   332  daddsub_clz.o(x$fpl$dadd)
    __fpl_dcheck_NaN1                        0x08002535   Thumb Code    10  dcheck1.o(x$fpl$dcheck1)
    __fpl_dcmp_Inf                           0x08002545   Thumb Code    24  dcmpi.o(x$fpl$dcmpinf)
    __aeabi_ddiv                             0x0800255d   Thumb Code     0  ddiv.o(x$fpl$ddiv)
    _ddiv                                    0x0800255d   Thumb Code   552  ddiv.o(x$fpl$ddiv)
    __aeabi_d2iz                             0x0800280d   Thumb Code     0  dfix.o(x$fpl$dfix)
    _dfix                                    0x0800280d   Thumb Code    94  dfix.o(x$fpl$dfix)
    __aeabi_i2d                              0x0800286b   Thumb Code     0  dflt_clz.o(x$fpl$dflt)
    _dflt                                    0x0800286b   Thumb Code    46  dflt_clz.o(x$fpl$dflt)
    __aeabi_ui2d                             0x08002899   Thumb Code     0  dflt_clz.o(x$fpl$dfltu)
    _dfltu                                   0x08002899   Thumb Code    38  dflt_clz.o(x$fpl$dfltu)
    __aeabi_cdcmple                          0x080028c1   Thumb Code     0  dleqf.o(x$fpl$dleqf)
    _dcmple                                  0x080028c1   Thumb Code   120  dleqf.o(x$fpl$dleqf)
    __fpl_dcmple_InfNaN                      0x08002923   Thumb Code     0  dleqf.o(x$fpl$dleqf)
    __aeabi_dmul                             0x08002939   Thumb Code     0  dmul.o(x$fpl$dmul)
    _dmul                                    0x08002939   Thumb Code   332  dmul.o(x$fpl$dmul)
    __fpl_dnaninf                            0x08002a8d   Thumb Code   156  dnaninf.o(x$fpl$dnaninf)
    __fpl_dretinf                            0x08002b29   Thumb Code    12  dretinf.o(x$fpl$dretinf)
    __aeabi_cdrcmple                         0x08002b35   Thumb Code     0  drleqf.o(x$fpl$drleqf)
    _drcmple                                 0x08002b35   Thumb Code   108  drleqf.o(x$fpl$drleqf)
    __aeabi_drsub                            0x08002ba1   Thumb Code     0  daddsub_clz.o(x$fpl$drsb)
    _drsb                                    0x08002ba1   Thumb Code    22  daddsub_clz.o(x$fpl$drsb)
    _dsqrt                                   0x08002bb9   Thumb Code   404  dsqrt_umaal.o(x$fpl$dsqrt)
    __aeabi_dsub                             0x08002d51   Thumb Code     0  daddsub_clz.o(x$fpl$dsub)
    _dsub                                    0x08002d51   Thumb Code   464  daddsub_clz.o(x$fpl$dsub)
    __aeabi_f2d                              0x08002f25   Thumb Code     0  f2d.o(x$fpl$f2d)
    _f2d                                     0x08002f25   Thumb Code    86  f2d.o(x$fpl$f2d)
    __fpl_fnaninf                            0x08002f7b   Thumb Code   140  fnaninf.o(x$fpl$fnaninf)
    _fp_init                                 0x08003007   Thumb Code    10  fpinit.o(x$fpl$fpinit)
    __fplib_config_fpu_vfp                   0x0800300f   Thumb Code     0  fpinit.o(x$fpl$fpinit)
    __fplib_config_pureend_doubles           0x0800300f   Thumb Code     0  fpinit.o(x$fpl$fpinit)
    __fpl_return_NaN                         0x08003011   Thumb Code   100  retnan.o(x$fpl$retnan)
    __ARM_scalbn                             0x08003075   Thumb Code    92  scalbn.o(x$fpl$scalbn)
    __fpl_cmpreturn                          0x080030d1   Thumb Code    48  trapv.o(x$fpl$trapveneer)
    __I$use$fp                               0x08003100   Number         0  usenofp.o(x$fpl$usenofp)
    freTestp                                 0x08003100   Data          20  main.o(.constdata)
    AHBPrescTable                            0x08003114   Data          16  system_stm32l4xx.o(.constdata)
    APBPrescTable                            0x08003124   Data           8  system_stm32l4xx.o(.constdata)
    MSIRangeTable                            0x0800312c   Data          48  system_stm32l4xx.o(.constdata)
    __mathlib_zero                           0x08003218   Data           8  qnan.o(.constdata)
    Region$$Table$$Base                      0x08003310   Number         0  anon$$obj.o(Region$$Table)
    Region$$Table$$Limit                     0x08003330   Number         0  anon$$obj.o(Region$$Table)
    dIndex                                   0x20000000   Data           2  main.o(.data)
    SystemCoreClock                          0x20000004   Data           4  system_stm32l4xx.o(.data)
    data                                     0x20000008   Data        4100  main.o(.bss)
    ADCData                                  0x2000100c   Data        2048  main.o(.bss)
    TX                                       0x2000180c   Data        4100  uart2.o(.bss)
    __libspace_start                         0x20002810   Data          96  libspace.o(.bss)
    __temporary_stack_top$libspace           0x20002870   Data           0  libspace.o(.bss)



==============================================================================

Memory Map of the image

  Image Entry point : 0x08000235

  Load Region LR_1 (Base: 0x08000000, Size: 0x00003338, Max: 0xffffffff, ABSOLUTE)

    Execution Region ER_RO (Exec base: 0x08000000, Load base: 0x08000000, Size: 0x00003330, Max: 0xffffffff, ABSOLUTE)

    Exec Addr    Load Addr    Size         Type   Attr      Idx    E Section Name        Object

    0x08000000   0x08000000   0x0000018c   Data   RO          209    RESET               startup_stm32l432xx.o
    0x0800018c   0x0800018c   0x00000008   Code   RO          290  * !!!main             c_w.l(__main.o)
    0x08000194   0x08000194   0x00000034   Code   RO          601    !!!scatter          c_w.l(__scatter.o)
    0x080001c8   0x080001c8   0x0000001a   Code   RO          603    !!handler_copy      c_w.l(__scatter_copy.o)
    0x080001e2   0x080001e2   0x00000002   PAD
    0x080001e4   0x080001e4   0x0000001c   Code   RO          605    !!handler_zi        c_w.l(__scatter_zi.o)
    0x08000200   0x08000200   0x00000000   Code   RO          285    .ARM.Collect$$_printf_percent$$00000000  c_w.l(_printf_percent.o)
    0x08000200   0x08000200   0x00000006   Code   RO          284    .ARM.Collect$$_printf_percent$$00000009  c_w.l(_printf_d.o)
    0x08000206   0x08000206   0x00000004   Code   RO          375    .ARM.Collect$$_printf_percent$$00000017  c_w.l(_printf_percent_end.o)
    0x0800020a   0x0800020a   0x00000002   Code   RO          470    .ARM.Collect$$libinit$$00000000  c_w.l(libinit.o)
    0x0800020c   0x0800020c   0x00000004   Code   RO          475    .ARM.Collect$$libinit$$00000001  c_w.l(libinit2.o)
    0x08000210   0x08000210   0x00000000   Code   RO          478    .ARM.Collect$$libinit$$00000004  c_w.l(libinit2.o)
    0x08000210   0x08000210   0x00000000   Code   RO          481    .ARM.Collect$$libinit$$0000000A  c_w.l(libinit2.o)
    0x08000210   0x08000210   0x00000000   Code   RO          483    .ARM.Collect$$libinit$$0000000C  c_w.l(libinit2.o)
    0x08000210   0x08000210   0x00000000   Code   RO          485    .ARM.Collect$$libinit$$0000000E  c_w.l(libinit2.o)
    0x08000210   0x08000210   0x00000000   Code   RO          488    .ARM.Collect$$libinit$$00000011  c_w.l(libinit2.o)
    0x08000210   0x08000210   0x00000000   Code   RO          490    .ARM.Collect$$libinit$$00000013  c_w.l(libinit2.o)
    0x08000210   0x08000210   0x00000000   Code   RO          492    .ARM.Collect$$libinit$$00000015  c_w.l(libinit2.o)
    0x08000210   0x08000210   0x00000000   Code   RO          494    .ARM.Collect$$libinit$$00000017  c_w.l(libinit2.o)
    0x08000210   0x08000210   0x00000000   Code   RO          496    .ARM.Collect$$libinit$$00000019  c_w.l(libinit2.o)
    0x08000210   0x08000210   0x00000000   Code   RO          498    .ARM.Collect$$libinit$$0000001B  c_w.l(libinit2.o)
    0x08000210   0x08000210   0x00000000   Code   RO          500    .ARM.Collect$$libinit$$0000001D  c_w.l(libinit2.o)
    0x08000210   0x08000210   0x00000000   Code   RO          502    .ARM.Collect$$libinit$$0000001F  c_w.l(libinit2.o)
    0x08000210   0x08000210   0x00000000   Code   RO          504    .ARM.Collect$$libinit$$00000021  c_w.l(libinit2.o)
    0x08000210   0x08000210   0x00000000   Code   RO          506    .ARM.Collect$$libinit$$00000023  c_w.l(libinit2.o)
    0x08000210   0x08000210   0x00000000   Code   RO          508    .ARM.Collect$$libinit$$00000025  c_w.l(libinit2.o)
    0x08000210   0x08000210   0x00000000   Code   RO          512    .ARM.Collect$$libinit$$0000002C  c_w.l(libinit2.o)
    0x08000210   0x08000210   0x00000000   Code   RO          514    .ARM.Collect$$libinit$$0000002E  c_w.l(libinit2.o)
    0x08000210   0x08000210   0x00000000   Code   RO          516    .ARM.Collect$$libinit$$00000030  c_w.l(libinit2.o)
    0x08000210   0x08000210   0x00000000   Code   RO          518    .ARM.Collect$$libinit$$00000032  c_w.l(libinit2.o)
    0x08000210   0x08000210   0x00000002   Code   RO          519    .ARM.Collect$$libinit$$00000033  c_w.l(libinit2.o)
    0x08000212   0x08000212   0x00000002   Code   RO          541    .ARM.Collect$$libshutdown$$00000000  c_w.l(libshutdown.o)
    0x08000214   0x08000214   0x00000000   Code   RO          554    .ARM.Collect$$libshutdown$$00000002  c_w.l(libshutdown2.o)
    0x08000214   0x08000214   0x00000000   Code   RO          556    .ARM.Collect$$libshutdown$$00000004  c_w.l(libshutdown2.o)
    0x08000214   0x08000214   0x00000000   Code   RO          559    .ARM.Collect$$libshutdown$$00000007  c_w.l(libshutdown2.o)
    0x08000214   0x08000214   0x00000000   Code   RO          562    .ARM.Collect$$libshutdown$$0000000A  c_w.l(libshutdown2.o)
    0x08000214   0x08000214   0x00000000   Code   RO          564    .ARM.Collect$$libshutdown$$0000000C  c_w.l(libshutdown2.o)
    0x08000214   0x08000214   0x00000000   Code   RO          567    .ARM.Collect$$libshutdown$$0000000F  c_w.l(libshutdown2.o)
    0x08000214   0x08000214   0x00000002   Code   RO          568    .ARM.Collect$$libshutdown$$00000010  c_w.l(libshutdown2.o)
    0x08000216   0x08000216   0x00000000   Code   RO          366    .ARM.Collect$$rtentry$$00000000  c_w.l(__rtentry.o)
    0x08000216   0x08000216   0x00000000   Code   RO          433    .ARM.Collect$$rtentry$$00000002  c_w.l(__rtentry2.o)
    0x08000216   0x08000216   0x00000006   Code   RO          445    .ARM.Collect$$rtentry$$00000004  c_w.l(__rtentry4.o)
    0x0800021c   0x0800021c   0x00000000   Code   RO          435    .ARM.Collect$$rtentry$$00000009  c_w.l(__rtentry2.o)
    0x0800021c   0x0800021c   0x00000004   Code   RO          436    .ARM.Collect$$rtentry$$0000000A  c_w.l(__rtentry2.o)
    0x08000220   0x08000220   0x00000000   Code   RO          438    .ARM.Collect$$rtentry$$0000000C  c_w.l(__rtentry2.o)
    0x08000220   0x08000220   0x00000008   Code   RO          439    .ARM.Collect$$rtentry$$0000000D  c_w.l(__rtentry2.o)
    0x08000228   0x08000228   0x00000002   Code   RO          473    .ARM.Collect$$rtexit$$00000000  c_w.l(rtexit.o)
    0x0800022a   0x0800022a   0x00000000   Code   RO          523    .ARM.Collect$$rtexit$$00000002  c_w.l(rtexit2.o)
    0x0800022a   0x0800022a   0x00000004   Code   RO          524    .ARM.Collect$$rtexit$$00000003  c_w.l(rtexit2.o)
    0x0800022e   0x0800022e   0x00000006   Code   RO          525    .ARM.Collect$$rtexit$$00000004  c_w.l(rtexit2.o)
    0x08000234   0x08000234   0x00000040   Code   RO          210  * .text               startup_stm32l432xx.o
    0x08000274   0x08000274   0x00000028   Code   RO          258    .text               c_w.l(noretval__2sprintf.o)
    0x0800029c   0x0800029c   0x00000068   Code   RO          260    .text               c_w.l(__printf.o)
    0x08000304   0x08000304   0x00000078   Code   RO          262    .text               c_w.l(_printf_dec.o)
    0x0800037c   0x0800037c   0x0000003e   Code   RO          286    .text               c_w.l(strlen.o)
    0x080003ba   0x080003ba   0x00000006   Code   RO          288    .text               c_w.l(heapauxi.o)
    0x080003c0   0x080003c0   0x00000016   Code   RO          367    .text               c_w.l(_rserrno.o)
    0x080003d6   0x080003d6   0x000000b2   Code   RO          369    .text               c_w.l(_printf_intcommon.o)
    0x08000488   0x08000488   0x00000030   Code   RO          371    .text               c_w.l(_printf_char_common.o)
    0x080004b8   0x080004b8   0x0000000a   Code   RO          373    .text               c_w.l(_sputc.o)
    0x080004c2   0x080004c2   0x00000002   PAD
    0x080004c4   0x080004c4   0x00000008   Code   RO          450    .text               c_w.l(rt_errno_addr_intlibspace.o)
    0x080004cc   0x080004cc   0x00000008   Code   RO          458    .text               c_w.l(libspace.o)
    0x080004d4   0x080004d4   0x0000004a   Code   RO          461    .text               c_w.l(sys_stackheap_outer.o)
    0x0800051e   0x0800051e   0x00000012   Code   RO          463    .text               c_w.l(exit.o)
    0x08000530   0x08000530   0x0000000c   Code   RO          533    .text               c_w.l(sys_exit.o)
    0x0800053c   0x0800053c   0x00000002   Code   RO          544    .text               c_w.l(use_no_semi.o)
    0x0800053e   0x0800053e   0x00000000   Code   RO          546    .text               c_w.l(indicate_semi.o)
    0x0800053e   0x0800053e   0x00000002   PAD
    0x08000540   0x08000540   0x0000022c   Code   RO            5    i.DFT               main.o
    0x0800076c   0x0800076c   0x00000042   Code   RO          112    i.FifoGet           fifo.o
    0x080007ae   0x080007ae   0x0000000e   Code   RO          113    i.FifoInit          fifo.o
    0x080007bc   0x080007bc   0x00000050   Code   RO          114    i.FifoPut           fifo.o
    0x0800080c   0x0800080c   0x000000a8   Code   RO          182    i.I2C1Init          i2c1.o
    0x080008b4   0x080008b4   0x0000006c   Code   RO            7    i.SysTick_Handler   main.o
    0x08000920   0x08000920   0x000000ec   Code   RO          217    i.SystemCoreClockUpdate  system_stm32l4xx.o
    0x08000a0c   0x08000a0c   0x00000050   Code   RO          218    i.SystemInit        system_stm32l4xx.o
    0x08000a5c   0x08000a5c   0x0000002c   Code   RO          139    i.USART2_IRQHandler  uart2.o
    0x08000a88   0x08000a88   0x00000040   Code   RO          141    i.UartTransmit      uart2.o
    0x08000ac8   0x08000ac8   0x00000030   Code   RO          416    i.__ARM_fpclassify  m_wm.l(fpclassify.o)
    0x08000af8   0x08000af8   0x000000c8   Code   RO          316    i.__hardfp_cos      m_wm.l(cos.o)
    0x08000bc0   0x08000bc0   0x00000c80   Code   RO          328    i.__hardfp_pow      m_wm.l(pow.o)
    0x08001840   0x08001840   0x000000c8   Code   RO          342    i.__hardfp_sin      m_wm.l(sin.o)
    0x08001908   0x08001908   0x0000007a   Code   RO          354    i.__hardfp_sqrt     m_wm.l(sqrt.o)
    0x08001982   0x08001982   0x00000006   PAD
    0x08001988   0x08001988   0x0000043e   Code   RO          421    i.__ieee754_rem_pio2  m_wm.l(rred.o)
    0x08001dc6   0x08001dc6   0x00000002   PAD
    0x08001dc8   0x08001dc8   0x00000170   Code   RO          393    i.__kernel_cos      m_wm.l(cos_i.o)
    0x08001f38   0x08001f38   0x000000f8   Code   RO          418    i.__kernel_poly     m_wm.l(poly.o)
    0x08002030   0x08002030   0x00000148   Code   RO          426    i.__kernel_sin      m_wm.l(sin_i.o)
    0x08002178   0x08002178   0x00000030   Code   RO          396    i.__mathlib_dbl_divzero  m_wm.l(dunder.o)
    0x080021a8   0x080021a8   0x00000014   Code   RO          397    i.__mathlib_dbl_infnan  m_wm.l(dunder.o)
    0x080021bc   0x080021bc   0x00000014   Code   RO          398    i.__mathlib_dbl_infnan2  m_wm.l(dunder.o)
    0x080021d0   0x080021d0   0x00000020   Code   RO          399    i.__mathlib_dbl_invalid  m_wm.l(dunder.o)
    0x080021f0   0x080021f0   0x00000020   Code   RO          400    i.__mathlib_dbl_overflow  m_wm.l(dunder.o)
    0x08002210   0x08002210   0x00000020   Code   RO          402    i.__mathlib_dbl_underflow  m_wm.l(dunder.o)
    0x08002230   0x08002230   0x00000030   Code   RO            8    i.clock32MHz        main.o
    0x08002260   0x08002260   0x00000018   Code   RO          412    i.fabs              m_wm.l(fabs.o)
    0x08002278   0x08002278   0x000000e4   Code   RO            9    i.main              main.o
    0x0800235c   0x0800235c   0x0000006e   Code   RO          356    i.sqrt              m_wm.l(sqrt.o)
    0x080023ca   0x080023ca   0x00000018   Code   RO          376    x$fpl$basic         fz_wm.l(basic.o)
    0x080023e2   0x080023e2   0x00000002   PAD
    0x080023e4   0x080023e4   0x00000150   Code   RO          292    x$fpl$dadd          fz_wm.l(daddsub_clz.o)
    0x08002534   0x08002534   0x00000010   Code   RO          454    x$fpl$dcheck1       fz_wm.l(dcheck1.o)
    0x08002544   0x08002544   0x00000018   Code   RO          456    x$fpl$dcmpinf       fz_wm.l(dcmpi.o)
    0x0800255c   0x0800255c   0x000002b0   Code   RO          299    x$fpl$ddiv          fz_wm.l(ddiv.o)
    0x0800280c   0x0800280c   0x0000005e   Code   RO          302    x$fpl$dfix          fz_wm.l(dfix.o)
    0x0800286a   0x0800286a   0x0000002e   Code   RO          307    x$fpl$dflt          fz_wm.l(dflt_clz.o)
    0x08002898   0x08002898   0x00000026   Code   RO          306    x$fpl$dfltu         fz_wm.l(dflt_clz.o)
    0x080028be   0x080028be   0x00000002   PAD
    0x080028c0   0x080028c0   0x00000078   Code   RO          378    x$fpl$dleqf         fz_wm.l(dleqf.o)
    0x08002938   0x08002938   0x00000154   Code   RO          312    x$fpl$dmul          fz_wm.l(dmul.o)
    0x08002a8c   0x08002a8c   0x0000009c   Code   RO          380    x$fpl$dnaninf       fz_wm.l(dnaninf.o)
    0x08002b28   0x08002b28   0x0000000c   Code   RO          382    x$fpl$dretinf       fz_wm.l(dretinf.o)
    0x08002b34   0x08002b34   0x0000006c   Code   RO          384    x$fpl$drleqf        fz_wm.l(drleqf.o)
    0x08002ba0   0x08002ba0   0x00000016   Code   RO          293    x$fpl$drsb          fz_wm.l(daddsub_clz.o)
    0x08002bb6   0x08002bb6   0x00000002   PAD
    0x08002bb8   0x08002bb8   0x00000198   Code   RO          386    x$fpl$dsqrt         fz_wm.l(dsqrt_umaal.o)
    0x08002d50   0x08002d50   0x000001d4   Code   RO          294    x$fpl$dsub          fz_wm.l(daddsub_clz.o)
    0x08002f24   0x08002f24   0x00000056   Code   RO          314    x$fpl$f2d           fz_wm.l(f2d.o)
    0x08002f7a   0x08002f7a   0x0000008c   Code   RO          388    x$fpl$fnaninf       fz_wm.l(fnaninf.o)
    0x08003006   0x08003006   0x0000000a   Code   RO          531    x$fpl$fpinit        fz_wm.l(fpinit.o)
    0x08003010   0x08003010   0x00000064   Code   RO          471    x$fpl$retnan        fz_wm.l(retnan.o)
    0x08003074   0x08003074   0x0000005c   Code   RO          390    x$fpl$scalbn        fz_wm.l(scalbn.o)
    0x080030d0   0x080030d0   0x00000030   Code   RO          520    x$fpl$trapveneer    fz_wm.l(trapv.o)
    0x08003100   0x08003100   0x00000000   Code   RO          392    x$fpl$usenofp       fz_wm.l(usenofp.o)
    0x08003100   0x08003100   0x00000014   Data   RO           11    .constdata          main.o
    0x08003114   0x08003114   0x00000048   Data   RO          219    .constdata          system_stm32l4xx.o
    0x0800315c   0x0800315c   0x00000004   PAD
    0x08003160   0x08003160   0x00000088   Data   RO          331    .constdata          m_wm.l(pow.o)
    0x080031e8   0x080031e8   0x00000030   Data   RO          394    .constdata          m_wm.l(cos_i.o)
    0x08003218   0x08003218   0x00000008   Data   RO          420    .constdata          m_wm.l(qnan.o)
    0x08003220   0x08003220   0x000000c8   Data   RO          423    .constdata          m_wm.l(rred.o)
    0x080032e8   0x080032e8   0x00000028   Data   RO          427    .constdata          m_wm.l(sin_i.o)
    0x08003310   0x08003310   0x00000020   Data   RO          599    Region$$Table       anon$$obj.o


    Execution Region ER_RW (Exec base: 0x20000000, Load base: 0x08003330, Size: 0x00000008, Max: 0xffffffff, ABSOLUTE)

    Exec Addr    Load Addr    Size         Type   Attr      Idx    E Section Name        Object

    0x20000000   0x08003330   0x00000002   Data   RW           12    .data               main.o
    0x20000002   0x08003332   0x00000002   PAD
    0x20000004   0x08003334   0x00000004   Data   RW          220    .data               system_stm32l4xx.o


    Execution Region ER_ZI (Exec base: 0x20000008, Load base: 0x08003338, Size: 0x00002e68, Max: 0xffffffff, ABSOLUTE)

    Exec Addr    Load Addr    Size         Type   Attr      Idx    E Section Name        Object

    0x20000008        -       0x00001804   Zero   RW           10    .bss                main.o
    0x2000180c        -       0x00001004   Zero   RW          142    .bss                uart2.o
    0x20002810        -       0x00000060   Zero   RW          459    .bss                c_w.l(libspace.o)
    0x20002870        -       0x00000200   Zero   RW          208    HEAP                startup_stm32l432xx.o
    0x20002a70        -       0x00000400   Zero   RW          207    STACK               startup_stm32l432xx.o


==============================================================================

Image component sizes


      Code (inc. data)   RO Data    RW Data    ZI Data      Debug   Object Name

       160          0          0          0          0       2075   fifo.o
       168         18          0          0          0        499   i2c1.o
       940        100         20          2       6148     545418   main.o
        64         26        396          0       1536        896   startup_stm32l432xx.o
       316         36         72          4          0       2457   system_stm32l4xx.o
       108         16          0          0       4100       1916   uart2.o

    ----------------------------------------------------------------------
      1756        196        524          8      11784     553261   Object Totals
         0          0         32          0          0          0   (incl. Generated)
         0          0          4          2          0          0   (incl. Padding)

    ----------------------------------------------------------------------

      Code (inc. data)   RO Data    RW Data    ZI Data      Debug   Library Member Name

         8          0          0          0          0         68   __main.o
       104          0          0          0          0         84   __printf.o
         0          0          0          0          0          0   __rtentry.o
        12          0          0          0          0          0   __rtentry2.o
         6          0          0          0          0          0   __rtentry4.o
        52          8          0          0          0          0   __scatter.o
        26          0          0          0          0          0   __scatter_copy.o
        28          0          0          0          0          0   __scatter_zi.o
        48          6          0          0          0         96   _printf_char_common.o
         6          0          0          0          0          0   _printf_d.o
       120         16          0          0          0         92   _printf_dec.o
       178          0          0          0          0         88   _printf_intcommon.o
         0          0          0          0          0          0   _printf_percent.o
         4          0          0          0          0          0   _printf_percent_end.o
        22          0          0          0          0        100   _rserrno.o
        10          0          0          0          0         68   _sputc.o
        18          0          0          0          0         80   exit.o
         6          0          0          0          0        152   heapauxi.o
         0          0          0          0          0          0   indicate_semi.o
         2          0          0          0          0          0   libinit.o
         6          0          0          0          0          0   libinit2.o
         2          0          0          0          0          0   libshutdown.o
         2          0          0          0          0          0   libshutdown2.o
         8          4          0          0         96         68   libspace.o
        40          6          0          0          0         84   noretval__2sprintf.o
         8          4          0          0          0         68   rt_errno_addr_intlibspace.o
         2          0          0          0          0          0   rtexit.o
        10          0          0          0          0          0   rtexit2.o
        62          0          0          0          0         76   strlen.o
        12          4          0          0          0         68   sys_exit.o
        74          0          0          0          0         80   sys_stackheap_outer.o
         2          0          0          0          0         68   use_no_semi.o
        24          0          0          0          0        164   basic.o
       826         16          0          0          0        492   daddsub_clz.o
        16          4          0          0          0        116   dcheck1.o
        24          0          0          0          0        116   dcmpi.o
       688        140          0          0          0        256   ddiv.o
        94          4          0          0          0        140   dfix.o
        84          0          0          0          0        232   dflt_clz.o
       120          4          0          0          0        140   dleqf.o
       340         12          0          0          0        152   dmul.o
       156          4          0          0          0        140   dnaninf.o
        12          0          0          0          0        116   dretinf.o
       108          0          0          0          0        128   drleqf.o
       408         56          0          0          0        168   dsqrt_umaal.o
        86          4          0          0          0        132   f2d.o
       140          4          0          0          0        132   fnaninf.o
        10          0          0          0          0        116   fpinit.o
       100          0          0          0          0        116   retnan.o
        92          0          0          0          0        116   scalbn.o
        48          0          0          0          0        116   trapv.o
         0          0          0          0          0          0   usenofp.o
       200         20          0          0          0        164   cos.o
       368         46         48          0          0        200   cos_i.o
       184         44          0          0          0        744   dunder.o
        24          0          0          0          0        124   fabs.o
        48          0          0          0          0        124   fpclassify.o
       248          0          0          0          0        152   poly.o
      3200        296        136          0          0        352   pow.o
         0          0          8          0          0          0   qnan.o
      1086        142        200          0          0        188   rred.o
       200         20          0          0          0        164   sin.o
       328         24         40          0          0        208   sin_i.o
       232          0          0          0          0        296   sqrt.o

    ----------------------------------------------------------------------
     10392        888        432          0         96       7144   Library Totals
        20          0          0          0          0          0   (incl. Padding)

    ----------------------------------------------------------------------

      Code (inc. data)   RO Data    RW Data    ZI Data      Debug   Library Name

       878         48          0          0         96       1340   c_w.l
      3376        248          0          0          0       3088   fz_wm.l
      6118        592        432          0          0       2716   m_wm.l

    ----------------------------------------------------------------------
     10392        888        432          0         96       7144   Library Totals

    ----------------------------------------------------------------------

==============================================================================


      Code (inc. data)   RO Data    RW Data    ZI Data      Debug   

     12148       1084        956          8      11880     555181   Grand Totals
     12148       1084        956          8      11880     555181   ELF Image Totals
     12148       1084        956          8          0          0   ROM Totals

==============================================================================

    Total RO  Size (Code + RO Data)                13104 (  12.80kB)
    Total RW  Size (RW Data + ZI Data)             11888 (  11.61kB)
    Total ROM Size (Code + RO Data + RW Data)      13112 (  12.80kB)

==============================================================================

