Archive member included to satisfy reference by file (symbol)

c:/program files (x86)/atmel/studio/7.0/toolchain/avr8/avr8-gnu-toolchain/bin/../lib/gcc/avr/5.4.0/avr25\libgcc.a(_exit.o)
                              C:/Program Files (x86)/Microchip/MPLABX/v5.30/packs/Microchip/ATtiny_DFP/2.0.10/gcc/dev/attiny45/avr25/crtattiny45.o (exit)
c:/program files (x86)/atmel/studio/7.0/toolchain/avr8/avr8-gnu-toolchain/bin/../lib/gcc/avr/5.4.0/avr25\libgcc.a(_clear_bss.o)
                              build/default/debug/ir.o (__do_clear_bss)

Allocating common symbols
Common symbol       size              file

buffer              0x1               build/default/debug/ir.o
data                0x4               build/default/debug/ir.o
prev                0x4               build/default/debug/ir.o

Discarded input sections

 .data          0x00000000        0x0 C:/Program Files (x86)/Microchip/MPLABX/v5.30/packs/Microchip/ATtiny_DFP/2.0.10/gcc/dev/attiny45/avr25/crtattiny45.o
 .bss           0x00000000        0x0 C:/Program Files (x86)/Microchip/MPLABX/v5.30/packs/Microchip/ATtiny_DFP/2.0.10/gcc/dev/attiny45/avr25/crtattiny45.o
 .text          0x00000000        0x0 build/default/debug/main.o
 .data          0x00000000        0x0 build/default/debug/main.o
 .bss           0x00000000        0x0 build/default/debug/main.o
 .text          0x00000000        0x0 build/default/debug/ir.o
 .data          0x00000000        0x0 build/default/debug/ir.o
 .bss           0x00000000        0x0 build/default/debug/ir.o
 .text.getBoth  0x00000000       0x26 build/default/debug/ir.o
 .text.getAddress
                0x00000000       0x22 build/default/debug/ir.o
 .text          0x00000000        0x0 build/default/debug/spi.o
 .data          0x00000000        0x0 build/default/debug/spi.o
 .bss           0x00000000        0x0 build/default/debug/spi.o
 .text          0x00000000        0x0 build/default/debug/slave.o
 .data          0x00000000        0x0 build/default/debug/slave.o
 .bss           0x00000000        0x0 build/default/debug/slave.o
 .data          0x00000000        0x0 build/default/debug/interrupt.o
 .bss           0x00000000        0x0 build/default/debug/interrupt.o
 .text          0x00000000        0x0 c:/program files (x86)/atmel/studio/7.0/toolchain/avr8/avr8-gnu-toolchain/bin/../lib/gcc/avr/5.4.0/avr25\libgcc.a(_exit.o)
 .data          0x00000000        0x0 c:/program files (x86)/atmel/studio/7.0/toolchain/avr8/avr8-gnu-toolchain/bin/../lib/gcc/avr/5.4.0/avr25\libgcc.a(_exit.o)
 .bss           0x00000000        0x0 c:/program files (x86)/atmel/studio/7.0/toolchain/avr8/avr8-gnu-toolchain/bin/../lib/gcc/avr/5.4.0/avr25\libgcc.a(_exit.o)
 .text.libgcc.mul
                0x00000000        0x0 c:/program files (x86)/atmel/studio/7.0/toolchain/avr8/avr8-gnu-toolchain/bin/../lib/gcc/avr/5.4.0/avr25\libgcc.a(_exit.o)
 .text.libgcc.div
                0x00000000        0x0 c:/program files (x86)/atmel/studio/7.0/toolchain/avr8/avr8-gnu-toolchain/bin/../lib/gcc/avr/5.4.0/avr25\libgcc.a(_exit.o)
 .text.libgcc   0x00000000        0x0 c:/program files (x86)/atmel/studio/7.0/toolchain/avr8/avr8-gnu-toolchain/bin/../lib/gcc/avr/5.4.0/avr25\libgcc.a(_exit.o)
 .text.libgcc.prologue
                0x00000000        0x0 c:/program files (x86)/atmel/studio/7.0/toolchain/avr8/avr8-gnu-toolchain/bin/../lib/gcc/avr/5.4.0/avr25\libgcc.a(_exit.o)
 .text.libgcc.builtins
                0x00000000        0x0 c:/program files (x86)/atmel/studio/7.0/toolchain/avr8/avr8-gnu-toolchain/bin/../lib/gcc/avr/5.4.0/avr25\libgcc.a(_exit.o)
 .text.libgcc.fmul
                0x00000000        0x0 c:/program files (x86)/atmel/studio/7.0/toolchain/avr8/avr8-gnu-toolchain/bin/../lib/gcc/avr/5.4.0/avr25\libgcc.a(_exit.o)
 .text.libgcc.fixed
                0x00000000        0x0 c:/program files (x86)/atmel/studio/7.0/toolchain/avr8/avr8-gnu-toolchain/bin/../lib/gcc/avr/5.4.0/avr25\libgcc.a(_exit.o)
 .text          0x00000000        0x0 c:/program files (x86)/atmel/studio/7.0/toolchain/avr8/avr8-gnu-toolchain/bin/../lib/gcc/avr/5.4.0/avr25\libgcc.a(_clear_bss.o)
 .data          0x00000000        0x0 c:/program files (x86)/atmel/studio/7.0/toolchain/avr8/avr8-gnu-toolchain/bin/../lib/gcc/avr/5.4.0/avr25\libgcc.a(_clear_bss.o)
 .bss           0x00000000        0x0 c:/program files (x86)/atmel/studio/7.0/toolchain/avr8/avr8-gnu-toolchain/bin/../lib/gcc/avr/5.4.0/avr25\libgcc.a(_clear_bss.o)
 .text.libgcc.mul
                0x00000000        0x0 c:/program files (x86)/atmel/studio/7.0/toolchain/avr8/avr8-gnu-toolchain/bin/../lib/gcc/avr/5.4.0/avr25\libgcc.a(_clear_bss.o)
 .text.libgcc.div
                0x00000000        0x0 c:/program files (x86)/atmel/studio/7.0/toolchain/avr8/avr8-gnu-toolchain/bin/../lib/gcc/avr/5.4.0/avr25\libgcc.a(_clear_bss.o)
 .text.libgcc   0x00000000        0x0 c:/program files (x86)/atmel/studio/7.0/toolchain/avr8/avr8-gnu-toolchain/bin/../lib/gcc/avr/5.4.0/avr25\libgcc.a(_clear_bss.o)
 .text.libgcc.prologue
                0x00000000        0x0 c:/program files (x86)/atmel/studio/7.0/toolchain/avr8/avr8-gnu-toolchain/bin/../lib/gcc/avr/5.4.0/avr25\libgcc.a(_clear_bss.o)
 .text.libgcc.builtins
                0x00000000        0x0 c:/program files (x86)/atmel/studio/7.0/toolchain/avr8/avr8-gnu-toolchain/bin/../lib/gcc/avr/5.4.0/avr25\libgcc.a(_clear_bss.o)
 .text.libgcc.fmul
                0x00000000        0x0 c:/program files (x86)/atmel/studio/7.0/toolchain/avr8/avr8-gnu-toolchain/bin/../lib/gcc/avr/5.4.0/avr25\libgcc.a(_clear_bss.o)
 .text.libgcc.fixed
                0x00000000        0x0 c:/program files (x86)/atmel/studio/7.0/toolchain/avr8/avr8-gnu-toolchain/bin/../lib/gcc/avr/5.4.0/avr25\libgcc.a(_clear_bss.o)

Memory Configuration

Name             Origin             Length             Attributes
text             0x00000000         0x00001000         xr
data             0x00800060         0x00000100         rw !x
eeprom           0x00810000         0x00000100         rw !x
fuse             0x00820000         0x00000003         rw !x
lock             0x00830000         0x00000400         rw !x
signature        0x00840000         0x00000400         rw !x
user_signatures  0x00850000         0x00000400         rw !x
*default*        0x00000000         0xffffffff

Linker script and memory map

LOAD C:/Program Files (x86)/Microchip/MPLABX/v5.30/packs/Microchip/ATtiny_DFP/2.0.10/gcc/dev/attiny45/avr25/crtattiny45.o
LOAD build/default/debug/main.o
LOAD build/default/debug/ir.o
LOAD build/default/debug/spi.o
LOAD build/default/debug/slave.o
LOAD build/default/debug/interrupt.o
                0x00000001                __MPLAB_BUILD = 0x1
                0x00000001                __ICD2RAM = 0x1
                0x00000001                __MPLAB_DEBUG = 0x1
                0x00000001                __DEBUG = 0x1
START GROUP
LOAD c:/program files (x86)/atmel/studio/7.0/toolchain/avr8/avr8-gnu-toolchain/bin/../lib/gcc/avr/5.4.0/../../../../avr/lib/avr25\libm.a
END GROUP
START GROUP
LOAD c:/program files (x86)/atmel/studio/7.0/toolchain/avr8/avr8-gnu-toolchain/bin/../lib/gcc/avr/5.4.0/avr25\libgcc.a
LOAD c:/program files (x86)/atmel/studio/7.0/toolchain/avr8/avr8-gnu-toolchain/bin/../lib/gcc/avr/5.4.0/../../../../avr/lib/avr25\libm.a
LOAD c:/program files (x86)/atmel/studio/7.0/toolchain/avr8/avr8-gnu-toolchain/bin/../lib/gcc/avr/5.4.0/../../../../avr/lib/avr25\libc.a
LOAD C:/Program Files (x86)/Microchip/MPLABX/v5.30/packs/Microchip/ATtiny_DFP/2.0.10/gcc/dev/attiny45/avr25\libattiny45.a
END GROUP
                0x00000000                __TEXT_REGION_ORIGIN__ = DEFINED (__TEXT_REGION_ORIGIN__)?__TEXT_REGION_ORIGIN__:0x0
                [0x00800060]                __DATA_REGION_ORIGIN__ = DEFINED (__DATA_REGION_ORIGIN__)?__DATA_REGION_ORIGIN__:0x800060
                [0x00001000]                __TEXT_REGION_LENGTH__ = DEFINED (__TEXT_REGION_LENGTH__)?__TEXT_REGION_LENGTH__:0x2000
                [0x00000100]                __DATA_REGION_LENGTH__ = DEFINED (__DATA_REGION_LENGTH__)?__DATA_REGION_LENGTH__:0xffa0
                [0x00000100]                __EEPROM_REGION_LENGTH__ = DEFINED (__EEPROM_REGION_LENGTH__)?__EEPROM_REGION_LENGTH__:0x10000
                [0x00000003]                __FUSE_REGION_LENGTH__ = DEFINED (__FUSE_REGION_LENGTH__)?__FUSE_REGION_LENGTH__:0x400
                0x00000400                __LOCK_REGION_LENGTH__ = DEFINED (__LOCK_REGION_LENGTH__)?__LOCK_REGION_LENGTH__:0x400
                0x00000400                __SIGNATURE_REGION_LENGTH__ = DEFINED (__SIGNATURE_REGION_LENGTH__)?__SIGNATURE_REGION_LENGTH__:0x400
                0x00000400                __USER_SIGNATURE_REGION_LENGTH__ = DEFINED (__USER_SIGNATURE_REGION_LENGTH__)?__USER_SIGNATURE_REGION_LENGTH__:0x400

.hash
 *(.hash)

.dynsym
 *(.dynsym)

.dynstr
 *(.dynstr)

.gnu.version
 *(.gnu.version)

.gnu.version_d
 *(.gnu.version_d)

.gnu.version_r
 *(.gnu.version_r)

.rel.init
 *(.rel.init)

.rela.init
 *(.rela.init)

.rel.text
 *(.rel.text)
 *(.rel.text.*)
 *(.rel.gnu.linkonce.t*)

.rela.text
 *(.rela.text)
 *(.rela.text.*)
 *(.rela.gnu.linkonce.t*)

.rel.fini
 *(.rel.fini)

.rela.fini
 *(.rela.fini)

.rel.rodata
 *(.rel.rodata)
 *(.rel.rodata.*)
 *(.rel.gnu.linkonce.r*)

.rela.rodata
 *(.rela.rodata)
 *(.rela.rodata.*)
 *(.rela.gnu.linkonce.r*)

.rel.data
 *(.rel.data)
 *(.rel.data.*)
 *(.rel.gnu.linkonce.d*)

.rela.data
 *(.rela.data)
 *(.rela.data.*)
 *(.rela.gnu.linkonce.d*)

.rel.ctors
 *(.rel.ctors)

.rela.ctors
 *(.rela.ctors)

.rel.dtors
 *(.rel.dtors)

.rela.dtors
 *(.rela.dtors)

.rel.got
 *(.rel.got)

.rela.got
 *(.rela.got)

.rel.bss
 *(.rel.bss)

.rela.bss
 *(.rela.bss)

.rel.plt
 *(.rel.plt)

.rela.plt
 *(.rela.plt)

.text           0x00000000      0x484
 *(.vectors)
 .vectors       0x00000000       0x1e C:/Program Files (x86)/Microchip/MPLABX/v5.30/packs/Microchip/ATtiny_DFP/2.0.10/gcc/dev/attiny45/avr25/crtattiny45.o
                0x00000000                __vector_default
                0x00000000                __vectors
 *(.vectors)
 *(.progmem.gcc*)
                0x0000001e                . = ALIGN (0x2)
                0x0000001e                __trampolines_start = .
 *(.trampolines)
 .trampolines   0x0000001e        0x0 linker stubs
 *(.trampolines*)
                0x0000001e                __trampolines_end = .
 *libprintf_flt.a:*(.progmem.data)
 *libc.a:*(.progmem.data)
 *(.progmem*)
                0x0000001e                . = ALIGN (0x2)
 *(.jumptables)
 *(.jumptables*)
 *(.lowtext)
 *(.lowtext*)
                0x0000001e                __ctors_start = .
 *(.ctors)
                0x0000001e                __ctors_end = .
                0x0000001e                __dtors_start = .
 *(.dtors)
                0x0000001e                __dtors_end = .
 SORT(*)(.ctors)
 SORT(*)(.dtors)
 *(.init0)
 .init0         0x0000001e        0x0 C:/Program Files (x86)/Microchip/MPLABX/v5.30/packs/Microchip/ATtiny_DFP/2.0.10/gcc/dev/attiny45/avr25/crtattiny45.o
                0x0000001e                __init
 *(.init0)
 *(.init1)
 *(.init1)
 *(.init2)
 .init2         0x0000001e        0xc C:/Program Files (x86)/Microchip/MPLABX/v5.30/packs/Microchip/ATtiny_DFP/2.0.10/gcc/dev/attiny45/avr25/crtattiny45.o
 *(.init2)
 *(.init3)
 *(.init3)
 *(.init4)
 .init4         0x0000002a       0x10 c:/program files (x86)/atmel/studio/7.0/toolchain/avr8/avr8-gnu-toolchain/bin/../lib/gcc/avr/5.4.0/avr25\libgcc.a(_clear_bss.o)
                0x0000002a                __do_clear_bss
 *(.init4)
 *(.init5)
 *(.init5)
 *(.init6)
 *(.init6)
 *(.init7)
 *(.init7)
 *(.init8)
 *(.init8)
 *(.init9)
 .init9         0x0000003a        0x4 C:/Program Files (x86)/Microchip/MPLABX/v5.30/packs/Microchip/ATtiny_DFP/2.0.10/gcc/dev/attiny45/avr25/crtattiny45.o
 *(.init9)
 *(.text)
 .text          0x0000003e        0x2 C:/Program Files (x86)/Microchip/MPLABX/v5.30/packs/Microchip/ATtiny_DFP/2.0.10/gcc/dev/attiny45/avr25/crtattiny45.o
                0x0000003e                __vector_1
                0x0000003e                __vector_12
                0x0000003e                __bad_interrupt
                0x0000003e                __vector_6
                0x0000003e                __vector_3
                0x0000003e                __vector_11
                0x0000003e                __vector_13
                0x0000003e                __vector_7
                0x0000003e                __vector_5
                0x0000003e                __vector_4
                0x0000003e                __vector_9
                0x0000003e                __vector_8
                0x0000003e                __vector_14
                0x0000003e                __vector_10
 .text          0x00000040       0x9c build/default/debug/interrupt.o
                0x00000040                inter
                0x000000d0                delay
                0x000000dc                . = ALIGN (0x2)
 *(.text.*)
 .text.main     0x000000dc        0xe build/default/debug/main.o
                0x000000dc                main
 .text.enableIR
                0x000000ea       0x5c build/default/debug/ir.o
                0x000000ea                enableIR
 .text.newData  0x00000146       0x20 build/default/debug/ir.o
                0x00000146                newData
 .text.getData  0x00000166       0x28 build/default/debug/ir.o
                0x00000166                getData
 .text.__vector_2
                0x0000018e      0x1ee build/default/debug/ir.o
                0x0000018e                __vector_2
 .text.spiInit  0x0000037c       0x46 build/default/debug/spi.o
                0x0000037c                spiInit
 .text.sendData
                0x000003c2       0x52 build/default/debug/spi.o
                0x000003c2                sendData
 .text.slaveInit
                0x00000414       0x14 build/default/debug/slave.o
                0x00000414                slaveInit
 .text.check    0x00000428       0x58 build/default/debug/slave.o
                0x00000428                check
                0x00000480                . = ALIGN (0x2)
 *(.fini9)
 .fini9         0x00000480        0x0 c:/program files (x86)/atmel/studio/7.0/toolchain/avr8/avr8-gnu-toolchain/bin/../lib/gcc/avr/5.4.0/avr25\libgcc.a(_exit.o)
                0x00000480                _exit
                0x00000480                exit
 *(.fini9)
 *(.fini8)
 *(.fini8)
 *(.fini7)
 *(.fini7)
 *(.fini6)
 *(.fini6)
 *(.fini5)
 *(.fini5)
 *(.fini4)
 *(.fini4)
 *(.fini3)
 *(.fini3)
 *(.fini2)
 *(.fini2)
 *(.fini1)
 *(.fini1)
 *(.fini0)
 .fini0         0x00000480        0x4 c:/program files (x86)/atmel/studio/7.0/toolchain/avr8/avr8-gnu-toolchain/bin/../lib/gcc/avr/5.4.0/avr25\libgcc.a(_exit.o)
 *(.fini0)
                0x00000484                _etext = .

.data           0x00800060        0x0 load address 0x00000484
                [!provide]                PROVIDE (__data_start, .)
 *(.data)
 *(.data*)
 *(.gnu.linkonce.d*)
 *(.rodata)
 *(.rodata*)
 *(.gnu.linkonce.r*)
                0x00800060                . = ALIGN (0x2)
                0x00800060                _edata = .
                [!provide]                PROVIDE (__data_end, .)

.bss            0x00800060        0xa
                0x00800060                PROVIDE (__bss_start, .)
 *(.bss)
 *(.bss*)
 .bss.ticks     0x00800060        0x1 build/default/debug/ir.o
                0x00800060                ticks
 *(COMMON)
 COMMON         0x00800061        0x9 build/default/debug/ir.o
                0x00800061                buffer
                0x00800062                data
                0x00800066                prev
                0x0080006a                PROVIDE (__bss_end, .)
                0x00000484                __data_load_start = LOADADDR (.data)
                0x00000484                __data_load_end = (__data_load_start + SIZEOF (.data))

.noinit         0x0080006a        0x0
                [!provide]                PROVIDE (__noinit_start, .)
 *(.noinit*)
                [!provide]                PROVIDE (__noinit_end, .)
                0x0080006a                _end = .
                [!provide]                PROVIDE (__heap_start, .)

.eeprom         0x00810000        0x0
 *(.eeprom*)
                0x00810000                __eeprom_end = .

.fuse
 *(.fuse)
 *(.lfuse)
 *(.hfuse)
 *(.efuse)

.lock
 *(.lock*)

.signature
 *(.signature*)

.user_signatures
 *(.user_signatures*)

.stab
 *(.stab)

.stabstr
 *(.stabstr)

.stab.excl
 *(.stab.excl)

.stab.exclstr
 *(.stab.exclstr)

.stab.index
 *(.stab.index)

.stab.indexstr
 *(.stab.indexstr)

.comment        0x00000000       0x30
 *(.comment)
 .comment       0x00000000       0x30 build/default/debug/main.o
                                 0x31 (size before relaxing)
 .comment       0x00000030       0x31 build/default/debug/ir.o
 .comment       0x00000030       0x31 build/default/debug/spi.o
 .comment       0x00000030       0x31 build/default/debug/slave.o

.note.gnu.avr.deviceinfo
                0x00000000       0x3c
 .note.gnu.avr.deviceinfo
                0x00000000       0x3c C:/Program Files (x86)/Microchip/MPLABX/v5.30/packs/Microchip/ATtiny_DFP/2.0.10/gcc/dev/attiny45/avr25/crtattiny45.o

.note.gnu.build-id
 *(.note.gnu.build-id)

.debug
 *(.debug)

.line
 *(.line)

.debug_srcinfo
 *(.debug_srcinfo)

.debug_sfnames
 *(.debug_sfnames)

.debug_aranges  0x00000000       0xd8
 *(.debug_aranges)
 .debug_aranges
                0x00000000       0x20 build/default/debug/main.o
 .debug_aranges
                0x00000020       0x48 build/default/debug/ir.o
 .debug_aranges
                0x00000068       0x28 build/default/debug/spi.o
 .debug_aranges
                0x00000090       0x28 build/default/debug/slave.o
 .debug_aranges
                0x000000b8       0x20 build/default/debug/interrupt.o

.debug_pubnames
 *(.debug_pubnames)

.debug_info     0x00000000      0x82e
 *(.debug_info .gnu.linkonce.wi.*)
 .debug_info    0x00000000      0x420 C:/Program Files (x86)/Microchip/MPLABX/v5.30/packs/Microchip/ATtiny_DFP/2.0.10/gcc/dev/attiny45/avr25/crtattiny45.o
 .debug_info    0x00000420       0x82 build/default/debug/main.o
 .debug_info    0x000004a2      0x183 build/default/debug/ir.o
 .debug_info    0x00000625       0xbd build/default/debug/spi.o
 .debug_info    0x000006e2       0xc9 build/default/debug/slave.o
 .debug_info    0x000007ab       0x83 build/default/debug/interrupt.o

.debug_abbrev   0x00000000      0x5d6
 *(.debug_abbrev)
 .debug_abbrev  0x00000000      0x3e8 C:/Program Files (x86)/Microchip/MPLABX/v5.30/packs/Microchip/ATtiny_DFP/2.0.10/gcc/dev/attiny45/avr25/crtattiny45.o
 .debug_abbrev  0x000003e8       0x44 build/default/debug/main.o
 .debug_abbrev  0x0000042c       0xb5 build/default/debug/ir.o
 .debug_abbrev  0x000004e1       0x8e build/default/debug/spi.o
 .debug_abbrev  0x0000056f       0x53 build/default/debug/slave.o
 .debug_abbrev  0x000005c2       0x14 build/default/debug/interrupt.o

.debug_line     0x00000000      0x71c
 *(.debug_line .debug_line.* .debug_line_end)
 .debug_line    0x00000000       0xf1 C:/Program Files (x86)/Microchip/MPLABX/v5.30/packs/Microchip/ATtiny_DFP/2.0.10/gcc/dev/attiny45/avr25/crtattiny45.o
 .debug_line    0x000000f1       0x4e build/default/debug/main.o
 .debug_line    0x0000013f      0x246 build/default/debug/ir.o
 .debug_line    0x00000385       0xf7 build/default/debug/spi.o
 .debug_line    0x0000047c       0x99 build/default/debug/slave.o
 .debug_line    0x00000515      0x207 build/default/debug/interrupt.o

.debug_frame    0x00000000      0x1f8
 *(.debug_frame)
 .debug_frame   0x00000000       0x34 build/default/debug/main.o
 .debug_frame   0x00000034      0x11c build/default/debug/ir.o
 .debug_frame   0x00000150       0x54 build/default/debug/spi.o
 .debug_frame   0x000001a4       0x54 build/default/debug/slave.o

.debug_str      0x00000000      0x34a
 *(.debug_str)
 .debug_str     0x00000000      0x169 C:/Program Files (x86)/Microchip/MPLABX/v5.30/packs/Microchip/ATtiny_DFP/2.0.10/gcc/dev/attiny45/avr25/crtattiny45.o
 .debug_str     0x00000169      0x13a build/default/debug/main.o
                                0x173 (size before relaxing)
 .debug_str     0x000002a3       0x78 build/default/debug/ir.o
                                0x1da (size before relaxing)
 .debug_str     0x0000031b       0x17 build/default/debug/spi.o
                                0x186 (size before relaxing)
 .debug_str     0x00000332       0x18 build/default/debug/slave.o
                                0x191 (size before relaxing)

.debug_loc      0x00000000      0x359
 *(.debug_loc)
 .debug_loc     0x00000000       0x3b build/default/debug/main.o
 .debug_loc     0x0000003b      0x225 build/default/debug/ir.o
 .debug_loc     0x00000260       0x83 build/default/debug/spi.o
 .debug_loc     0x000002e3       0x76 build/default/debug/slave.o

.debug_macinfo
 *(.debug_macinfo)

.debug_weaknames
 *(.debug_weaknames)

.debug_funcnames
 *(.debug_funcnames)

.debug_typenames
 *(.debug_typenames)

.debug_varnames
 *(.debug_varnames)

.debug_pubtypes
 *(.debug_pubtypes)

.debug_ranges   0x00000000       0x90
 *(.debug_ranges)
 .debug_ranges  0x00000000       0x10 build/default/debug/main.o
 .debug_ranges  0x00000010       0x50 build/default/debug/ir.o
 .debug_ranges  0x00000060       0x18 build/default/debug/spi.o
 .debug_ranges  0x00000078       0x18 build/default/debug/slave.o

.debug_macro
 *(.debug_macro)
OUTPUT(dist/default/debug/slave.X.debug.elf elf32-avr)
LOAD linker stubs
