Component: ARM Compiler 5.06 update 6 (build 750) Tool: armlink [4d35ed]

==============================================================================

Section Cross References

    main.o(i.SysTickInit) refers to system_stm32l4xx.o(.data) for SystemCoreClock
    main.o(i.SysTick_Handler) refers to main.o(.data) for dIndex
    main.o(i.SysTick_Handler) refers to main.o(.bss) for ADCData
    main.o(i.main) refers to main.o(i.clock32MHz) for clock32MHz
    main.o(i.main) refers to system_stm32l4xx.o(i.SystemCoreClockUpdate) for SystemCoreClockUpdate
    main.o(i.main) refers to sh1106.o(i.SH1106Init) for SH1106Init
    main.o(i.main) refers to main.o(i.ADCInit) for ADCInit
    main.o(i.main) refers to main.o(i.SysTickInit) for SysTickInit
    main.o(i.main) refers to dflt_clz.o(x$fpl$dflt) for __aeabi_i2d
    main.o(i.main) refers to log10.o(i.__hardfp_log10) for __hardfp_log10
    main.o(i.main) refers to d2f.o(x$fpl$d2f) for __aeabi_d2f
    main.o(i.main) refers to sh1106.o(i.clearBuffer) for clearBuffer
    main.o(i.main) refers to arm_cfft_f32.o(.text.arm_cfft_f32) for arm_cfft_f32
    main.o(i.main) refers to arm_cmplx_mag_f32.o(.text.arm_cmplx_mag_f32) for arm_cmplx_mag_f32
    main.o(i.main) refers to arm_max_f32.o(.text.arm_max_f32) for arm_max_f32
    main.o(i.main) refers to sh1106.o(i.drawVLine) for drawVLine
    main.o(i.main) refers to sh1106.o(i.refresh) for refresh
    main.o(i.main) refers to main.o(.data) for dIndex
    main.o(i.main) refers to main.o(.bss) for mult
    main.o(i.main) refers to arm_const_structs.o(.rodata.arm_cfft_sR_f32_len512) for arm_cfft_sR_f32_len512
    sh1106.o(i.SH1106Init) refers to i2c1.o(i.I2C1Init) for I2C1Init
    sh1106.o(i.SH1106Init) refers to i2c1.o(i.sendData) for sendData
    sh1106.o(i.SH1106Init) refers to sh1106.o(i.clearScreen) for clearScreen
    sh1106.o(i.SH1106Init) refers to sh1106.o(i.drawVLine) for drawVLine
    sh1106.o(i.SH1106Init) refers to sh1106.o(i.refresh) for refresh
    sh1106.o(i.SH1106Init) refers to sh1106.o(.constdata) for init
    sh1106.o(i.clearBuffer) refers to sh1106.o(.bss) for screenBuffer
    sh1106.o(i.clearScreen) refers to sh1106.o(i.setPage) for setPage
    sh1106.o(i.clearScreen) refers to sh1106.o(i.setColumn) for setColumn
    sh1106.o(i.clearScreen) refers to rt_memcpy_v6.o(.text) for __aeabi_memcpy
    sh1106.o(i.clearScreen) refers to i2c1.o(i.sendData) for sendData
    sh1106.o(i.clearScreen) refers to sh1106.o(.bss) for screenBuffer
    sh1106.o(i.drawVLine) refers to sh1106.o(.bss) for screenBuffer
    sh1106.o(i.refresh) refers to sh1106.o(i.setPage) for setPage
    sh1106.o(i.refresh) refers to sh1106.o(i.setColumn) for setColumn
    sh1106.o(i.refresh) refers to rt_memcpy_v6.o(.text) for __aeabi_memcpy
    sh1106.o(i.refresh) refers to i2c1.o(i.sendData) for sendData
    sh1106.o(i.refresh) refers to sh1106.o(.bss) for screenBuffer
    sh1106.o(i.setColumn) refers to i2c1.o(i.sendData) for sendData
    sh1106.o(i.setContrast) refers to i2c1.o(i.sendData) for sendData
    sh1106.o(i.setPage) refers to i2c1.o(i.sendData) for sendData
    uart2.o(i.USART2_IRQHandler) refers to fifo.o(i.FifoGet) for FifoGet
    uart2.o(i.USART2_IRQHandler) refers to uart2.o(.bss) for TX
    uart2.o(i.Uart2Init) refers to fifo.o(i.FifoInit) for FifoInit
    uart2.o(i.Uart2Init) refers to uart2.o(.bss) for TX
    uart2.o(i.Uart2Init) refers to system_stm32l4xx.o(.data) for SystemCoreClock
    uart2.o(i.UartTransmit) refers to fifo.o(i.FifoPut) for FifoPut
    uart2.o(i.UartTransmit) refers to uart2.o(.bss) for TX
    startup_stm32l432xx.o(STACK) refers (Special) to heapauxi.o(.text) for __use_two_region_memory
    startup_stm32l432xx.o(HEAP) refers (Special) to heapauxi.o(.text) for __use_two_region_memory
    startup_stm32l432xx.o(RESET) refers (Special) to heapauxi.o(.text) for __use_two_region_memory
    startup_stm32l432xx.o(RESET) refers to startup_stm32l432xx.o(STACK) for __initial_sp
    startup_stm32l432xx.o(RESET) refers to startup_stm32l432xx.o(.text) for Reset_Handler
    startup_stm32l432xx.o(RESET) refers to main.o(i.SysTick_Handler) for SysTick_Handler
    startup_stm32l432xx.o(RESET) refers to uart2.o(i.USART2_IRQHandler) for USART2_IRQHandler
    startup_stm32l432xx.o(.text) refers (Special) to heapauxi.o(.text) for __use_two_region_memory
    startup_stm32l432xx.o(.text) refers to system_stm32l4xx.o(i.SystemInit) for SystemInit
    startup_stm32l432xx.o(.text) refers to __main.o(!!!main) for __main
    startup_stm32l432xx.o(.text) refers to startup_stm32l432xx.o(HEAP) for Heap_Mem
    startup_stm32l432xx.o(.text) refers to startup_stm32l432xx.o(STACK) for Stack_Mem
    system_stm32l4xx.o(i.SystemCoreClockUpdate) refers to system_stm32l4xx.o(.constdata) for MSIRangeTable
    system_stm32l4xx.o(i.SystemCoreClockUpdate) refers to system_stm32l4xx.o(.data) for SystemCoreClock
    arm_cmplx_mag_f32.o(.text.arm_cmplx_mag_f32) refers to sqrtf.o(i.__hardfp_sqrtf) for __hardfp_sqrtf
[...]
    ddiv.o(x$fpl$ddiv) refers to dretinf.o(x$fpl$dretinf) for __fpl_dretinf
    ddiv.o(x$fpl$ddiv) refers to dnaninf.o(x$fpl$dnaninf) for __fpl_dnaninf
    deqf.o(x$fpl$deqf) refers (Special) to usenofp.o(x$fpl$usenofp) for __I$use$fp
    deqf.o(x$fpl$deqf) refers to dnaninf.o(x$fpl$dnaninf) for __fpl_dnaninf
    deqf.o(x$fpl$deqf) refers to dcmpi.o(x$fpl$dcmpinf) for __fpl_dcmp_Inf
    dretinf.o(x$fpl$dretinf) refers (Special) to usenofp.o(x$fpl$usenofp) for __I$use$fp
    poly.o(i.__kernel_poly) refers (Special) to usenofp.o(x$fpl$usenofp) for __I$use$fp
    poly.o(i.__kernel_poly) refers to dmul.o(x$fpl$dmul) for __aeabi_dmul
    poly.o(i.__kernel_poly) refers to daddsub_clz.o(x$fpl$dadd) for __aeabi_dadd
    qnan.o(.constdata) refers (Special) to usenofp.o(x$fpl$usenofp) for __I$use$fp
    libspace.o(.text) refers to libspace.o(.bss) for __libspace_start
    sys_stackheap_outer.o(.text) refers to libspace.o(.text) for __user_perproc_libspace
    sys_stackheap_outer.o(.text) refers to startup_stm32l432xx.o(.text) for __user_initial_stackheap
    exit.o(.text) refers to rtexit.o(.ARM.Collect$$rtexit$$00000000) for __rt_exit
    libinit.o(.ARM.Collect$$libinit$$00000000) refers (Special) to libinit2.o(.ARM.Collect$$libinit$$0000002E) for __rt_lib_init_alloca_1
    libinit.o(.ARM.Collect$$libinit$$00000000) refers (Special) to libinit2.o(.ARM.Collect$$libinit$$0000002C) for __rt_lib_init_argv_1
    libinit.o(.ARM.Collect$$libinit$$00000000) refers (Special) to libinit2.o(.ARM.Collect$$libinit$$0000001B) for __rt_lib_init_atexit_1
    libinit.o(.ARM.Collect$$libinit$$00000000) refers (Special) to libinit2.o(.ARM.Collect$$libinit$$00000021) for __rt_lib_init_clock_1
    libinit.o(.ARM.Collect$$libinit$$00000000) refers (Special) to libinit2.o(.ARM.Collect$$libinit$$00000032) for __rt_lib_init_cpp_1
    libinit.o(.ARM.Collect$$libinit$$00000000) refers (Special) to libinit2.o(.ARM.Collect$$libinit$$00000030) for __rt_lib_init_exceptions_1
    libinit.o(.ARM.Collect$$libinit$$00000000) refers (Special) to libinit2.o(.ARM.Collect$$libinit$$00000001) for __rt_lib_init_fp_1
    libinit.o(.ARM.Collect$$libinit$$00000000) refers (Special) to libinit2.o(.ARM.Collect$$libinit$$0000001F) for __rt_lib_init_fp_trap_1
    libinit.o(.ARM.Collect$$libinit$$00000000) refers (Special) to libinit2.o(.ARM.Collect$$libinit$$00000023) for __rt_lib_init_getenv_1
    libinit.o(.ARM.Collect$$libinit$$00000000) refers (Special) to libinit2.o(.ARM.Collect$$libinit$$0000000A) for __rt_lib_init_heap_1
    libinit.o(.ARM.Collect$$libinit$$00000000) refers (Special) to libinit2.o(.ARM.Collect$$libinit$$00000011) for __rt_lib_init_lc_collate_1
    libinit.o(.ARM.Collect$$libinit$$00000000) refers (Special) to libinit2.o(.ARM.Collect$$libinit$$00000013) for __rt_lib_init_lc_ctype_1
    libinit.o(.ARM.Collect$$libinit$$00000000) refers (Special) to libinit2.o(.ARM.Collect$$libinit$$00000015) for __rt_lib_init_lc_monetary_1
    libinit.o(.ARM.Collect$$libinit$$00000000) refers (Special) to libinit2.o(.ARM.Collect$$libinit$$00000017) for __rt_lib_init_lc_numeric_1
    libinit.o(.ARM.Collect$$libinit$$00000000) refers (Special) to libinit2.o(.ARM.Collect$$libinit$$00000019) for __rt_lib_init_lc_time_1
    libinit.o(.ARM.Collect$$libinit$$00000000) refers (Special) to libinit2.o(.ARM.Collect$$libinit$$00000004) for __rt_lib_init_preinit_1
    libinit.o(.ARM.Collect$$libinit$$00000000) refers (Special) to libinit2.o(.ARM.Collect$$libinit$$0000000E) for __rt_lib_init_rand_1
    libinit.o(.ARM.Collect$$libinit$$00000000) refers (Special) to libinit2.o(.ARM.Collect$$libinit$$00000033) for __rt_lib_init_return
    libinit.o(.ARM.Collect$$libinit$$00000000) refers (Special) to libinit2.o(.ARM.Collect$$libinit$$0000001D) for __rt_lib_init_signal_1
    libinit.o(.ARM.Collect$$libinit$$00000000) refers (Special) to libinit2.o(.ARM.Collect$$libinit$$00000025) for __rt_lib_init_stdio_1
    libinit.o(.ARM.Collect$$libinit$$00000000) refers (Special) to libinit2.o(.ARM.Collect$$libinit$$0000000C) for __rt_lib_init_user_alloc_1
    dcmpi.o(x$fpl$dcmpinf) refers (Special) to usenofp.o(x$fpl$usenofp) for __I$use$fp
    rtexit.o(.ARM.Collect$$rtexit$$00000000) refers (Special) to rtexit2.o(.ARM.Collect$$rtexit$$00000004) for __rt_exit_exit
    rtexit.o(.ARM.Collect$$rtexit$$00000000) refers (Special) to rtexit2.o(.ARM.Collect$$rtexit$$00000003) for __rt_exit_ls
    rtexit.o(.ARM.Collect$$rtexit$$00000000) refers (Special) to rtexit2.o(.ARM.Collect$$rtexit$$00000002) for __rt_exit_prels_1
    rtexit.o(.ARM.exidx) refers (Special) to rtexit2.o(.ARM.Collect$$rtexit$$00000004) for __rt_exit_exit
    rtexit.o(.ARM.exidx) refers (Special) to rtexit2.o(.ARM.Collect$$rtexit$$00000003) for __rt_exit_ls
    rtexit.o(.ARM.exidx) refers (Special) to rtexit2.o(.ARM.Collect$$rtexit$$00000002) for __rt_exit_prels_1
    rtexit.o(.ARM.exidx) refers to rtexit.o(.ARM.Collect$$rtexit$$00000000) for .ARM.Collect$$rtexit$$00000000
    libinit2.o(.ARM.Collect$$libinit$$00000001) refers to fpinit.o(x$fpl$fpinit) for _fp_init
    libinit2.o(.ARM.Collect$$libinit$$00000010) refers to libinit2.o(.ARM.Collect$$libinit$$0000000F) for .ARM.Collect$$libinit$$0000000F
    libinit2.o(.ARM.Collect$$libinit$$00000012) refers to libinit2.o(.ARM.Collect$$libinit$$0000000F) for .ARM.Collect$$libinit$$0000000F
    libinit2.o(.ARM.Collect$$libinit$$00000014) refers to libinit2.o(.ARM.Collect$$libinit$$0000000F) for .ARM.Collect$$libinit$$0000000F
    libinit2.o(.ARM.Collect$$libinit$$00000016) refers to libinit2.o(.ARM.Collect$$libinit$$0000000F) for .ARM.Collect$$libinit$$0000000F
    libinit2.o(.ARM.Collect$$libinit$$00000018) refers to libinit2.o(.ARM.Collect$$libinit$$0000000F) for .ARM.Collect$$libinit$$0000000F
    libinit2.o(.ARM.Collect$$libinit$$00000026) refers to argv_veneer.o(.emb_text) for __ARM_argv_veneer
    libinit2.o(.ARM.Collect$$libinit$$00000027) refers to argv_veneer.o(.emb_text) for __ARM_argv_veneer
    rtexit2.o(.ARM.Collect$$rtexit$$00000003) refers to libshutdown.o(.ARM.Collect$$libshutdown$$00000000) for __rt_lib_shutdown
    rtexit2.o(.ARM.Collect$$rtexit$$00000004) refers to sys_exit.o(.text) for _sys_exit
    rtexit2.o(.ARM.exidx) refers to rtexit2.o(.ARM.Collect$$rtexit$$00000001) for .ARM.Collect$$rtexit$$00000001
    rtexit2.o(.ARM.exidx) refers to rtexit2.o(.ARM.Collect$$rtexit$$00000003) for .ARM.Collect$$rtexit$$00000003
    rtexit2.o(.ARM.exidx) refers to rtexit2.o(.ARM.Collect$$rtexit$$00000004) for .ARM.Collect$$rtexit$$00000004
    argv_veneer.o(.emb_text) refers to no_argv.o(.text) for __ARM_get_argv
    sys_exit.o(.text) refers (Special) to use_no_semi.o(.text) for __I$use$semihosting
    sys_exit.o(.text) refers (Special) to indicate_semi.o(.text) for __semihosting_library_function
    _get_argv_nomalloc.o(.text) refers (Special) to hrguard.o(.text) for __heap_region$guard
    _get_argv_nomalloc.o(.text) refers to defsig_rtmem_outer.o(.text) for __rt_SIGRTMEM
    _get_argv_nomalloc.o(.text) refers to sys_command.o(.text) for _sys_command_string
    libshutdown.o(.ARM.Collect$$libshutdown$$00000000) refers (Special) to libshutdown2.o(.ARM.Collect$$libshutdown$$00000002) for __rt_lib_shutdown_cpp_1
    libshutdown.o(.ARM.Collect$$libshutdown$$00000000) refers (Special) to libshutdown2.o(.ARM.Collect$$libshutdown$$00000007) for __rt_lib_shutdown_fp_trap_1
    libshutdown.o(.ARM.Collect$$libshutdown$$00000000) refers (Special) to libshutdown2.o(.ARM.Collect$$libshutdown$$0000000F) for __rt_lib_shutdown_heap_1
    libshutdown.o(.ARM.Collect$$libshutdown$$00000000) refers (Special) to libshutdown2.o(.ARM.Collect$$libshutdown$$00000010) for __rt_lib_shutdown_return
    libshutdown.o(.ARM.Collect$$libshutdown$$00000000) refers (Special) to libshutdown2.o(.ARM.Collect$$libshutdown$$0000000A) for __rt_lib_shutdown_signal_1
    libshutdown.o(.ARM.Collect$$libshutdown$$00000000) refers (Special) to libshutdown2.o(.ARM.Collect$$libshutdown$$00000004) for __rt_lib_shutdown_stdio_1
    libshutdown.o(.ARM.Collect$$libshutdown$$00000000) refers (Special) to libshutdown2.o(.ARM.Collect$$libshutdown$$0000000C) for __rt_lib_shutdown_user_alloc_1
    sys_command.o(.text) refers (Special) to use_no_semi.o(.text) for __I$use$semihosting
    sys_command.o(.text) refers (Special) to indicate_semi.o(.text) for __semihosting_library_function
    defsig_rtmem_outer.o(.text) refers to defsig_rtmem_inner.o(.text) for __rt_SIGRTMEM_inner
    defsig_rtmem_outer.o(.text) refers to defsig_exit.o(.text) for __sig_exit
    defsig_rtmem_formal.o(.text) refers to rt_raise.o(.text) for __rt_raise
    rt_raise.o(.text) refers to __raise.o(.text) for __raise
    rt_raise.o(.text) refers to sys_exit.o(.text) for _sys_exit
    defsig_exit.o(.text) refers to sys_exit.o(.text) for _sys_exit
    defsig_rtmem_inner.o(.text) refers to defsig_general.o(.text) for __default_signal_display
    __raise.o(.text) refers to defsig.o(CL$$defsig) for __default_signal_handler
    defsig_general.o(.text) refers to sys_wrch.o(.text) for _ttywrch
    sys_wrch.o(.text) refers (Special) to use_no_semi.o(.text) for __I$use$semihosting
    sys_wrch.o(.text) refers (Special) to indicate_semi.o(.text) for __semihosting_library_function
    defsig.o(CL$$defsig) refers to defsig_rtmem_inner.o(.text) for __rt_SIGRTMEM_inner
    defsig_abrt_inner.o(.text) refers to defsig_general.o(.text) for __default_signal_display
    defsig_fpe_inner.o(.text) refers to defsig_general.o(.text) for __default_signal_display
    defsig_rtred_inner.o(.text) refers to defsig_general.o(.text) for __default_signal_display
    defsig_stak_inner.o(.text) refers to defsig_general.o(.text) for __default_signal_display
    defsig_pvfn_inner.o(.text) refers to defsig_general.o(.text) for __default_signal_display
    defsig_cppl_inner.o(.text) refers to defsig_general.o(.text) for __default_signal_display
    defsig_segv_inner.o(.text) refers to defsig_general.o(.text) for __default_signal_display
    defsig_other.o(.text) refers to defsig_general.o(.text) for __default_signal_display


==============================================================================

Removing Unused input sections from the image.

    Removing main.o(.rev16_text), (4 bytes).
    Removing main.o(.revsh_text), (4 bytes).
    Removing main.o(.rrx_text), (6 bytes).
    Removing fifo.o(i.FifoInit), (14 bytes).
    Removing fifo.o(i.FifoPut), (80 bytes).
    Removing i2c1.o(.rev16_text), (4 bytes).
    Removing i2c1.o(.revsh_text), (4 bytes).
    Removing i2c1.o(.rrx_text), (6 bytes).
    Removing sh1106.o(i.setContrast), (28 bytes).
    Removing uart2.o(.rev16_text), (4 bytes).
    Removing uart2.o(.revsh_text), (4 bytes).
    Removing uart2.o(.rrx_text), (6 bytes).
    Removing uart2.o(i.Uart2Init), (212 bytes).
    Removing uart2.o(i.UartTransmit), (64 bytes).
    Removing system_stm32l4xx.o(.rev16_text), (4 bytes).
    Removing system_stm32l4xx.o(.revsh_text), (4 bytes).
    Removing system_stm32l4xx.o(.rrx_text), (6 bytes).
    Removing arm_cmplx_mag_f32.o(.text), (0 bytes).
    Removing arm_cmplx_mag_f32.o(.ARM.exidx.text.arm_cmplx_mag_f32), (8 bytes).
    Removing arm_cfft_f32.o(.text), (0 bytes).
    Removing arm_cfft_f32.o(.ARM.exidx.text.arm_cfft_radix8by2_f32), (8 bytes).
    Removing arm_cfft_f32.o(.ARM.exidx.text.arm_cfft_radix8by4_f32), (8 bytes).
    Removing arm_cfft_f32.o(.ARM.exidx.text.arm_cfft_f32), (8 bytes).
    Removing arm_max_f32.o(.text), (0 bytes).
    Removing arm_max_f32.o(.ARM.exidx.text.arm_max_f32), (8 bytes).
    Removing arm_const_structs.o(.text), (0 bytes).
    Removing arm_const_structs.o(.rodata.arm_cfft_sR_f32_len16), (16 bytes).
    Removing arm_const_structs.o(.rodata.arm_cfft_sR_f32_len32), (16 bytes).
    Removing arm_const_structs.o(.rodata.arm_cfft_sR_f32_len64), (16 bytes).
    Removing arm_const_structs.o(.rodata.arm_cfft_sR_f32_len128), (16 bytes).
    Removing arm_const_structs.o(.rodata.arm_cfft_sR_f32_len256), (16 bytes).
    Removing arm_const_structs.o(.rodata.arm_cfft_sR_f32_len1024), (16 bytes).
    Removing arm_const_structs.o(.rodata.arm_cfft_sR_f32_len2048), (16 bytes).
    Removing arm_const_structs.o(.rodata.arm_cfft_sR_f32_len4096), (16 bytes).
    Removing arm_const_structs.o(.rodata.arm_cfft_sR_q31_len16), (16 bytes).
    Removing arm_const_structs.o(.rodata.arm_cfft_sR_q31_len32), (16 bytes).
    Removing arm_const_structs.o(.rodata.arm_cfft_sR_q31_len64), (16 bytes).
    Removing arm_const_structs.o(.rodata.arm_cfft_sR_q31_len128), (16 bytes).
    Removing arm_const_structs.o(.rodata.arm_cfft_sR_q31_len256), (16 bytes).
    Removing arm_const_structs.o(.rodata.arm_cfft_sR_q31_len512), (16 bytes).
    Removing arm_const_structs.o(.rodata.arm_cfft_sR_q31_len1024), (16 bytes).
    Removing arm_const_structs.o(.rodata.arm_cfft_sR_q31_len2048), (16 bytes).
    Removing arm_const_structs.o(.rodata.arm_cfft_sR_q31_len4096), (16 bytes).
    Removing arm_const_structs.o(.rodata.arm_cfft_sR_q15_len16), (16 bytes).
    Removing arm_const_structs.o(.rodata.arm_cfft_sR_q15_len32), (16 bytes).
    Removing arm_const_structs.o(.rodata.arm_cfft_sR_q15_len64), (16 bytes).
    Removing arm_const_structs.o(.rodata.arm_cfft_sR_q15_len128), (16 bytes).
    Removing arm_const_structs.o(.rodata.arm_cfft_sR_q15_len256), (16 bytes).
    Removing arm_const_structs.o(.rodata.arm_cfft_sR_q15_len512), (16 bytes).
    Removing arm_const_structs.o(.rodata.arm_cfft_sR_q15_len1024), (16 bytes).
    Removing arm_const_structs.o(.rodata.arm_cfft_sR_q15_len2048), (16 bytes).
    Removing arm_const_structs.o(.rodata.arm_cfft_sR_q15_len4096), (16 bytes).
    Removing arm_const_structs.o(.rodata.arm_rfft_fast_sR_f32_len32), (24 bytes).
    Removing arm_const_structs.o(.rodata.arm_rfft_fast_sR_f32_len64), (24 bytes).
    Removing arm_const_structs.o(.rodata.arm_rfft_fast_sR_f32_len128), (24 bytes).
    Removing arm_const_structs.o(.rodata.arm_rfft_fast_sR_f32_len256), (24 bytes).
    Removing arm_const_structs.o(.rodata.arm_rfft_fast_sR_f32_len512), (24 bytes).
    Removing arm_const_structs.o(.rodata.arm_rfft_fast_sR_f32_len1024), (24 bytes).
    Removing arm_const_structs.o(.rodata.arm_rfft_fast_sR_f32_len2048), (24 bytes).
    Removing arm_const_structs.o(.rodata.arm_rfft_fast_sR_f32_len4096), (24 bytes).
    Removing arm_const_structs.o(.rodata.arm_rfft_sR_q31_len32), (24 bytes).
    Removing arm_const_structs.o(.rodata.arm_rfft_sR_q31_len64), (24 bytes).
    Removing arm_const_structs.o(.rodata.arm_rfft_sR_q31_len128), (24 bytes).
    Removing arm_const_structs.o(.rodata.arm_rfft_sR_q31_len256), (24 bytes).
    Removing arm_const_structs.o(.rodata.arm_rfft_sR_q31_len512), (24 bytes).
    Removing arm_const_structs.o(.rodata.arm_rfft_sR_q31_len1024), (24 bytes).
    Removing arm_const_structs.o(.rodata.arm_rfft_sR_q31_len2048), (24 bytes).
    Removing arm_const_structs.o(.rodata.arm_rfft_sR_q31_len4096), (24 bytes).
    Removing arm_const_structs.o(.rodata.arm_rfft_sR_q31_len8192), (24 bytes).
    Removing arm_const_structs.o(.rodata.arm_rfft_sR_q15_len32), (24 bytes).
    Removing arm_const_structs.o(.rodata.arm_rfft_sR_q15_len64), (24 bytes).
    Removing arm_const_structs.o(.rodata.arm_rfft_sR_q15_len128), (24 bytes).
    Removing arm_const_structs.o(.rodata.arm_rfft_sR_q15_len256), (24 bytes).
    Removing arm_const_structs.o(.rodata.arm_rfft_sR_q15_len512), (24 bytes).
    Removing arm_const_structs.o(.rodata.arm_rfft_sR_q15_len1024), (24 bytes).
    Removing arm_const_structs.o(.rodata.arm_rfft_sR_q15_len2048), (24 bytes).
    Removing arm_const_structs.o(.rodata.arm_rfft_sR_q15_len4096), (24 bytes).
    Removing arm_const_structs.o(.rodata.arm_rfft_sR_q15_len8192), (24 bytes).
    Removing arm_bitreversal2.o(.text), (0 bytes).
    Removing arm_bitreversal2.o(.ARM.exidx.text.arm_bitreversal_32), (8 bytes).
    Removing arm_bitreversal2.o(.text.arm_bitreversal_16), (64 bytes).
    Removing arm_bitreversal2.o(.ARM.exidx.text.arm_bitreversal_16), (8 bytes).
    Removing arm_rfft_init_q15.o(.text), (0 bytes).
    Removing arm_rfft_init_q15.o(.text.arm_rfft_init_q15), (210 bytes).
    Removing arm_rfft_init_q15.o(.ARM.exidx.text.arm_rfft_init_q15), (8 bytes).
    Removing arm_rfft_init_q15.o(.rodata.realCoefAQ15), (16384 bytes).
    Removing arm_rfft_init_q15.o(.rodata.realCoefBQ15), (16384 bytes).
    Removing arm_rfft_init_q31.o(.text), (0 bytes).
    Removing arm_rfft_init_q31.o(.text.arm_rfft_init_q31), (210 bytes).
    Removing arm_rfft_init_q31.o(.ARM.exidx.text.arm_rfft_init_q31), (8 bytes).
    Removing arm_rfft_init_q31.o(.rodata.realCoefAQ31), (32768 bytes).
    Removing arm_rfft_init_q31.o(.rodata.realCoefBQ31), (32768 bytes).
    Removing arm_cfft_radix8_f32.o(.text), (0 bytes).
    Removing arm_cfft_radix8_f32.o(.ARM.exidx.text.arm_radix8_butterfly_f32), (8 bytes).
    Removing arm_common_tables.o(.text), (0 bytes).
    Removing arm_common_tables.o(.rodata.armBitRevTable), (2048 bytes).
    Removing arm_common_tables.o(.rodata.twiddleCoef_16), (128 bytes).
    Removing arm_common_tables.o(.rodata.twiddleCoef_32), (256 bytes).
    Removing arm_common_tables.o(.rodata.twiddleCoef_64), (512 bytes).
    Removing arm_common_tables.o(.rodata.twiddleCoef_128), (1024 bytes).
    Removing arm_common_tables.o(.rodata.twiddleCoef_256), (2048 bytes).
    Removing arm_common_tables.o(.rodata.twiddleCoef_1024), (8192 bytes).
    Removing arm_common_tables.o(.rodata.twiddleCoef_2048), (16384 bytes).
    Removing arm_common_tables.o(.rodata.twiddleCoef_4096), (32768 bytes).
    Removing arm_common_tables.o(.rodata.twiddleCoef_16_q31), (96 bytes).
    Removing arm_common_tables.o(.rodata.twiddleCoef_32_q31), (192 bytes).
    Removing arm_common_tables.o(.rodata.twiddleCoef_64_q31), (384 bytes).
    Removing arm_common_tables.o(.rodata.twiddleCoef_128_q31), (768 bytes).
    Removing arm_common_tables.o(.rodata.twiddleCoef_256_q31), (1536 bytes).
    Removing arm_common_tables.o(.rodata.twiddleCoef_512_q31), (3072 bytes).
    Removing arm_common_tables.o(.rodata.twiddleCoef_1024_q31), (6144 bytes).
    Removing arm_common_tables.o(.rodata.twiddleCoef_2048_q31), (12288 bytes).
    Removing arm_common_tables.o(.rodata.twiddleCoef_4096_q31), (24576 bytes).
    Removing arm_common_tables.o(.rodata.twiddleCoef_16_q15), (48 bytes).
    Removing arm_common_tables.o(.rodata.twiddleCoef_32_q15), (96 bytes).
    Removing arm_common_tables.o(.rodata.twiddleCoef_64_q15), (192 bytes).
    Removing arm_common_tables.o(.rodata.twiddleCoef_128_q15), (384 bytes).
    Removing arm_common_tables.o(.rodata.twiddleCoef_256_q15), (768 bytes).
    Removing arm_common_tables.o(.rodata.twiddleCoef_512_q15), (1536 bytes).
    Removing arm_common_tables.o(.rodata.twiddleCoef_1024_q15), (3072 bytes).
    Removing arm_common_tables.o(.rodata.twiddleCoef_2048_q15), (6144 bytes).
    Removing arm_common_tables.o(.rodata.twiddleCoef_4096_q15), (12288 bytes).
    Removing arm_common_tables.o(.rodata.armRecipTableQ15), (128 bytes).
    Removing arm_common_tables.o(.rodata.armRecipTableQ31), (256 bytes).
    Removing arm_common_tables.o(.rodata.armBitRevIndexTable16), (40 bytes).
    Removing arm_common_tables.o(.rodata.armBitRevIndexTable32), (96 bytes).
    Removing arm_common_tables.o(.rodata.armBitRevIndexTable64), (112 bytes).
    Removing arm_common_tables.o(.rodata.armBitRevIndexTable128), (416 bytes).
    Removing arm_common_tables.o(.rodata.armBitRevIndexTable256), (880 bytes).
    Removing arm_common_tables.o(.rodata.armBitRevIndexTable1024), (3600 bytes).
    Removing arm_common_tables.o(.rodata.armBitRevIndexTable2048), (7616 bytes).
    Removing arm_common_tables.o(.rodata.armBitRevIndexTable4096), (8064 bytes).
    Removing arm_common_tables.o(.rodata.armBitRevIndexTable_fixed_16), (24 bytes).
    Removing arm_common_tables.o(.rodata.armBitRevIndexTable_fixed_32), (48 bytes).
    Removing arm_common_tables.o(.rodata.armBitRevIndexTable_fixed_64), (112 bytes).
    Removing arm_common_tables.o(.rodata.armBitRevIndexTable_fixed_128), (224 bytes).
    Removing arm_common_tables.o(.rodata.armBitRevIndexTable_fixed_256), (480 bytes).
    Removing arm_common_tables.o(.rodata.armBitRevIndexTable_fixed_512), (960 bytes).
    Removing arm_common_tables.o(.rodata.armBitRevIndexTable_fixed_1024), (1984 bytes).
    Removing arm_common_tables.o(.rodata.armBitRevIndexTable_fixed_2048), (3968 bytes).
    Removing arm_common_tables.o(.rodata.armBitRevIndexTable_fixed_4096), (8064 bytes).
    Removing arm_common_tables.o(.rodata.twiddleCoef_rfft_32), (128 bytes).
    Removing arm_common_tables.o(.rodata.twiddleCoef_rfft_64), (256 bytes).
    Removing arm_common_tables.o(.rodata.twiddleCoef_rfft_128), (512 bytes).
    Removing arm_common_tables.o(.rodata.twiddleCoef_rfft_256), (1024 bytes).
    Removing arm_common_tables.o(.rodata.twiddleCoef_rfft_512), (2048 bytes).
    Removing arm_common_tables.o(.rodata.twiddleCoef_rfft_1024), (4096 bytes).
    Removing arm_common_tables.o(.rodata.twiddleCoef_rfft_2048), (8192 bytes).
    Removing arm_common_tables.o(.rodata.twiddleCoef_rfft_4096), (16384 bytes).
    Removing arm_common_tables.o(.rodata.sinTable_f32), (2052 bytes).
    Removing arm_common_tables.o(.rodata.sinTable_q31), (2052 bytes).
    Removing arm_common_tables.o(.rodata.sinTable_q15), (1026 bytes).

152 unused section(s) (total 312148 bytes) removed from the image.

==============================================================================

Image Symbol Table

    Local Symbols

    Symbol Name                              Value     Ov Type        Size  Object(Section)

    ../clib/angel/boardlib.s                 0x00000000   Number         0  boardinit3.o ABSOLUTE
    ../clib/angel/boardlib.s                 0x00000000   Number         0  boardinit2.o ABSOLUTE
    ../clib/angel/boardlib.s                 0x00000000   Number         0  boardshut.o ABSOLUTE
    ../clib/angel/boardlib.s                 0x00000000   Number         0  boardinit1.o ABSOLUTE
    ../clib/angel/handlers.s                 0x00000000   Number         0  __scatter_copy.o ABSOLUTE
    ../clib/angel/handlers.s                 0x00000000   Number         0  __scatter_zi.o ABSOLUTE
    ../clib/angel/kernel.s                   0x00000000   Number         0  rtexit.o ABSOLUTE
    ../clib/angel/kernel.s                   0x00000000   Number         0  __rtentry2.o ABSOLUTE
    ../clib/angel/kernel.s                   0x00000000   Number         0  __rtentry4.o ABSOLUTE
    ../clib/angel/kernel.s                   0x00000000   Number         0  __rtentry.o ABSOLUTE
    ../clib/angel/kernel.s                   0x00000000   Number         0  rtexit2.o ABSOLUTE
    ../clib/angel/rt.s                       0x00000000   Number         0  rt_errno_addr.o ABSOLUTE
    ../clib/angel/rt.s                       0x00000000   Number         0  rt_raise.o ABSOLUTE
    ../clib/angel/rt.s                       0x00000000   Number         0  rt_errno_addr_intlibspace.o ABSOLUTE
    ../clib/angel/scatter.s                  0x00000000   Number         0  __scatter.o ABSOLUTE
    ../clib/angel/startup.s                  0x00000000   Number         0  __main.o ABSOLUTE
    ../clib/angel/sys.s                      0x00000000   Number         0  sys_stackheap_outer.o ABSOLUTE
    ../clib/angel/sys.s                      0x00000000   Number         0  use_no_semi.o ABSOLUTE
    ../clib/angel/sys.s                      0x00000000   Number         0  libspace.o ABSOLUTE
    ../clib/angel/sys.s                      0x00000000   Number         0  indicate_semi.o ABSOLUTE
    ../clib/angel/sysapp.c                   0x00000000   Number         0  sys_exit.o ABSOLUTE
    ../clib/angel/sysapp.c                   0x00000000   Number         0  sys_command.o ABSOLUTE
    ../clib/angel/sysapp.c                   0x00000000   Number         0  sys_wrch.o ABSOLUTE
    ../clib/armsys.c                         0x00000000   Number         0  argv_veneer.o ABSOLUTE
    ../clib/armsys.c                         0x00000000   Number         0  argv_veneer.o ABSOLUTE
    ../clib/armsys.c                         0x00000000   Number         0  _get_argv_nomalloc.o ABSOLUTE
    ../clib/armsys.c                         0x00000000   Number         0  no_argv.o ABSOLUTE
    ../clib/fenv.c                           0x00000000   Number         0  _rserrno.o ABSOLUTE
    ../clib/heapalloc.c                      0x00000000   Number         0  hrguard.o ABSOLUTE
    ../clib/heapaux.c                        0x00000000   Number         0  heapauxi.o ABSOLUTE
    ../clib/libinit.s                        0x00000000   Number         0  libinit2.o ABSOLUTE
    ../clib/libinit.s                        0x00000000   Number         0  libinit.o ABSOLUTE
    ../clib/libinit.s                        0x00000000   Number         0  libshutdown2.o ABSOLUTE
    ../clib/libinit.s                        0x00000000   Number         0  libshutdown.o ABSOLUTE
    ../clib/memcpset.s                       0x00000000   Number         0  rt_memcpy_w.o ABSOLUTE
    ../clib/memcpset.s                       0x00000000   Number         0  rt_memcpy_v6.o ABSOLUTE
    ../clib/signal.c                         0x00000000   Number         0  defsig_rtmem_formal.o ABSOLUTE
    ../clib/signal.c                         0x00000000   Number         0  defsig_segv_inner.o ABSOLUTE
    ../clib/signal.c                         0x00000000   Number         0  defsig_exit.o ABSOLUTE
    ../clib/signal.c                         0x00000000   Number         0  defsig_cppl_inner.o ABSOLUTE
    ../clib/signal.c                         0x00000000   Number         0  defsig_other.o ABSOLUTE
    ../clib/signal.c                         0x00000000   Number         0  defsig_pvfn_inner.o ABSOLUTE
    ../clib/signal.c                         0x00000000   Number         0  defsig_rtmem_outer.o ABSOLUTE
    ../clib/signal.c                         0x00000000   Number         0  defsig_stak_inner.o ABSOLUTE
    ../clib/signal.c                         0x00000000   Number         0  defsig_rtred_inner.o ABSOLUTE
    ../clib/signal.c                         0x00000000   Number         0  defsig_abrt_inner.o ABSOLUTE
    ../clib/signal.c                         0x00000000   Number         0  defsig_rtmem_inner.o ABSOLUTE
    ../clib/signal.c                         0x00000000   Number         0  defsig_fpe_inner.o ABSOLUTE
    ../clib/signal.c                         0x00000000   Number         0  defsig_general.o ABSOLUTE
    ../clib/signal.c                         0x00000000   Number         0  __raise.o ABSOLUTE
    ../clib/signal.s                         0x00000000   Number         0  defsig.o ABSOLUTE
    ../clib/stdlib.c                         0x00000000   Number         0  exit.o ABSOLUTE
    ../fplib/basic.s                         0x00000000   Number         0  basic.o ABSOLUTE
    ../fplib/d2f.s                           0x00000000   Number         0  d2f.o ABSOLUTE
    ../fplib/daddsub.s                       0x00000000   Number         0  daddsub_clz.o ABSOLUTE
    ../fplib/dcmpi.s                         0x00000000   Number         0  dcmpi.o ABSOLUTE
    ../fplib/ddiv.s                          0x00000000   Number         0  ddiv.o ABSOLUTE
    ../fplib/deqf.s                          0x00000000   Number         0  deqf.o ABSOLUTE
    ../fplib/dflt.s                          0x00000000   Number         0  dflt_clz.o ABSOLUTE
    ../fplib/dmul.s                          0x00000000   Number         0  dmul.o ABSOLUTE
    ../fplib/dnaninf.s                       0x00000000   Number         0  dnaninf.o ABSOLUTE
    ../fplib/dretinf.s                       0x00000000   Number         0  dretinf.o ABSOLUTE
    ../fplib/fpinit.s                        0x00000000   Number         0  fpinit.o ABSOLUTE
    ../fplib/fretinf.s                       0x00000000   Number         0  fretinf.o ABSOLUTE
    ../fplib/usenofp.s                       0x00000000   Number         0  usenofp.o ABSOLUTE
    ../mathlib/dunder.c                      0x00000000   Number         0  dunder.o ABSOLUTE
    ../mathlib/log.c                         0x00000000   Number         0  log_x.o ABSOLUTE
    ../mathlib/log.c                         0x00000000   Number         0  log.o ABSOLUTE
    ../mathlib/log10.c                       0x00000000   Number         0  log10_x.o ABSOLUTE
    ../mathlib/log10.c                       0x00000000   Number         0  log10.o ABSOLUTE
    ../mathlib/poly.c                        0x00000000   Number         0  poly.o ABSOLUTE
    ../mathlib/qnan.c                        0x00000000   Number         0  qnan.o ABSOLUTE
    ../mathlib/sqrtf.c                       0x00000000   Number         0  sqrtf.o ABSOLUTE
    ../mathlib/sqrtf.c                       0x00000000   Number         0  sqrtf_x.o ABSOLUTE
    FIFO.c                                   0x00000000   Number         0  fifo.o ABSOLUTE
    I2C1.c                                   0x00000000   Number         0  i2c1.o ABSOLUTE
    I2C1.c                                   0x00000000   Number         0  i2c1.o ABSOLUTE
    RTE\Device\STM32L432KCUx\startup_stm32l432xx.s 0x00000000   Number         0  startup_stm32l432xx.o ABSOLUTE
    RTE\Device\STM32L432KCUx\system_stm32l4xx.c 0x00000000   Number         0  system_stm32l4xx.o ABSOLUTE
    RTE\\Device\\STM32L432KCUx\\system_stm32l4xx.c 0x00000000   Number         0  system_stm32l4xx.o ABSOLUTE
    SH1106.c                                 0x00000000   Number         0  sh1106.o ABSOLUTE
    UART2.c                                  0x00000000   Number         0  uart2.o ABSOLUTE
    UART2.c                                  0x00000000   Number         0  uart2.o ABSOLUTE
    arm_bitreversal2.c                       0x00000000   Number         0  arm_bitreversal2.o ABSOLUTE
    arm_cfft_f32.c                           0x00000000   Number         0  arm_cfft_f32.o ABSOLUTE
    arm_cfft_radix8_f32.c                    0x00000000   Number         0  arm_cfft_radix8_f32.o ABSOLUTE
    arm_cmplx_mag_f32.c                      0x00000000   Number         0  arm_cmplx_mag_f32.o ABSOLUTE
    arm_common_tables.c                      0x00000000   Number         0  arm_common_tables.o ABSOLUTE
    arm_const_structs.c                      0x00000000   Number         0  arm_const_structs.o ABSOLUTE
    arm_max_f32.c                            0x00000000   Number         0  arm_max_f32.o ABSOLUTE
    arm_rfft_init_q15.c                      0x00000000   Number         0  arm_rfft_init_q15.o ABSOLUTE
    arm_rfft_init_q31.c                      0x00000000   Number         0  arm_rfft_init_q31.o ABSOLUTE
    dc.s                                     0x00000000   Number         0  dc.o ABSOLUTE
    main.c                                   0x00000000   Number         0  main.o ABSOLUTE
    main.c                                   0x00000000   Number         0  main.o ABSOLUTE
    RESET                                    0x08000000   Section      396  startup_stm32l432xx.o(RESET)
    !!!main                                  0x0800018c   Section        8  __main.o(!!!main)
    !!!scatter                               0x08000194   Section       52  __scatter.o(!!!scatter)
    !!handler_copy                           0x080001c8   Section       26  __scatter_copy.o(!!handler_copy)
    !!handler_zi                             0x080001e4   Section       28  __scatter_zi.o(!!handler_zi)
    .ARM.Collect$$libinit$$00000000          0x08000200   Section        2  libinit.o(.ARM.Collect$$libinit$$00000000)
    .ARM.Collect$$libinit$$00000001          0x08000202   Section        4  libinit2.o(.ARM.Collect$$libinit$$00000001)
    .ARM.Collect$$libinit$$00000004          0x08000206   Section        0  libinit2.o(.ARM.Collect$$libinit$$00000004)
    .ARM.Collect$$libinit$$0000000A          0x08000206   Section        0  libinit2.o(.ARM.Collect$$libinit$$0000000A)
    .ARM.Collect$$libinit$$0000000C          0x08000206   Section        0  libinit2.o(.ARM.Collect$$libinit$$0000000C)
    .ARM.Collect$$libinit$$0000000E          0x08000206   Section        0  libinit2.o(.ARM.Collect$$libinit$$0000000E)
    .ARM.Collect$$libinit$$00000011          0x08000206   Section        0  libinit2.o(.ARM.Collect$$libinit$$00000011)
    .ARM.Collect$$libinit$$00000013          0x08000206   Section        0  libinit2.o(.ARM.Collect$$libinit$$00000013)
    .ARM.Collect$$libinit$$00000015          0x08000206   Section        0  libinit2.o(.ARM.Collect$$libinit$$00000015)
    .ARM.Collect$$libinit$$00000017          0x08000206   Section        0  libinit2.o(.ARM.Collect$$libinit$$00000017)
    .ARM.Collect$$libinit$$00000019          0x08000206   Section        0  libinit2.o(.ARM.Collect$$libinit$$00000019)
    .ARM.Collect$$libinit$$0000001B          0x08000206   Section        0  libinit2.o(.ARM.Collect$$libinit$$0000001B)
    .ARM.Collect$$libinit$$0000001D          0x08000206   Section        0  libinit2.o(.ARM.Collect$$libinit$$0000001D)
    .ARM.Collect$$libinit$$0000001F          0x08000206   Section        0  libinit2.o(.ARM.Collect$$libinit$$0000001F)
    .ARM.Collect$$libinit$$00000021          0x08000206   Section        0  libinit2.o(.ARM.Collect$$libinit$$00000021)
    .ARM.Collect$$libinit$$00000023          0x08000206   Section        0  libinit2.o(.ARM.Collect$$libinit$$00000023)
    .ARM.Collect$$libinit$$00000025          0x08000206   Section        0  libinit2.o(.ARM.Collect$$libinit$$00000025)
    .ARM.Collect$$libinit$$0000002C          0x08000206   Section        0  libinit2.o(.ARM.Collect$$libinit$$0000002C)
    .ARM.Collect$$libinit$$0000002E          0x08000206   Section        0  libinit2.o(.ARM.Collect$$libinit$$0000002E)
    .ARM.Collect$$libinit$$00000030          0x08000206   Section        0  libinit2.o(.ARM.Collect$$libinit$$00000030)
    .ARM.Collect$$libinit$$00000032          0x08000206   Section        0  libinit2.o(.ARM.Collect$$libinit$$00000032)
    .ARM.Collect$$libinit$$00000033          0x08000206   Section        2  libinit2.o(.ARM.Collect$$libinit$$00000033)
    .ARM.Collect$$libshutdown$$00000000      0x08000208   Section        2  libshutdown.o(.ARM.Collect$$libshutdown$$00000000)
    .ARM.Collect$$libshutdown$$00000002      0x0800020a   Section        0  libshutdown2.o(.ARM.Collect$$libshutdown$$00000002)
    .ARM.Collect$$libshutdown$$00000004      0x0800020a   Section        0  libshutdown2.o(.ARM.Collect$$libshutdown$$00000004)
    .ARM.Collect$$libshutdown$$00000007      0x0800020a   Section        0  libshutdown2.o(.ARM.Collect$$libshutdown$$00000007)
    .ARM.Collect$$libshutdown$$0000000A      0x0800020a   Section        0  libshutdown2.o(.ARM.Collect$$libshutdown$$0000000A)
    .ARM.Collect$$libshutdown$$0000000C      0x0800020a   Section        0  libshutdown2.o(.ARM.Collect$$libshutdown$$0000000C)
    .ARM.Collect$$libshutdown$$0000000F      0x0800020a   Section        0  libshutdown2.o(.ARM.Collect$$libshutdown$$0000000F)
    .ARM.Collect$$libshutdown$$00000010      0x0800020a   Section        2  libshutdown2.o(.ARM.Collect$$libshutdown$$00000010)
    .ARM.Collect$$rtentry$$00000000          0x0800020c   Section        0  __rtentry.o(.ARM.Collect$$rtentry$$00000000)
    .ARM.Collect$$rtentry$$00000002          0x0800020c   Section        0  __rtentry2.o(.ARM.Collect$$rtentry$$00000002)
    .ARM.Collect$$rtentry$$00000004          0x0800020c   Section        6  __rtentry4.o(.ARM.Collect$$rtentry$$00000004)
    .ARM.Collect$$rtentry$$00000009          0x08000212   Section        0  __rtentry2.o(.ARM.Collect$$rtentry$$00000009)
    .ARM.Collect$$rtentry$$0000000A          0x08000212   Section        4  __rtentry2.o(.ARM.Collect$$rtentry$$0000000A)
    .ARM.Collect$$rtentry$$0000000C          0x08000216   Section        0  __rtentry2.o(.ARM.Collect$$rtentry$$0000000C)
    .ARM.Collect$$rtentry$$0000000D          0x08000216   Section        8  __rtentry2.o(.ARM.Collect$$rtentry$$0000000D)
    .ARM.Collect$$rtexit$$00000000           0x0800021e   Section        2  rtexit.o(.ARM.Collect$$rtexit$$00000000)
    .ARM.Collect$$rtexit$$00000002           0x08000220   Section        0  rtexit2.o(.ARM.Collect$$rtexit$$00000002)
    .ARM.Collect$$rtexit$$00000003           0x08000220   Section        4  rtexit2.o(.ARM.Collect$$rtexit$$00000003)
    .ARM.Collect$$rtexit$$00000004           0x08000224   Section        6  rtexit2.o(.ARM.Collect$$rtexit$$00000004)
    .text                                    0x0800022c   Section       64  startup_stm32l432xx.o(.text)
    $v0                                      0x0800022c   Number         0  startup_stm32l432xx.o(.text)
    .text                                    0x0800026c   Section      138  rt_memcpy_v6.o(.text)
    .text                                    0x080002f6   Section        0  heapauxi.o(.text)
    .text                                    0x080002fc   Section        0  _rserrno.o(.text)
    .text                                    0x08000312   Section      100  rt_memcpy_w.o(.text)
    .text                                    0x08000378   Section        8  rt_errno_addr_intlibspace.o(.text)
    .text                                    0x08000380   Section        8  libspace.o(.text)
    .text                                    0x08000388   Section       74  sys_stackheap_outer.o(.text)
    .text                                    0x080003d2   Section        0  exit.o(.text)
    .text                                    0x080003e4   Section        0  sys_exit.o(.text)
    .text                                    0x080003f0   Section        2  use_no_semi.o(.text)
    .text                                    0x080003f2   Section        0  indicate_semi.o(.text)
    [Anonymous Symbol]                       0x080003f4   Section        0  arm_bitreversal2.o(.text.arm_bitreversal_32)
    [Anonymous Symbol]                       0x08000434   Section        0  arm_cfft_f32.o(.text.arm_cfft_f32)
    [Anonymous Symbol]                       0x08000514   Section        0  arm_cfft_f32.o(.text.arm_cfft_radix8by2_f32)
    [Anonymous Symbol]                       0x080006b0   Section        0  arm_cfft_f32.o(.text.arm_cfft_radix8by4_f32)
    [Anonymous Symbol]                       0x08000ae0   Section        0  arm_cmplx_mag_f32.o(.text.arm_cmplx_mag_f32)
    [Anonymous Symbol]                       0x08000c20   Section        0  arm_max_f32.o(.text.arm_max_f32)
    [Anonymous Symbol]                       0x08000cf0   Section        0  arm_cfft_radix8_f32.o(.text.arm_radix8_butterfly_f32)
    i.ADCInit                                0x080012ac   Section        0  main.o(i.ADCInit)
    i.FifoGet                                0x080013cc   Section        0  fifo.o(i.FifoGet)
    i.I2C1Init                               0x08001410   Section        0  i2c1.o(i.I2C1Init)
    i.SH1106Init                             0x080014b0   Section        0  sh1106.o(i.SH1106Init)
    i.SysTickInit                            0x080014e0   Section        0  main.o(i.SysTickInit)
    i.SysTick_Handler                        0x08001554   Section        0  main.o(i.SysTick_Handler)
    i.SystemCoreClockUpdate                  0x080015e8   Section        0  system_stm32l4xx.o(i.SystemCoreClockUpdate)
    i.SystemInit                             0x080016d4   Section        0  system_stm32l4xx.o(i.SystemInit)
    i.USART2_IRQHandler                      0x08001724   Section        0  uart2.o(i.USART2_IRQHandler)
    i.__hardfp_log                           0x08001750   Section        0  log.o(i.__hardfp_log)
    i.__hardfp_log10                         0x08001b38   Section        0  log10.o(i.__hardfp_log10)
    i.__hardfp_sqrtf                         0x08001c68   Section        0  sqrtf.o(i.__hardfp_sqrtf)
    i.__kernel_poly                          0x08001ca2   Section        0  poly.o(i.__kernel_poly)
    i.__mathlib_dbl_divzero                  0x08001da0   Section        0  dunder.o(i.__mathlib_dbl_divzero)
    i.__mathlib_dbl_infnan                   0x08001dd0   Section        0  dunder.o(i.__mathlib_dbl_infnan)
    i.__mathlib_dbl_invalid                  0x08001de8   Section        0  dunder.o(i.__mathlib_dbl_invalid)
    i.clearBuffer                            0x08001e08   Section        0  sh1106.o(i.clearBuffer)
    i.clearScreen                            0x08001e2c   Section        0  sh1106.o(i.clearScreen)
    i.clock32MHz                             0x08001e84   Section        0  main.o(i.clock32MHz)
    i.drawVLine                              0x08001eb4   Section        0  sh1106.o(i.drawVLine)
    i.log                                    0x08001f1c   Section        0  log.o(i.log)
    i.main                                   0x08001f2c   Section        0  main.o(i.main)
    i.refresh                                0x080020f4   Section        0  sh1106.o(i.refresh)
    i.sendData                               0x08002138   Section        0  i2c1.o(i.sendData)
    i.setColumn                              0x080021a4   Section        0  sh1106.o(i.setColumn)
    i.setPage                                0x080021d4   Section        0  sh1106.o(i.setPage)
    x$fpl$basic                              0x080021f4   Section       24  basic.o(x$fpl$basic)
    $v0                                      0x080021f4   Number         0  basic.o(x$fpl$basic)
    x$fpl$d2f                                0x0800220c   Section       98  d2f.o(x$fpl$d2f)
    $v0                                      0x0800220c   Number         0  d2f.o(x$fpl$d2f)
    x$fpl$dadd                               0x08002270   Section      336  daddsub_clz.o(x$fpl$dadd)
    $v0                                      0x08002270   Number         0  daddsub_clz.o(x$fpl$dadd)
    _dadd1                                   0x08002281   Thumb Code     0  daddsub_clz.o(x$fpl$dadd)
    x$fpl$dcmpinf                            0x080023c0   Section       24  dcmpi.o(x$fpl$dcmpinf)
    $v0                                      0x080023c0   Number         0  dcmpi.o(x$fpl$dcmpinf)
    x$fpl$ddiv                               0x080023d8   Section      688  ddiv.o(x$fpl$ddiv)
    $v0                                      0x080023d8   Number         0  ddiv.o(x$fpl$ddiv)
    ddiv_entry                               0x080023df   Thumb Code     0  ddiv.o(x$fpl$ddiv)
    x$fpl$deqf                               0x08002688   Section      120  deqf.o(x$fpl$deqf)
    $v0                                      0x08002688   Number         0  deqf.o(x$fpl$deqf)
    x$fpl$dflt                               0x08002700   Section       46  dflt_clz.o(x$fpl$dflt)
    $v0                                      0x08002700   Number         0  dflt_clz.o(x$fpl$dflt)
    x$fpl$dmul                               0x08002730   Section      340  dmul.o(x$fpl$dmul)
    $v0                                      0x08002730   Number         0  dmul.o(x$fpl$dmul)
    x$fpl$dnaninf                            0x08002884   Section      156  dnaninf.o(x$fpl$dnaninf)
    $v0                                      0x08002884   Number         0  dnaninf.o(x$fpl$dnaninf)
    x$fpl$dretinf                            0x08002920   Section       12  dretinf.o(x$fpl$dretinf)
    $v0                                      0x08002920   Number         0  dretinf.o(x$fpl$dretinf)
    x$fpl$drsb                               0x0800292c   Section       22  daddsub_clz.o(x$fpl$drsb)
    $v0                                      0x0800292c   Number         0  daddsub_clz.o(x$fpl$drsb)
    x$fpl$dsub                               0x08002944   Section      468  daddsub_clz.o(x$fpl$dsub)
    $v0                                      0x08002944   Number         0  daddsub_clz.o(x$fpl$dsub)
    _dsub1                                   0x08002955   Thumb Code     0  daddsub_clz.o(x$fpl$dsub)
    x$fpl$fpinit                             0x08002b18   Section       10  fpinit.o(x$fpl$fpinit)
    $v0                                      0x08002b18   Number         0  fpinit.o(x$fpl$fpinit)
    x$fpl$fretinf                            0x08002b22   Section       10  fretinf.o(x$fpl$fretinf)
    $v0                                      0x08002b22   Number         0  fretinf.o(x$fpl$fretinf)
    .constdata                               0x08002b2c   Section       53  sh1106.o(.constdata)
    x$fpl$usenofp                            0x08002b2c   Section        0  usenofp.o(x$fpl$usenofp)
    .constdata                               0x08002b64   Section       72  system_stm32l4xx.o(.constdata)
    .constdata                               0x08002bb0   Section       56  log.o(.constdata)
    Lg2                                      0x08002bb0   Data          24  log.o(.constdata)
    Lg                                       0x08002bc8   Data          32  log.o(.constdata)
    .constdata                               0x08002be8   Section        8  qnan.o(.constdata)
    .data                                    0x20000000   Section        2  main.o(.data)
    .data                                    0x20000004   Section        4  system_stm32l4xx.o(.data)
    .bss                                     0x20000008   Section     6784  main.o(.bss)
    .bss                                     0x20001a88   Section     1153  sh1106.o(.bss)
    .bss                                     0x20001f0c   Section     4100  uart2.o(.bss)
    .bss                                     0x20002f10   Section       96  libspace.o(.bss)
    HEAP                                     0x20002f70   Section      512  startup_stm32l432xx.o(HEAP)
    Heap_Mem                                 0x20002f70   Data         512  startup_stm32l432xx.o(HEAP)
    STACK                                    0x20003170   Section     1024  startup_stm32l432xx.o(STACK)
    Stack_Mem                                0x20003170   Data        1024  startup_stm32l432xx.o(STACK)
    __initial_sp                             0x20003570   Data           0  startup_stm32l432xx.o(STACK)

    Global Symbols

    Symbol Name                              Value     Ov Type        Size  Object(Section)

    BuildAttributes$$THM_ISAv4$E$P$D$K$B$S$7EM$VFPi3$EXTD16$VFPS$VFMA$PE$A:L22UL41UL21$X:L11$S22US41US21$IEEE1$IW$USESV6$~STKCKD$USESV7$~SHL$OTIME$ROPI$IEEEX$EBA8$UX$STANDARDLIB$REQ8$PRES8$EABIv2 0x00000000   Number         0  anon$$obj.o ABSOLUTE
    __ARM_use_no_argv                        0x00000000   Number         0  main.o ABSOLUTE
    __ARM_exceptions_init                     - Undefined Weak Reference
    __alloca_initialize                       - Undefined Weak Reference
    __arm_preinit_                            - Undefined Weak Reference
    __cpp_initialize__aeabi_                  - Undefined Weak Reference
    __cxa_finalize                            - Undefined Weak Reference
    __rt_locale                               - Undefined Weak Reference
    __sigvec_lookup                           - Undefined Weak Reference
    _atexit_init                              - Undefined Weak Reference
    _call_atexit_fns                          - Undefined Weak Reference
    _clock_init                               - Undefined Weak Reference
    _fp_trap_init                             - Undefined Weak Reference
    _fp_trap_shutdown                         - Undefined Weak Reference
    _get_lc_collate                           - Undefined Weak Reference
    _get_lc_ctype                             - Undefined Weak Reference
    _get_lc_monetary                          - Undefined Weak Reference
    _get_lc_numeric                           - Undefined Weak Reference
    _get_lc_time                              - Undefined Weak Reference
    _getenv_init                              - Undefined Weak Reference
    _handle_redirection                       - Undefined Weak Reference
    _init_alloc                               - Undefined Weak Reference
    _init_user_alloc                          - Undefined Weak Reference
    _initio                                   - Undefined Weak Reference
    _rand_init                                - Undefined Weak Reference
    _signal_finish                            - Undefined Weak Reference
    _signal_init                              - Undefined Weak Reference
    _terminate_alloc                          - Undefined Weak Reference
    _terminate_user_alloc                     - Undefined Weak Reference
    _terminateio                              - Undefined Weak Reference
    __Vectors_Size                           0x0000018c   Number         0  startup_stm32l432xx.o ABSOLUTE
    __Vectors                                0x08000000   Data           4  startup_stm32l432xx.o(RESET)
    __Vectors_End                            0x0800018c   Data           0  startup_stm32l432xx.o(RESET)
    __main                                   0x0800018d   Thumb Code     8  __main.o(!!!main)
    __scatterload                            0x08000195   Thumb Code     0  __scatter.o(!!!scatter)
    __scatterload_rt2                        0x08000195   Thumb Code    44  __scatter.o(!!!scatter)
    __scatterload_rt2_thumb_only             0x08000195   Thumb Code     0  __scatter.o(!!!scatter)
    __scatterload_null                       0x080001a3   Thumb Code     0  __scatter.o(!!!scatter)
    __scatterload_copy                       0x080001c9   Thumb Code    26  __scatter_copy.o(!!handler_copy)
    __scatterload_zeroinit                   0x080001e5   Thumb Code    28  __scatter_zi.o(!!handler_zi)
    __rt_lib_init                            0x08000201   Thumb Code     0  libinit.o(.ARM.Collect$$libinit$$00000000)
    __rt_lib_init_fp_1                       0x08000203   Thumb Code     0  libinit2.o(.ARM.Collect$$libinit$$00000001)
    __rt_lib_init_alloca_1                   0x08000207   Thumb Code     0  libinit2.o(.ARM.Collect$$libinit$$0000002E)
    __rt_lib_init_argv_1                     0x08000207   Thumb Code     0  libinit2.o(.ARM.Collect$$libinit$$0000002C)
    __rt_lib_init_atexit_1                   0x08000207   Thumb Code     0  libinit2.o(.ARM.Collect$$libinit$$0000001B)
    __rt_lib_init_clock_1                    0x08000207   Thumb Code     0  libinit2.o(.ARM.Collect$$libinit$$00000021)
    __rt_lib_init_cpp_1                      0x08000207   Thumb Code     0  libinit2.o(.ARM.Collect$$libinit$$00000032)
    __rt_lib_init_exceptions_1               0x08000207   Thumb Code     0  libinit2.o(.ARM.Collect$$libinit$$00000030)
    __rt_lib_init_fp_trap_1                  0x08000207   Thumb Code     0  libinit2.o(.ARM.Collect$$libinit$$0000001F)
    __rt_lib_init_getenv_1                   0x08000207   Thumb Code     0  libinit2.o(.ARM.Collect$$libinit$$00000023)
    __rt_lib_init_heap_1                     0x08000207   Thumb Code     0  libinit2.o(.ARM.Collect$$libinit$$0000000A)
    __rt_lib_init_lc_collate_1               0x08000207   Thumb Code     0  libinit2.o(.ARM.Collect$$libinit$$00000011)
    __rt_lib_init_lc_ctype_1                 0x08000207   Thumb Code     0  libinit2.o(.ARM.Collect$$libinit$$00000013)
    __rt_lib_init_lc_monetary_1              0x08000207   Thumb Code     0  libinit2.o(.ARM.Collect$$libinit$$00000015)
    __rt_lib_init_lc_numeric_1               0x08000207   Thumb Code     0  libinit2.o(.ARM.Collect$$libinit$$00000017)
    __rt_lib_init_lc_time_1                  0x08000207   Thumb Code     0  libinit2.o(.ARM.Collect$$libinit$$00000019)
    __rt_lib_init_preinit_1                  0x08000207   Thumb Code     0  libinit2.o(.ARM.Collect$$libinit$$00000004)
    __rt_lib_init_rand_1                     0x08000207   Thumb Code     0  libinit2.o(.ARM.Collect$$libinit$$0000000E)
    __rt_lib_init_return                     0x08000207   Thumb Code     0  libinit2.o(.ARM.Collect$$libinit$$00000033)
    __rt_lib_init_signal_1                   0x08000207   Thumb Code     0  libinit2.o(.ARM.Collect$$libinit$$0000001D)
    __rt_lib_init_stdio_1                    0x08000207   Thumb Code     0  libinit2.o(.ARM.Collect$$libinit$$00000025)
    __rt_lib_init_user_alloc_1               0x08000207   Thumb Code     0  libinit2.o(.ARM.Collect$$libinit$$0000000C)
    __rt_lib_shutdown                        0x08000209   Thumb Code     0  libshutdown.o(.ARM.Collect$$libshutdown$$00000000)
    __rt_lib_shutdown_cpp_1                  0x0800020b   Thumb Code     0  libshutdown2.o(.ARM.Collect$$libshutdown$$00000002)
    __rt_lib_shutdown_fp_trap_1              0x0800020b   Thumb Code     0  libshutdown2.o(.ARM.Collect$$libshutdown$$00000007)
    __rt_lib_shutdown_heap_1                 0x0800020b   Thumb Code     0  libshutdown2.o(.ARM.Collect$$libshutdown$$0000000F)
    __rt_lib_shutdown_return                 0x0800020b   Thumb Code     0  libshutdown2.o(.ARM.Collect$$libshutdown$$00000010)
    __rt_lib_shutdown_signal_1               0x0800020b   Thumb Code     0  libshutdown2.o(.ARM.Collect$$libshutdown$$0000000A)
    __rt_lib_shutdown_stdio_1                0x0800020b   Thumb Code     0  libshutdown2.o(.ARM.Collect$$libshutdown$$00000004)
    __rt_lib_shutdown_user_alloc_1           0x0800020b   Thumb Code     0  libshutdown2.o(.ARM.Collect$$libshutdown$$0000000C)
    __rt_entry                               0x0800020d   Thumb Code     0  __rtentry.o(.ARM.Collect$$rtentry$$00000000)
    __rt_entry_presh_1                       0x0800020d   Thumb Code     0  __rtentry2.o(.ARM.Collect$$rtentry$$00000002)
    __rt_entry_sh                            0x0800020d   Thumb Code     0  __rtentry4.o(.ARM.Collect$$rtentry$$00000004)
    __rt_entry_li                            0x08000213   Thumb Code     0  __rtentry2.o(.ARM.Collect$$rtentry$$0000000A)
    __rt_entry_postsh_1                      0x08000213   Thumb Code     0  __rtentry2.o(.ARM.Collect$$rtentry$$00000009)
    __rt_entry_main                          0x08000217   Thumb Code     0  __rtentry2.o(.ARM.Collect$$rtentry$$0000000D)
    __rt_entry_postli_1                      0x08000217   Thumb Code     0  __rtentry2.o(.ARM.Collect$$rtentry$$0000000C)
    __rt_exit                                0x0800021f   Thumb Code     0  rtexit.o(.ARM.Collect$$rtexit$$00000000)
    __rt_exit_ls                             0x08000221   Thumb Code     0  rtexit2.o(.ARM.Collect$$rtexit$$00000003)
    __rt_exit_prels_1                        0x08000221   Thumb Code     0  rtexit2.o(.ARM.Collect$$rtexit$$00000002)
    __rt_exit_exit                           0x08000225   Thumb Code     0  rtexit2.o(.ARM.Collect$$rtexit$$00000004)
    Reset_Handler                            0x0800022d   Thumb Code     8  startup_stm32l432xx.o(.text)
    NMI_Handler                              0x08000235   Thumb Code     2  startup_stm32l432xx.o(.text)
    HardFault_Handler                        0x08000237   Thumb Code     2  startup_stm32l432xx.o(.text)
    MemManage_Handler                        0x08000239   Thumb Code     2  startup_stm32l432xx.o(.text)
    BusFault_Handler                         0x0800023b   Thumb Code     2  startup_stm32l432xx.o(.text)
    UsageFault_Handler                       0x0800023d   Thumb Code     2  startup_stm32l432xx.o(.text)
    SVC_Handler                              0x0800023f   Thumb Code     2  startup_stm32l432xx.o(.text)
    DebugMon_Handler                         0x08000241   Thumb Code     2  startup_stm32l432xx.o(.text)
    PendSV_Handler                           0x08000243   Thumb Code     2  startup_stm32l432xx.o(.text)
    ADC1_IRQHandler                          0x08000247   Thumb Code     0  startup_stm32l432xx.o(.text)
    CAN1_RX0_IRQHandler                      0x08000247   Thumb Code     0  startup_stm32l432xx.o(.text)
    CAN1_RX1_IRQHandler                      0x08000247   Thumb Code     0  startup_stm32l432xx.o(.text)
    CAN1_SCE_IRQHandler                      0x08000247   Thumb Code     0  startup_stm32l432xx.o(.text)
    CAN1_TX_IRQHandler                       0x08000247   Thumb Code     0  startup_stm32l432xx.o(.text)
    COMP_IRQHandler                          0x08000247   Thumb Code     0  startup_stm32l432xx.o(.text)
    CRS_IRQHandler                           0x08000247   Thumb Code     0  startup_stm32l432xx.o(.text)
    DMA1_Channel1_IRQHandler                 0x08000247   Thumb Code     0  startup_stm32l432xx.o(.text)
    DMA1_Channel2_IRQHandler                 0x08000247   Thumb Code     0  startup_stm32l432xx.o(.text)
    DMA1_Channel3_IRQHandler                 0x08000247   Thumb Code     0  startup_stm32l432xx.o(.text)
    DMA1_Channel4_IRQHandler                 0x08000247   Thumb Code     0  startup_stm32l432xx.o(.text)
    DMA1_Channel5_IRQHandler                 0x08000247   Thumb Code     0  startup_stm32l432xx.o(.text)
    DMA1_Channel6_IRQHandler                 0x08000247   Thumb Code     0  startup_stm32l432xx.o(.text)
    DMA1_Channel7_IRQHandler                 0x08000247   Thumb Code     0  startup_stm32l432xx.o(.text)
    DMA2_Channel1_IRQHandler                 0x08000247   Thumb Code     0  startup_stm32l432xx.o(.text)
    DMA2_Channel2_IRQHandler                 0x08000247   Thumb Code     0  startup_stm32l432xx.o(.text)
    DMA2_Channel3_IRQHandler                 0x08000247   Thumb Code     0  startup_stm32l432xx.o(.text)
    DMA2_Channel4_IRQHandler                 0x08000247   Thumb Code     0  startup_stm32l432xx.o(.text)
    DMA2_Channel5_IRQHandler                 0x08000247   Thumb Code     0  startup_stm32l432xx.o(.text)
    DMA2_Channel6_IRQHandler                 0x08000247   Thumb Code     0  startup_stm32l432xx.o(.text)
    DMA2_Channel7_IRQHandler                 0x08000247   Thumb Code     0  startup_stm32l432xx.o(.text)
    EXTI0_IRQHandler                         0x08000247   Thumb Code     0  startup_stm32l432xx.o(.text)
    EXTI15_10_IRQHandler                     0x08000247   Thumb Code     0  startup_stm32l432xx.o(.text)
    EXTI1_IRQHandler                         0x08000247   Thumb Code     0  startup_stm32l432xx.o(.text)
    EXTI2_IRQHandler                         0x08000247   Thumb Code     0  startup_stm32l432xx.o(.text)
    EXTI3_IRQHandler                         0x08000247   Thumb Code     0  startup_stm32l432xx.o(.text)
    EXTI4_IRQHandler                         0x08000247   Thumb Code     0  startup_stm32l432xx.o(.text)
    EXTI9_5_IRQHandler                       0x08000247   Thumb Code     0  startup_stm32l432xx.o(.text)
    FLASH_IRQHandler                         0x08000247   Thumb Code     0  startup_stm32l432xx.o(.text)
    FPU_IRQHandler                           0x08000247   Thumb Code     0  startup_stm32l432xx.o(.text)
    I2C1_ER_IRQHandler                       0x08000247   Thumb Code     0  startup_stm32l432xx.o(.text)
    I2C1_EV_IRQHandler                       0x08000247   Thumb Code     0  startup_stm32l432xx.o(.text)
    I2C3_ER_IRQHandler                       0x08000247   Thumb Code     0  startup_stm32l432xx.o(.text)
    I2C3_EV_IRQHandler                       0x08000247   Thumb Code     0  startup_stm32l432xx.o(.text)
    LPTIM1_IRQHandler                        0x08000247   Thumb Code     0  startup_stm32l432xx.o(.text)
    LPTIM2_IRQHandler                        0x08000247   Thumb Code     0  startup_stm32l432xx.o(.text)
    LPUART1_IRQHandler                       0x08000247   Thumb Code     0  startup_stm32l432xx.o(.text)
    PVD_PVM_IRQHandler                       0x08000247   Thumb Code     0  startup_stm32l432xx.o(.text)
    QUADSPI_IRQHandler                       0x08000247   Thumb Code     0  startup_stm32l432xx.o(.text)
    RCC_IRQHandler                           0x08000247   Thumb Code     0  startup_stm32l432xx.o(.text)
    RNG_IRQHandler                           0x08000247   Thumb Code     0  startup_stm32l432xx.o(.text)
    RTC_Alarm_IRQHandler                     0x08000247   Thumb Code     0  startup_stm32l432xx.o(.text)
    RTC_WKUP_IRQHandler                      0x08000247   Thumb Code     0  startup_stm32l432xx.o(.text)
    SAI1_IRQHandler                          0x08000247   Thumb Code     0  startup_stm32l432xx.o(.text)
    SPI1_IRQHandler                          0x08000247   Thumb Code     0  startup_stm32l432xx.o(.text)
    SPI3_IRQHandler                          0x08000247   Thumb Code     0  startup_stm32l432xx.o(.text)
    SWPMI1_IRQHandler                        0x08000247   Thumb Code     0  startup_stm32l432xx.o(.text)
    TAMP_STAMP_IRQHandler                    0x08000247   Thumb Code     0  startup_stm32l432xx.o(.text)
    TIM1_BRK_TIM15_IRQHandler                0x08000247   Thumb Code     0  startup_stm32l432xx.o(.text)
    TIM1_CC_IRQHandler                       0x08000247   Thumb Code     0  startup_stm32l432xx.o(.text)
    TIM1_TRG_COM_IRQHandler                  0x08000247   Thumb Code     0  startup_stm32l432xx.o(.text)
    TIM1_UP_TIM16_IRQHandler                 0x08000247   Thumb Code     0  startup_stm32l432xx.o(.text)
    TIM2_IRQHandler                          0x08000247   Thumb Code     0  startup_stm32l432xx.o(.text)
    TIM6_DAC_IRQHandler                      0x08000247   Thumb Code     0  startup_stm32l432xx.o(.text)
    TIM7_IRQHandler                          0x08000247   Thumb Code     0  startup_stm32l432xx.o(.text)
    TSC_IRQHandler                           0x08000247   Thumb Code     0  startup_stm32l432xx.o(.text)
    USART1_IRQHandler                        0x08000247   Thumb Code     0  startup_stm32l432xx.o(.text)
    USB_IRQHandler                           0x08000247   Thumb Code     0  startup_stm32l432xx.o(.text)
    WWDG_IRQHandler                          0x08000247   Thumb Code     0  startup_stm32l432xx.o(.text)
    __user_initial_stackheap                 0x08000249   Thumb Code     0  startup_stm32l432xx.o(.text)
    __aeabi_memcpy                           0x0800026d   Thumb Code     0  rt_memcpy_v6.o(.text)
    __rt_memcpy                              0x0800026d   Thumb Code   138  rt_memcpy_v6.o(.text)
    _memcpy_lastbytes                        0x080002d3   Thumb Code     0  rt_memcpy_v6.o(.text)
    __use_two_region_memory                  0x080002f7   Thumb Code     2  heapauxi.o(.text)
    __rt_heap_escrow$2region                 0x080002f9   Thumb Code     2  heapauxi.o(.text)
    __rt_heap_expand$2region                 0x080002fb   Thumb Code     2  heapauxi.o(.text)
    __read_errno                             0x080002fd   Thumb Code    10  _rserrno.o(.text)
    __set_errno                              0x08000307   Thumb Code    12  _rserrno.o(.text)
    __aeabi_memcpy4                          0x08000313   Thumb Code     0  rt_memcpy_w.o(.text)
    __aeabi_memcpy8                          0x08000313   Thumb Code     0  rt_memcpy_w.o(.text)
    __rt_memcpy_w                            0x08000313   Thumb Code   100  rt_memcpy_w.o(.text)
    _memcpy_lastbytes_aligned                0x0800035b   Thumb Code     0  rt_memcpy_w.o(.text)
    __aeabi_errno_addr                       0x08000379   Thumb Code     8  rt_errno_addr_intlibspace.o(.text)
    __errno$intlibspace                      0x08000379   Thumb Code     0  rt_errno_addr_intlibspace.o(.text)
    __rt_errno_addr$intlibspace              0x08000379   Thumb Code     0  rt_errno_addr_intlibspace.o(.text)
    __user_libspace                          0x08000381   Thumb Code     8  libspace.o(.text)
    __user_perproc_libspace                  0x08000381   Thumb Code     0  libspace.o(.text)
    __user_perthread_libspace                0x08000381   Thumb Code     0  libspace.o(.text)
    __user_setup_stackheap                   0x08000389   Thumb Code    74  sys_stackheap_outer.o(.text)
    exit                                     0x080003d3   Thumb Code    18  exit.o(.text)
    _sys_exit                                0x080003e5   Thumb Code     8  sys_exit.o(.text)
    __I$use$semihosting                      0x080003f1   Thumb Code     0  use_no_semi.o(.text)
    __use_no_semihosting_swi                 0x080003f1   Thumb Code     2  use_no_semi.o(.text)
    __semihosting_library_function           0x080003f3   Thumb Code     0  indicate_semi.o(.text)
    arm_bitreversal_32                       0x080003f5   Thumb Code    64  arm_bitreversal2.o(.text.arm_bitreversal_32)
    arm_cfft_f32                             0x08000435   Thumb Code   224  arm_cfft_f32.o(.text.arm_cfft_f32)
    arm_cfft_radix8by2_f32                   0x08000515   Thumb Code   412  arm_cfft_f32.o(.text.arm_cfft_radix8by2_f32)
    arm_cfft_radix8by4_f32                   0x080006b1   Thumb Code  1062  arm_cfft_f32.o(.text.arm_cfft_radix8by4_f32)
    arm_cmplx_mag_f32                        0x08000ae1   Thumb Code   320  arm_cmplx_mag_f32.o(.text.arm_cmplx_mag_f32)
    arm_max_f32                              0x08000c21   Thumb Code   206  arm_max_f32.o(.text.arm_max_f32)
    arm_radix8_butterfly_f32                 0x08000cf1   Thumb Code  1448  arm_cfft_radix8_f32.o(.text.arm_radix8_butterfly_f32)
    ADCInit                                  0x080012ad   Thumb Code   280  main.o(i.ADCInit)
    FifoGet                                  0x080013cd   Thumb Code    66  fifo.o(i.FifoGet)
    I2C1Init                                 0x08001411   Thumb Code   144  i2c1.o(i.I2C1Init)
    SH1106Init                               0x080014b1   Thumb Code    44  sh1106.o(i.SH1106Init)
    SysTickInit                              0x080014e1   Thumb Code   104  main.o(i.SysTickInit)
    SysTick_Handler                          0x08001555   Thumb Code   124  main.o(i.SysTick_Handler)
    SystemCoreClockUpdate                    0x080015e9   Thumb Code   212  system_stm32l4xx.o(i.SystemCoreClockUpdate)
    SystemInit                               0x080016d5   Thumb Code    68  system_stm32l4xx.o(i.SystemInit)
    USART2_IRQHandler                        0x08001725   Thumb Code    36  uart2.o(i.USART2_IRQHandler)
    __hardfp_log                             0x08001751   Thumb Code   872  log.o(i.__hardfp_log)
    __hardfp_log10                           0x08001b39   Thumb Code   260  log10.o(i.__hardfp_log10)
    __hardfp_sqrtf                           0x08001c69   Thumb Code    58  sqrtf.o(i.__hardfp_sqrtf)
    __kernel_poly                            0x08001ca3   Thumb Code   248  poly.o(i.__kernel_poly)
    __mathlib_dbl_divzero                    0x08001da1   Thumb Code    28  dunder.o(i.__mathlib_dbl_divzero)
    __mathlib_dbl_infnan                     0x08001dd1   Thumb Code    20  dunder.o(i.__mathlib_dbl_infnan)
    __mathlib_dbl_invalid                    0x08001de9   Thumb Code    24  dunder.o(i.__mathlib_dbl_invalid)
    clearBuffer                              0x08001e09   Thumb Code    32  sh1106.o(i.clearBuffer)
    clearScreen                              0x08001e2d   Thumb Code    78  sh1106.o(i.clearScreen)
    clock32MHz                               0x08001e85   Thumb Code    40  main.o(i.clock32MHz)
    drawVLine                                0x08001eb5   Thumb Code   100  sh1106.o(i.drawVLine)
    log                                      0x08001f1d   Thumb Code    16  log.o(i.log)
    main                                     0x08001f2d   Thumb Code   424  main.o(i.main)
    refresh                                  0x080020f5   Thumb Code    58  sh1106.o(i.refresh)
    sendData                                 0x08002139   Thumb Code   104  i2c1.o(i.sendData)
    setColumn                                0x080021a5   Thumb Code    42  sh1106.o(i.setColumn)
    setPage                                  0x080021d5   Thumb Code    28  sh1106.o(i.setPage)
    __aeabi_dneg                             0x080021f5   Thumb Code     0  basic.o(x$fpl$basic)
    _dneg                                    0x080021f5   Thumb Code     6  basic.o(x$fpl$basic)
    __aeabi_fneg                             0x080021fb   Thumb Code     0  basic.o(x$fpl$basic)
    _fneg                                    0x080021fb   Thumb Code     6  basic.o(x$fpl$basic)
    _dabs                                    0x08002201   Thumb Code     6  basic.o(x$fpl$basic)
    _fabs                                    0x08002207   Thumb Code     6  basic.o(x$fpl$basic)
    __aeabi_d2f                              0x0800220d   Thumb Code     0  d2f.o(x$fpl$d2f)
    _d2f                                     0x0800220d   Thumb Code    98  d2f.o(x$fpl$d2f)
    __aeabi_dadd                             0x08002271   Thumb Code     0  daddsub_clz.o(x$fpl$dadd)
    _dadd                                    0x08002271   Thumb Code   332  daddsub_clz.o(x$fpl$dadd)
    __fpl_dcmp_Inf                           0x080023c1   Thumb Code    24  dcmpi.o(x$fpl$dcmpinf)
    __aeabi_ddiv                             0x080023d9   Thumb Code     0  ddiv.o(x$fpl$ddiv)
    _ddiv                                    0x080023d9   Thumb Code   552  ddiv.o(x$fpl$ddiv)
    __aeabi_cdcmpeq                          0x08002689   Thumb Code     0  deqf.o(x$fpl$deqf)
    _dcmpeq                                  0x08002689   Thumb Code   120  deqf.o(x$fpl$deqf)
    __aeabi_i2d                              0x08002701   Thumb Code     0  dflt_clz.o(x$fpl$dflt)
    _dflt                                    0x08002701   Thumb Code    46  dflt_clz.o(x$fpl$dflt)
    __aeabi_dmul                             0x08002731   Thumb Code     0  dmul.o(x$fpl$dmul)
    _dmul                                    0x08002731   Thumb Code   332  dmul.o(x$fpl$dmul)
    __fpl_dnaninf                            0x08002885   Thumb Code   156  dnaninf.o(x$fpl$dnaninf)
    __fpl_dretinf                            0x08002921   Thumb Code    12  dretinf.o(x$fpl$dretinf)
    __aeabi_drsub                            0x0800292d   Thumb Code     0  daddsub_clz.o(x$fpl$drsb)
    _drsb                                    0x0800292d   Thumb Code    22  daddsub_clz.o(x$fpl$drsb)
    __aeabi_dsub                             0x08002945   Thumb Code     0  daddsub_clz.o(x$fpl$dsub)
    _dsub                                    0x08002945   Thumb Code   464  daddsub_clz.o(x$fpl$dsub)
    _fp_init                                 0x08002b19   Thumb Code    10  fpinit.o(x$fpl$fpinit)
    __fplib_config_fpu_vfp                   0x08002b21   Thumb Code     0  fpinit.o(x$fpl$fpinit)
    __fplib_config_pureend_doubles           0x08002b21   Thumb Code     0  fpinit.o(x$fpl$fpinit)
    __fpl_fretinf                            0x08002b23   Thumb Code    10  fretinf.o(x$fpl$fretinf)
    __I$use$fp                               0x08002b2c   Number         0  usenofp.o(x$fpl$usenofp)
    init                                     0x08002b2c   Data          53  sh1106.o(.constdata)
    AHBPrescTable                            0x08002b64   Data          16  system_stm32l4xx.o(.constdata)
    APBPrescTable                            0x08002b74   Data           8  system_stm32l4xx.o(.constdata)
    MSIRangeTable                            0x08002b7c   Data          48  system_stm32l4xx.o(.constdata)
    __mathlib_zero                           0x08002be8   Data           8  qnan.o(.constdata)
    armBitRevIndexTable512                   0x08002bf0   Data         896  arm_common_tables.o(.rodata.armBitRevIndexTable512)
    arm_cfft_sR_f32_len512                   0x08002f70   Data          16  arm_const_structs.o(.rodata.arm_cfft_sR_f32_len512)
    twiddleCoef_512                          0x08002f80   Data        4096  arm_common_tables.o(.rodata.twiddleCoef_512)
    Region$$Table$$Base                      0x08003f80   Number         0  anon$$obj.o(Region$$Table)
    Region$$Table$$Limit                     0x08003fa0   Number         0  anon$$obj.o(Region$$Table)
    dIndex                                   0x20000000   Data           2  main.o(.data)
    SystemCoreClock                          0x20000004   Data           4  system_stm32l4xx.o(.data)
    ADCData                                  0x20000008   Data        4096  main.o(.bss)
    output                                   0x20001008   Data        2048  main.o(.bss)
    prevBar                                  0x20001808   Data         128  main.o(.bss)
    mult                                     0x20001888   Data         512  main.o(.bss)
    screenBuffer                             0x20001a88   Data        1024  sh1106.o(.bss)
    sendBuffer                               0x20001e88   Data         129  sh1106.o(.bss)
    TX                                       0x20001f0c   Data        4100  uart2.o(.bss)
    __libspace_start                         0x20002f10   Data          96  libspace.o(.bss)
    __temporary_stack_top$libspace           0x20002f70   Data           0  libspace.o(.bss)



==============================================================================

Memory Map of the image

  Image Entry point : 0x0800022d

  Load Region LR_1 (Base: 0x08000000, Size: 0x00003fa8, Max: 0xffffffff, ABSOLUTE)

    Execution Region ER_RO (Exec base: 0x08000000, Load base: 0x08000000, Size: 0x00003fa0, Max: 0xffffffff, ABSOLUTE)

    Exec Addr    Load Addr    Size         Type   Attr      Idx    E Section Name        Object

    0x08000000   0x08000000   0x0000018c   Data   RO          286    RESET               startup_stm32l432xx.o
    0x0800018c   0x0800018c   0x00000008   Code   RO          544  * !!!main             c_w.l(__main.o)
    0x08000194   0x08000194   0x00000034   Code   RO          798    !!!scatter          c_w.l(__scatter.o)
    0x080001c8   0x080001c8   0x0000001a   Code   RO          800    !!handler_copy      c_w.l(__scatter_copy.o)
    0x080001e2   0x080001e2   0x00000002   PAD
    0x080001e4   0x080001e4   0x0000001c   Code   RO          802    !!handler_zi        c_w.l(__scatter_zi.o)
    0x08000200   0x08000200   0x00000002   Code   RO          669    .ARM.Collect$$libinit$$00000000  c_w.l(libinit.o)
    0x08000202   0x08000202   0x00000004   Code   RO          674    .ARM.Collect$$libinit$$00000001  c_w.l(libinit2.o)
    0x08000206   0x08000206   0x00000000   Code   RO          677    .ARM.Collect$$libinit$$00000004  c_w.l(libinit2.o)
    0x08000206   0x08000206   0x00000000   Code   RO          680    .ARM.Collect$$libinit$$0000000A  c_w.l(libinit2.o)
    0x08000206   0x08000206   0x00000000   Code   RO          682    .ARM.Collect$$libinit$$0000000C  c_w.l(libinit2.o)
    0x08000206   0x08000206   0x00000000   Code   RO          684    .ARM.Collect$$libinit$$0000000E  c_w.l(libinit2.o)
    0x08000206   0x08000206   0x00000000   Code   RO          687    .ARM.Collect$$libinit$$00000011  c_w.l(libinit2.o)
    0x08000206   0x08000206   0x00000000   Code   RO          689    .ARM.Collect$$libinit$$00000013  c_w.l(libinit2.o)
    0x08000206   0x08000206   0x00000000   Code   RO          691    .ARM.Collect$$libinit$$00000015  c_w.l(libinit2.o)
    0x08000206   0x08000206   0x00000000   Code   RO          693    .ARM.Collect$$libinit$$00000017  c_w.l(libinit2.o)
    0x08000206   0x08000206   0x00000000   Code   RO          695    .ARM.Collect$$libinit$$00000019  c_w.l(libinit2.o)
    0x08000206   0x08000206   0x00000000   Code   RO          697    .ARM.Collect$$libinit$$0000001B  c_w.l(libinit2.o)
    0x08000206   0x08000206   0x00000000   Code   RO          699    .ARM.Collect$$libinit$$0000001D  c_w.l(libinit2.o)
    0x08000206   0x08000206   0x00000000   Code   RO          701    .ARM.Collect$$libinit$$0000001F  c_w.l(libinit2.o)
    0x08000206   0x08000206   0x00000000   Code   RO          703    .ARM.Collect$$libinit$$00000021  c_w.l(libinit2.o)
    0x08000206   0x08000206   0x00000000   Code   RO          705    .ARM.Collect$$libinit$$00000023  c_w.l(libinit2.o)
    0x08000206   0x08000206   0x00000000   Code   RO          707    .ARM.Collect$$libinit$$00000025  c_w.l(libinit2.o)
    0x08000206   0x08000206   0x00000000   Code   RO          711    .ARM.Collect$$libinit$$0000002C  c_w.l(libinit2.o)
    0x08000206   0x08000206   0x00000000   Code   RO          713    .ARM.Collect$$libinit$$0000002E  c_w.l(libinit2.o)
    0x08000206   0x08000206   0x00000000   Code   RO          715    .ARM.Collect$$libinit$$00000030  c_w.l(libinit2.o)
    0x08000206   0x08000206   0x00000000   Code   RO          717    .ARM.Collect$$libinit$$00000032  c_w.l(libinit2.o)
    0x08000206   0x08000206   0x00000002   Code   RO          718    .ARM.Collect$$libinit$$00000033  c_w.l(libinit2.o)
    0x08000208   0x08000208   0x00000002   Code   RO          738    .ARM.Collect$$libshutdown$$00000000  c_w.l(libshutdown.o)
    0x0800020a   0x0800020a   0x00000000   Code   RO          751    .ARM.Collect$$libshutdown$$00000002  c_w.l(libshutdown2.o)
    0x0800020a   0x0800020a   0x00000000   Code   RO          753    .ARM.Collect$$libshutdown$$00000004  c_w.l(libshutdown2.o)
    0x0800020a   0x0800020a   0x00000000   Code   RO          756    .ARM.Collect$$libshutdown$$00000007  c_w.l(libshutdown2.o)
    0x0800020a   0x0800020a   0x00000000   Code   RO          759    .ARM.Collect$$libshutdown$$0000000A  c_w.l(libshutdown2.o)
    0x0800020a   0x0800020a   0x00000000   Code   RO          761    .ARM.Collect$$libshutdown$$0000000C  c_w.l(libshutdown2.o)
    0x0800020a   0x0800020a   0x00000000   Code   RO          764    .ARM.Collect$$libshutdown$$0000000F  c_w.l(libshutdown2.o)
    0x0800020a   0x0800020a   0x00000002   Code   RO          765    .ARM.Collect$$libshutdown$$00000010  c_w.l(libshutdown2.o)
    0x0800020c   0x0800020c   0x00000000   Code   RO          578    .ARM.Collect$$rtentry$$00000000  c_w.l(__rtentry.o)
    0x0800020c   0x0800020c   0x00000000   Code   RO          627    .ARM.Collect$$rtentry$$00000002  c_w.l(__rtentry2.o)
    0x0800020c   0x0800020c   0x00000006   Code   RO          639    .ARM.Collect$$rtentry$$00000004  c_w.l(__rtentry4.o)
    0x08000212   0x08000212   0x00000000   Code   RO          629    .ARM.Collect$$rtentry$$00000009  c_w.l(__rtentry2.o)
    0x08000212   0x08000212   0x00000004   Code   RO          630    .ARM.Collect$$rtentry$$0000000A  c_w.l(__rtentry2.o)
    0x08000216   0x08000216   0x00000000   Code   RO          632    .ARM.Collect$$rtentry$$0000000C  c_w.l(__rtentry2.o)
    0x08000216   0x08000216   0x00000008   Code   RO          633    .ARM.Collect$$rtentry$$0000000D  c_w.l(__rtentry2.o)
    0x0800021e   0x0800021e   0x00000002   Code   RO          672    .ARM.Collect$$rtexit$$00000000  c_w.l(rtexit.o)
    0x08000220   0x08000220   0x00000000   Code   RO          720    .ARM.Collect$$rtexit$$00000002  c_w.l(rtexit2.o)
    0x08000220   0x08000220   0x00000004   Code   RO          721    .ARM.Collect$$rtexit$$00000003  c_w.l(rtexit2.o)
    0x08000224   0x08000224   0x00000006   Code   RO          722    .ARM.Collect$$rtexit$$00000004  c_w.l(rtexit2.o)
    0x0800022a   0x0800022a   0x00000002   PAD
    0x0800022c   0x0800022c   0x00000040   Code   RO          287  * .text               startup_stm32l432xx.o
    0x0800026c   0x0800026c   0x0000008a   Code   RO          540    .text               c_w.l(rt_memcpy_v6.o)
    0x080002f6   0x080002f6   0x00000006   Code   RO          542    .text               c_w.l(heapauxi.o)
    0x080002fc   0x080002fc   0x00000016   Code   RO          579    .text               c_w.l(_rserrno.o)
    0x08000312   0x08000312   0x00000064   Code   RO          581    .text               c_w.l(rt_memcpy_w.o)
    0x08000376   0x08000376   0x00000002   PAD
    0x08000378   0x08000378   0x00000008   Code   RO          644    .text               c_w.l(rt_errno_addr_intlibspace.o)
    0x08000380   0x08000380   0x00000008   Code   RO          657    .text               c_w.l(libspace.o)
    0x08000388   0x08000388   0x0000004a   Code   RO          660    .text               c_w.l(sys_stackheap_outer.o)
    0x080003d2   0x080003d2   0x00000012   Code   RO          662    .text               c_w.l(exit.o)
    0x080003e4   0x080003e4   0x0000000c   Code   RO          730    .text               c_w.l(sys_exit.o)
    0x080003f0   0x080003f0   0x00000002   Code   RO          741    .text               c_w.l(use_no_semi.o)
    0x080003f2   0x080003f2   0x00000000   Code   RO          743    .text               c_w.l(indicate_semi.o)
    0x080003f2   0x080003f2   0x00000002   PAD
    0x080003f4   0x080003f4   0x00000040   Code   RO          427    .text.arm_bitreversal_32  arm_cortexM4lf_math.lib(arm_bitreversal2.o)
    0x08000434   0x08000434   0x000000e0   Code   RO          347    .text.arm_cfft_f32  arm_cortexM4lf_math.lib(arm_cfft_f32.o)
    0x08000514   0x08000514   0x0000019c   Code   RO          343    .text.arm_cfft_radix8by2_f32  arm_cortexM4lf_math.lib(arm_cfft_f32.o)
    0x080006b0   0x080006b0   0x00000430   Code   RO          345    .text.arm_cfft_radix8by4_f32  arm_cortexM4lf_math.lib(arm_cfft_f32.o)
    0x08000ae0   0x08000ae0   0x00000140   Code   RO          332    .text.arm_cmplx_mag_f32  arm_cortexM4lf_math.lib(arm_cmplx_mag_f32.o)
    0x08000c20   0x08000c20   0x000000ce   Code   RO          358    .text.arm_max_f32   arm_cortexM4lf_math.lib(arm_max_f32.o)
    0x08000cee   0x08000cee   0x00000002   PAD
    0x08000cf0   0x08000cf0   0x000005ba   Code   RO          464    .text.arm_radix8_butterfly_f32  arm_cortexM4lf_math.lib(arm_cfft_radix8_f32.o)
    0x080012aa   0x080012aa   0x00000002   PAD
    0x080012ac   0x080012ac   0x00000120   Code   RO            4    i.ADCInit           main.o
    0x080013cc   0x080013cc   0x00000042   Code   RO          116    i.FifoGet           fifo.o
    0x0800140e   0x0800140e   0x00000002   PAD
    0x08001410   0x08001410   0x000000a0   Code   RO          146    i.I2C1Init          i2c1.o
    0x080014b0   0x080014b0   0x00000030   Code   RO          180    i.SH1106Init        sh1106.o
    0x080014e0   0x080014e0   0x00000074   Code   RO            5    i.SysTickInit       main.o
    0x08001554   0x08001554   0x00000094   Code   RO            6    i.SysTick_Handler   main.o
    0x080015e8   0x080015e8   0x000000ec   Code   RO          294    i.SystemCoreClockUpdate  system_stm32l4xx.o
    0x080016d4   0x080016d4   0x00000050   Code   RO          295    i.SystemInit        system_stm32l4xx.o
    0x08001724   0x08001724   0x0000002c   Code   RO          244    i.USART2_IRQHandler  uart2.o
    0x08001750   0x08001750   0x000003e8   Code   RO          612    i.__hardfp_log      m_wm.l(log.o)
    0x08001b38   0x08001b38   0x00000130   Code   RO          554    i.__hardfp_log10    m_wm.l(log10.o)
    0x08001c68   0x08001c68   0x0000003a   Code   RO          566    i.__hardfp_sqrtf    m_wm.l(sqrtf.o)
    0x08001ca2   0x08001ca2   0x000000f8   Code   RO          654    i.__kernel_poly     m_wm.l(poly.o)
    0x08001d9a   0x08001d9a   0x00000006   PAD
    0x08001da0   0x08001da0   0x00000030   Code   RO          598    i.__mathlib_dbl_divzero  m_wm.l(dunder.o)
    0x08001dd0   0x08001dd0   0x00000014   Code   RO          599    i.__mathlib_dbl_infnan  m_wm.l(dunder.o)
    0x08001de4   0x08001de4   0x00000004   PAD
    0x08001de8   0x08001de8   0x00000020   Code   RO          601    i.__mathlib_dbl_invalid  m_wm.l(dunder.o)
    0x08001e08   0x08001e08   0x00000024   Code   RO          181    i.clearBuffer       sh1106.o
    0x08001e2c   0x08001e2c   0x00000058   Code   RO          182    i.clearScreen       sh1106.o
    0x08001e84   0x08001e84   0x00000030   Code   RO            7    i.clock32MHz        main.o
    0x08001eb4   0x08001eb4   0x00000068   Code   RO          183    i.drawVLine         sh1106.o
    0x08001f1c   0x08001f1c   0x00000010   Code   RO          614    i.log               m_wm.l(log.o)
    0x08001f2c   0x08001f2c   0x000001c8   Code   RO            8    i.main              main.o
    0x080020f4   0x080020f4   0x00000044   Code   RO          184    i.refresh           sh1106.o
    0x08002138   0x08002138   0x0000006c   Code   RO          147    i.sendData          i2c1.o
    0x080021a4   0x080021a4   0x00000030   Code   RO          185    i.setColumn         sh1106.o
    0x080021d4   0x080021d4   0x00000020   Code   RO          187    i.setPage           sh1106.o
    0x080021f4   0x080021f4   0x00000018   Code   RO          583    x$fpl$basic         fz_wm.l(basic.o)
    0x0800220c   0x0800220c   0x00000062   Code   RO          546    x$fpl$d2f           fz_wm.l(d2f.o)
    0x0800226e   0x0800226e   0x00000002   PAD
    0x08002270   0x08002270   0x00000150   Code   RO          585    x$fpl$dadd          fz_wm.l(daddsub_clz.o)
    0x080023c0   0x080023c0   0x00000018   Code   RO          670    x$fpl$dcmpinf       fz_wm.l(dcmpi.o)
    0x080023d8   0x080023d8   0x000002b0   Code   RO          647    x$fpl$ddiv          fz_wm.l(ddiv.o)
    0x08002688   0x08002688   0x00000078   Code   RO          650    x$fpl$deqf          fz_wm.l(deqf.o)
    0x08002700   0x08002700   0x0000002e   Code   RO          549    x$fpl$dflt          fz_wm.l(dflt_clz.o)
    0x0800272e   0x0800272e   0x00000002   PAD
    0x08002730   0x08002730   0x00000154   Code   RO          591    x$fpl$dmul          fz_wm.l(dmul.o)
    0x08002884   0x08002884   0x0000009c   Code   RO          593    x$fpl$dnaninf       fz_wm.l(dnaninf.o)
    0x08002920   0x08002920   0x0000000c   Code   RO          652    x$fpl$dretinf       fz_wm.l(dretinf.o)
    0x0800292c   0x0800292c   0x00000016   Code   RO          586    x$fpl$drsb          fz_wm.l(daddsub_clz.o)
    0x08002942   0x08002942   0x00000002   PAD
    0x08002944   0x08002944   0x000001d4   Code   RO          587    x$fpl$dsub          fz_wm.l(daddsub_clz.o)
    0x08002b18   0x08002b18   0x0000000a   Code   RO          728    x$fpl$fpinit        fz_wm.l(fpinit.o)
    0x08002b22   0x08002b22   0x0000000a   Code   RO          595    x$fpl$fretinf       fz_wm.l(fretinf.o)
    0x08002b2c   0x08002b2c   0x00000000   Code   RO          597    x$fpl$usenofp       fz_wm.l(usenofp.o)
    0x08002b2c   0x08002b2c   0x00000035   Data   RO          189    .constdata          sh1106.o
    0x08002b61   0x08002b61   0x00000003   PAD
    0x08002b64   0x08002b64   0x00000048   Data   RO          296    .constdata          system_stm32l4xx.o
    0x08002bac   0x08002bac   0x00000004   PAD
    0x08002bb0   0x08002bb0   0x00000038   Data   RO          615    .constdata          m_wm.l(log.o)
    0x08002be8   0x08002be8   0x00000008   Data   RO          656    .constdata          m_wm.l(qnan.o)
    0x08002bf0   0x08002bf0   0x00000380   Data   RO          509    .rodata.armBitRevIndexTable512  arm_cortexM4lf_math.lib(arm_common_tables.o)
    0x08002f70   0x08002f70   0x00000010   Data   RO          373    .rodata.arm_cfft_sR_f32_len512  arm_cortexM4lf_math.lib(arm_const_structs.o)
    0x08002f80   0x08002f80   0x00001000   Data   RO          480    .rodata.twiddleCoef_512  arm_cortexM4lf_math.lib(arm_common_tables.o)
    0x08003f80   0x08003f80   0x00000020   Data   RO          796    Region$$Table       anon$$obj.o


    Execution Region ER_RW (Exec base: 0x20000000, Load base: 0x08003fa0, Size: 0x00000008, Max: 0xffffffff, ABSOLUTE)

    Exec Addr    Load Addr    Size         Type   Attr      Idx    E Section Name        Object

    0x20000000   0x08003fa0   0x00000002   Data   RW           10    .data               main.o
    0x20000002   0x08003fa2   0x00000002   PAD
    0x20000004   0x08003fa4   0x00000004   Data   RW          297    .data               system_stm32l4xx.o


    Execution Region ER_ZI (Exec base: 0x20000008, Load base: 0x08003fa8, Size: 0x00003568, Max: 0xffffffff, ABSOLUTE)

    Exec Addr    Load Addr    Size         Type   Attr      Idx    E Section Name        Object

    0x20000008        -       0x00001a80   Zero   RW            9    .bss                main.o
    0x20001a88        -       0x00000481   Zero   RW          188    .bss                sh1106.o
    0x20001f09   0x08003fa8   0x00000003   PAD
    0x20001f0c        -       0x00001004   Zero   RW          247    .bss                uart2.o
    0x20002f10        -       0x00000060   Zero   RW          658    .bss                c_w.l(libspace.o)
    0x20002f70        -       0x00000200   Zero   RW          285    HEAP                startup_stm32l432xx.o
    0x20003170        -       0x00000400   Zero   RW          284    STACK               startup_stm32l432xx.o


==============================================================================

Image component sizes


      Code (inc. data)   RO Data    RW Data    ZI Data      Debug   Object Name

        66          0          0          0          0       1374   fifo.o
       268         20          0          0          0       1554   i2c1.o
      1056         84          0          2       6784     559110   main.o
       424         42         53          0       1153       4920   sh1106.o
        64         26        396          0       1536        896   startup_stm32l432xx.o
       316         36         72          4          0       2453   system_stm32l4xx.o
        44          8          0          0       4100        725   uart2.o

    ----------------------------------------------------------------------
      2240        216        560          8      13576     571032   Object Totals
         0          0         32          0          0          0   (incl. Generated)
         2          0          7          2          3          0   (incl. Padding)

    ----------------------------------------------------------------------

      Code (inc. data)   RO Data    RW Data    ZI Data      Debug   Library Member Name

        64          0          0          0          0       1220   arm_bitreversal2.o
      1708          0          0          0          0       6291   arm_cfft_f32.o
      1466          8          0          0          0       5159   arm_cfft_radix8_f32.o
       320          0          0          0          0       2010   arm_cmplx_mag_f32.o
         0          0       4992          0          0       3698   arm_common_tables.o
         0          0         16          0          0       3827   arm_const_structs.o
       206          0          0          0          0       1176   arm_max_f32.o
         8          0          0          0          0         68   __main.o
         0          0          0          0          0          0   __rtentry.o
        12          0          0          0          0          0   __rtentry2.o
         6          0          0          0          0          0   __rtentry4.o
        52          8          0          0          0          0   __scatter.o
        26          0          0          0          0          0   __scatter_copy.o
        28          0          0          0          0          0   __scatter_zi.o
        22          0          0          0          0        100   _rserrno.o
        18          0          0          0          0         80   exit.o
         6          0          0          0          0        152   heapauxi.o
         0          0          0          0          0          0   indicate_semi.o
         2          0          0          0          0          0   libinit.o
         6          0          0          0          0          0   libinit2.o
         2          0          0          0          0          0   libshutdown.o
         2          0          0          0          0          0   libshutdown2.o
         8          4          0          0         96         68   libspace.o
         8          4          0          0          0         68   rt_errno_addr_intlibspace.o
       138          0          0          0          0         68   rt_memcpy_v6.o
       100          0          0          0          0         80   rt_memcpy_w.o
         2          0          0          0          0          0   rtexit.o
        10          0          0          0          0          0   rtexit2.o
        12          4          0          0          0         68   sys_exit.o
        74          0          0          0          0         80   sys_stackheap_outer.o
         2          0          0          0          0         68   use_no_semi.o
        24          0          0          0          0        164   basic.o
        98          4          0          0          0        140   d2f.o
       826         16          0          0          0        492   daddsub_clz.o
        24          0          0          0          0        116   dcmpi.o
       688        140          0          0          0        256   ddiv.o
       120          4          0          0          0        140   deqf.o
        46          0          0          0          0        116   dflt_clz.o
       340         12          0          0          0        152   dmul.o
       156          4          0          0          0        140   dnaninf.o
        12          0          0          0          0        116   dretinf.o
        10          0          0          0          0        116   fpinit.o
        10          0          0          0          0        116   fretinf.o
         0          0          0          0          0          0   usenofp.o
       100         28          0          0          0        372   dunder.o
      1016         92         56          0          0        440   log.o
       304         44          0          0          0        200   log10.o
       248          0          0          0          0        152   poly.o
         0          0          8          0          0          0   qnan.o
        58          0          0          0          0        136   sqrtf.o

    ----------------------------------------------------------------------
      8416        372       5072          0         96      27645   Library Totals
        28          0          0          0          0          0   (incl. Padding)

    ----------------------------------------------------------------------

      Code (inc. data)   RO Data    RW Data    ZI Data      Debug   Library Name

      3764          8       5008          0          0      23381   arm_cortexM4lf_math.lib
       544         20          0          0         96        900   c_w.l
      2354        180          0          0          0       2064   fz_wm.l
      1726        164         64          0          0       1300   m_wm.l

    ----------------------------------------------------------------------
      8416        372       5072          0         96      27645   Library Totals

    ----------------------------------------------------------------------

==============================================================================


      Code (inc. data)   RO Data    RW Data    ZI Data      Debug   

     10656        588       5632          8      13672     594749   Grand Totals
     10656        588       5632          8      13672     594749   ELF Image Totals
     10656        588       5632          8          0          0   ROM Totals

==============================================================================

    Total RO  Size (Code + RO Data)                16288 (  15.91kB)
    Total RW  Size (RW Data + ZI Data)             13680 (  13.36kB)
    Total ROM Size (Code + RO Data + RW Data)      16296 (  15.91kB)

==============================================================================

