<html>
<body>
<pre>
<h1>µVision Build Log</h1>
<h2>Tool Versions:</h2>
IDE-Version: µVision V5.31.0.0
Copyright (C) 2020 ARM Ltd and ARM Germany GmbH. All rights reserved.
License Information: awdawd wdawdawd, awdadawd, LIC=2TTFV-8QIWB-9GKXS-4BLS0-YXSRG-4KU7E
 
Tool Versions:
Toolchain:       MDK-ARM Professional  Version: 5.31.0.0
Toolchain Path:  D:\Keil_v5\ARM\ARMCLANG\Bin
C Compiler:      ArmClang.exe V6.14
Assembler:       Armasm.exe V6.14
Linker/Locator:  ArmLink.exe V6.14
Library Manager: ArmAr.exe V6.14
Hex Converter:   FromElf.exe V6.14
CPU DLL:         SARMCM3.DLL V5.31.0.0
Dialog DLL:      DCM.DLL V1.17.3.0
Target DLL:      STLink\ST-LINKIII-KEIL_SWO.dll V3.0.7.0
Dialog DLL:      TCM.DLL V1.46.0.0
 
<h2>Project:</h2>
C:\Users\mithi\Desktop\personalProjects\Microcontroller\ARM\STM32\UartRelayASM\UartRelayASM.uvprojx
Project File Date:  10/29/2020

<h2>Output:</h2>
*** Using Compiler 'V6.14', folder: 'D:\Keil_v5\ARM\ARMCLANG\Bin'
Rebuild target 'Target 1'
Note: source file '.\main.c' - object file renamed from '.\Objects\main.o' to '.\Objects\main_1.o'.
"uart.s", line 33: Warning: A1581W: Added 1 bytes of padding at address 0x7
   33 00000008  LDR R0, =DFifo
"uart.s", line 233: Warning: A1581W: Added 2 bytes of padding at address 0x18a
  233 0000018c  END
0 Errors, 2 Warnings
assembling uart.s...
assembling fifo.s...
assembling startup_stm32l432xx.s...
compiling system_stm32l4xx.c...
main.c(7): warning: no previous extern declaration for non-static variable 'HFifo' [-Wmissing-variable-declarations]
Fifo_t HFifo;
       ^
main.c(7): note: declare 'static' if the variable is not intended to be used outside of this translation unit
Fifo_t HFifo;
^
main.c(8): warning: no previous extern declaration for non-static variable 'DFifo' [-Wmissing-variable-declarations]
Fifo_t DFifo;
       ^
main.c(8): note: declare 'static' if the variable is not intended to be used outside of this translation unit
Fifo_t DFifo;
^
2 warnings generated.
compiling main.c...
linking...
Program Size: Code=1250 RO-data=494 RW-data=4 ZI-data=3688  
FromELF: creating hex file...
".\Objects\UartRelayASM.axf" - 0 Error(s), 2 Warning(s).

<h2>Software Packages used:</h2>

Package Vendor: ARM
                http://www.keil.com/pack/ARM.CMSIS.5.7.0.pack
                ARM.CMSIS.5.7.0
                CMSIS (Cortex Microcontroller Software Interface Standard)
   * Component: CORE Version: 5.4.0

Package Vendor: Keil
                http://www.keil.com/pack/Keil.STM32L4xx_DFP.2.4.0.pack
                Keil.STM32L4xx_DFP.2.4.0
                STMicroelectronics STM32L4 Series Device Support, Drivers and Examples
   * Component: Startup Version: 1.3.1

<h2>Collection of Component include folders:</h2>
  .\RTE\_Target_1
  D:\Keil_v5\Packs\ARM\CMSIS\5.7.0\CMSIS\Core\Include
  D:\Keil_v5\Packs\Keil\STM32L4xx_DFP\2.4.0\Drivers\CMSIS\Device\ST\STM32L4xx\Include

<h2>Collection of Component Files used:</h2>

   * Component: ARM::CMSIS:CORE:5.4.0

   * Component: Keil::Device:Startup:1.3.1
      Include file:  Drivers\CMSIS\Device\ST\STM32L4xx\Include\stm32l4xx.h
      Source file:   MDK\Device\Source\ARM\STM32L4xx_SB_OPT.s
      Source file:   Drivers\CMSIS\Device\ST\STM32L4xx\Source\Templates\system_stm32l4xx.c
      Source file:   Drivers\CMSIS\Device\ST\STM32L4xx\Source\Templates\arm\startup_stm32l432xx.s
Build Time Elapsed:  00:00:01
</pre>
</body>
</html>
