<html>
<body>
<pre>
<h1>µVision Build Log</h1>
<h2>Tool Versions:</h2>
IDE-Version: µVision V5.31.0.0
Copyright (C) 2020 ARM Ltd and ARM Germany GmbH. All rights reserved.
License Information: ad awd, awd, LIC=----
 
Tool Versions:
Toolchain:       MDK-Lite  Version: 5.31.0.0
Toolchain Path:  C:\Keil_v5\ARM\ARMCLANG\Bin
C Compiler:      ArmClang.exe V6.14
Assembler:       Armasm.exe V6.14
Linker/Locator:  ArmLink.exe V6.14
Library Manager: ArmAr.exe V6.14
Hex Converter:   FromElf.exe V6.14
CPU DLL:         SARMCM3.DLL V5.31.0.0
Dialog DLL:      DCM.DLL V1.17.3.0
Target DLL:      STLink\ST-LINKIII-KEIL_SWO.dll V3.0.7.0
Dialog DLL:      TCM.DLL V1.46.0.0
 
<h2>Project:</h2>
C:\Users\mithi_000\Desktop\personalProjects\Microcontroller\ARM\STM32\UartRelay\UartRelay.uvprojx
Project File Date:  08/07/2020

<h2>Output:</h2>
*** Using Compiler 'V6.14', folder: 'C:\Keil_v5\ARM\ARMCLANG\Bin'
Rebuild target 'Target 1'
ArmClang: warning: Unknown CUDA version 11.0. Assuming the latest supported version 10.1 [-Wunknown-cuda-version]
assembling startup_stm32l432xx.s...
ArmClang: warning: Unknown CUDA version 11.0. Assuming the latest supported version 10.1 [-Wunknown-cuda-version]
compiling system_stm32l4xx.c...
ArmClang: warning: Unknown CUDA version 11.0. Assuming the latest supported version 10.1 [-Wunknown-cuda-version]
FIFO.c(12): warning: implicit conversion changes signedness: 'int32_t' (aka 'int') to 'uint32_t' (aka 'unsigned int') [-Wsign-conversion]
        *get = in->data[in->getIndex];
             ~ ^~~~~~~~~~~~~~~~~~~~~~
FIFO.c(21): warning: implicit conversion changes signedness: 'uint32_t' (aka 'unsigned int') to 'int32_t' (aka 'int') [-Wsign-conversion]
        in->data[in->putIndex] = put;
                               ~ ^~~
2 warnings generated.
compiling FIFO.c...
ArmClang: warning: Unknown CUDA version 11.0. Assuming the latest supported version 10.1 [-Wunknown-cuda-version]
main.c(19): warning: no previous prototype for function 'USART2_IRQHandler' [-Wmissing-prototypes]
void USART2_IRQHandler(void){
     ^
main.c(19): note: declare 'static' if the function is not intended to be used outside of this translation unit
void USART2_IRQHandler(void){
^
static 
main.c(24): warning: no previous prototype for function 'USART1_IRQHandler' [-Wmissing-prototypes]
void USART1_IRQHandler(void){
     ^
main.c(24): note: declare 'static' if the function is not intended to be used outside of this translation unit
void USART1_IRQHandler(void){
^
static 
main.c(63): warning: 'return' will never be executed [-Wunreachable-code-return]
        return 0;
               ^
3 warnings generated.
compiling main.c...
linking...
Program Size: Code=1306 RO-data=494 RW-data=4 ZI-data=9832  
FromELF: creating hex file...
".\Objects\UartRelay.axf" - 0 Error(s), 9 Warning(s).

<h2>Software Packages used:</h2>

Package Vendor: ARM
                http://www.keil.com/pack/ARM.CMSIS.5.7.0.pack
                ARM.CMSIS.5.7.0
                CMSIS (Cortex Microcontroller Software Interface Standard)
   * Component: CORE Version: 5.4.0

Package Vendor: Keil
                https://www.keil.com/pack/Keil.STM32L4xx_DFP.2.4.0.pack
                Keil.STM32L4xx_DFP.2.4.0
                STMicroelectronics STM32L4 Series Device Support, Drivers and Examples
   * Component: Startup Version: 1.3.1

<h2>Collection of Component include folders:</h2>
  .\RTE\_Target_1
  C:\Users\mithi_000\AppData\Local\Arm\Packs\ARM\CMSIS\5.7.0\CMSIS\Core\Include
  C:\Users\mithi_000\AppData\Local\Arm\Packs\Keil\STM32L4xx_DFP\2.4.0\Drivers\CMSIS\Device\ST\STM32L4xx\Include

<h2>Collection of Component Files used:</h2>

   * Component: ARM::CMSIS:CORE:5.4.0

   * Component: Keil::Device:Startup:1.3.1
      Source file:   MDK\Device\Source\ARM\STM32L4xx_SB_OPT.s
      Include file:  Drivers\CMSIS\Device\ST\STM32L4xx\Include\stm32l4xx.h
      Source file:   Drivers\CMSIS\Device\ST\STM32L4xx\Source\Templates\arm\startup_stm32l432xx.s
      Source file:   Drivers\CMSIS\Device\ST\STM32L4xx\Source\Templates\system_stm32l4xx.c
Build Time Elapsed:  00:00:02
</pre>
</body>
</html>
